Component: ARM Compiler 5.06 update 6 (build 750) Tool: armlink [4d35ed]

==============================================================================

Section Cross References

    main.o(i.AppTaskCreate) refers to os_task.o(i.OSTaskCreate) for OSTaskCreate
    main.o(i.AppTaskCreate) refers to main.o(.bss) for AppTaskCardStk
    main.o(i.AppTaskCreate) refers to read_nuid.o(i.AppTaskCard) for AppTaskCard
    main.o(i.AppTaskCreate) refers to chtask.o(i.AppTaskCharge) for AppTaskCharge
    main.o(i.AppTaskCreate) refers to dwin_com_pro.o(i.AppTaskDwin) for AppTaskDwin
    main.o(i.AppTaskCreate) refers to 4gmain.o(i.AppTask4GMain) for AppTask4GMain
    main.o(i.AppTaskCreate) refers to 4grecv.o(i.AppTask4GRecv) for AppTask4GRecv
    main.o(i.AppTaskCreate) refers to 4gsend.o(i.AppTask4GSend) for AppTask4GSend
    main.o(i.AppTaskStart) refers to bsp.o(i.BSP_Init) for BSP_Init
    main.o(i.AppTaskStart) refers to cpu_core.o(i.CPU_Init) for CPU_Init
    main.o(i.AppTaskStart) refers to bsp.o(i.BSP_CPU_ClkFreq) for BSP_CPU_ClkFreq
    main.o(i.AppTaskStart) refers to os_cpu_c.o(i.OS_CPU_SysTickInit) for OS_CPU_SysTickInit
    main.o(i.AppTaskStart) refers to os_stat.o(i.OSStatTaskCPUUsageInit) for OSStatTaskCPUUsageInit
    main.o(i.AppTaskStart) refers to spi_flash.o(i.Spi_Flash_Io_Init) for Spi_Flash_Io_Init
    main.o(i.AppTaskStart) refers to spi_flash.o(i.FLASH_Init) for FLASH_Init
    main.o(i.AppTaskStart) refers to ertc.o(i.ertc) for ertc
    main.o(i.AppTaskStart) refers to hlw8112-spi.o(i.Init_HLW8112) for Init_HLW8112
    main.o(i.AppTaskStart) refers to printfa.o(i.__0printf) for __2printf
    main.o(i.AppTaskStart) refers to delay.o(i.delay_init) for delay_init
    main.o(i.AppTaskStart) refers to device.o(i.Mcu_Io_Init) for Mcu_Io_Init
    main.o(i.AppTaskStart) refers to timer.o(i.TIM3_Int_Init) for TIM3_Int_Init
    main.o(i.AppTaskStart) refers to main.o(i.AppTaskCreate) for AppTaskCreate
    main.o(i.AppTaskStart) refers to main.o(i.IWDG_Config) for IWDG_Config
    main.o(i.AppTaskStart) refers to at32f4xx_iwdg.o(i.IWDG_ReloadCounter) for IWDG_ReloadCounter
    main.o(i.AppTaskStart) refers to os_time.o(i.OSTimeDly) for OSTimeDly
    main.o(i.AppTaskStart) refers to ertc.o(i.ERTC_TimeShow) for ERTC_TimeShow
    main.o(i.AppTaskStart) refers to os_cfg_app.o(.constdata) for OSCfg_TickRate_Hz
    main.o(i.AppTaskStart) refers to main.o(.data) for Unique_ID1
    main.o(i.AppTaskStart) refers to read_nuid.o(.bss) for m1_card_info
    main.o(i.AppTaskStart) refers to main.o(.bss) for task_cnt
    main.o(i.AppTaskStart) refers to ertc.o(.data) for ERTC_DateStructure
    main.o(i.IWDG_Config) refers to at32f4xx_iwdg.o(i.IWDG_KeyRegWrite) for IWDG_KeyRegWrite
    main.o(i.IWDG_Config) refers to at32f4xx_iwdg.o(i.IWDG_SetPrescaler) for IWDG_SetPrescaler
    main.o(i.IWDG_Config) refers to at32f4xx_iwdg.o(i.IWDG_SetReload) for IWDG_SetReload
    main.o(i.IWDG_Config) refers to at32f4xx_iwdg.o(i.IWDG_ReloadCounter) for IWDG_ReloadCounter
    main.o(i.IWDG_Config) refers to at32f4xx_iwdg.o(i.IWDG_Enable) for IWDG_Enable
    main.o(i.IWDG_Feed) refers to at32f4xx_iwdg.o(i.IWDG_ReloadCounter) for IWDG_ReloadCounter
    main.o(i.JumpToProgramCode) refers to main.o(.data) for JumpAddress
    main.o(i.main) refers to os_core.o(i.OSInit) for OSInit
    main.o(i.main) refers to os_task.o(i.OSTaskCreate) for OSTaskCreate
    main.o(i.main) refers to os_core.o(i.OSStart) for OSStart
    main.o(i.main) refers to main.o(.bss) for AppTaskStartStk
    main.o(i.main) refers to main.o(i.AppTaskStart) for AppTaskStart
    system_at32f4xx.o(i.SetSysClock) refers to system_at32f4xx.o(i.SetSysClockTo144M) for SetSysClockTo144M
    system_at32f4xx.o(i.SetSysClockTo144M) refers to at32f4xx_rcc.o(i.RCC_PLLFrefTableConfig) for RCC_PLLFrefTableConfig
    system_at32f4xx.o(i.SetSysClockTo144M) refers to at32f4xx_rcc.o(i.RCC_StepModeCmd) for RCC_StepModeCmd
    system_at32f4xx.o(i.SystemCoreClockUpdate) refers to system_at32f4xx.o(.data) for SystemCoreClock
    system_at32f4xx.o(i.SystemInit) refers to at32f4xx_rcc.o(i.RCC_APB1PeriphClockCmd) for RCC_APB1PeriphClockCmd
    system_at32f4xx.o(i.SystemInit) refers to system_at32f4xx.o(i.SetSysClock) for SetSysClock
    startup_at32f415cbt7.o(RESET) refers to startup_at32f415cbt7.o(STACK) for __initial_sp
    startup_at32f415cbt7.o(RESET) refers to startup_at32f415cbt7.o(.text) for Reset_Handler
    startup_at32f415cbt7.o(RESET) refers to at32f4xx_it.o(i.NMI_Handler) for NMI_Handler
    startup_at32f415cbt7.o(RESET) refers to at32f4xx_it.o(i.HardFault_Handler) for HardFault_Handler
    startup_at32f415cbt7.o(RESET) refers to at32f4xx_it.o(i.MemManage_Handler) for MemManage_Handler
    startup_at32f415cbt7.o(RESET) refers to at32f4xx_it.o(i.BusFault_Handler) for BusFault_Handler
    startup_at32f415cbt7.o(RESET) refers to at32f4xx_it.o(i.UsageFault_Handler) for UsageFault_Handler
    startup_at32f415cbt7.o(RESET) refers to at32f4xx_it.o(i.DebugMon_Handler) for DebugMon_Handler
[...]
    RecvHYCmd7                               0x20005dbe   Data          63  hyframe.o(.bss)
    RecvHYCmd201                             0x20005dfd   Data          33  hyframe.o(.bss)
    RecvHYCmd107                             0x20005e1e   Data          21  hyframe.o(.bss)
    RecvHYCmd117                             0x20005e33   Data          21  hyframe.o(.bss)
    RecvHYCmd1309                            0x20005e48   Data          96  hyframe.o(.bss)
    RecvHYCmd33                              0x20005ea8   Data          23  hyframe.o(.bss)
    RecvHYCmd1101                            0x20005ebf   Data         148  hyframe.o(.bss)
    SIM7600CmdState                          0x2000605d   Data          17  modulea7680c.o(.bss)
    m1_card_info                             0x20006070   Data          71  read_nuid.o(.bss)
    M1Control                                0x200060b8   Data          12  read_nuid.o(.bss)
    Card_ID                                  0x200060c4   Data          10  read_nuid.o(.bss)
    dSectorBuffer                            0x200060ec   Data        4096  spi_flash.o(.bss)
    RECODECONTROL                            0x200070ec   Data         372  dwin_com_pro.o(.bss)
    Recorddisplay_info                       0x20007260   Data         120  dwin_com_pro.o(.bss)
    contrast_CardNum                         0x200072d8   Data         120  dwin_com_pro.o(.bss)
    RecordInfo                               0x20007350   Data         120  dwin_com_pro.o(.bss)
    SaveRecordinfo                           0x200073c8   Data         120  dwin_com_pro.o(.bss)
    ChargeInfo                               0x20007440   Data          12  dwin_com_pro.o(.bss)
    DisSysConfigInfo                         0x2000744c   Data          37  dwin_com_pro.o(.bss)
    Billbuf                                  0x20007471   Data         200  dwin_com_pro.o(.bss)
    stChRate                                 0x20007539   Data          81  dwin_com_pro.o(.bss)
    stChRateA                                0x2000758a   Data          81  dwin_com_pro.o(.bss)
    stChRateB                                0x200075db   Data          81  dwin_com_pro.o(.bss)
    DwinMq                                   0x2000762c   Data          48  dwin_com_pro.o(.bss)
    dlt645_info                              0x200077bc   Data          16  dlt645_port.o(.bss)
    __initial_sp                             0x20007bd0   Data           0  startup_at32f415cbt7.o(STACK)



==============================================================================

Memory Map of the image

  Image Entry point : 0x08000171

  Load Region LR_IROM1 (Base: 0x08000000, Size: 0x00013680, Max: 0x00016800, ABSOLUTE, COMPRESSED[0x000131e8])

    Execution Region ER_IROM1 (Exec base: 0x08000000, Load base: 0x08000000, Size: 0x00012ff4, Max: 0x00016800, ABSOLUTE)

    Exec Addr    Load Addr    Size         Type   Attr      Idx    E Section Name        Object

    0x08000000   0x08000000   0x00000170   Data   RO          405    RESET               startup_at32f415cbt7.o
    0x08000170   0x08000170   0x00000000   Code   RO         9455  * .ARM.Collect$$$$00000000  mc_w.l(entry.o)
    0x08000170   0x08000170   0x00000004   Code   RO         9765    .ARM.Collect$$$$00000001  mc_w.l(entry2.o)
    0x08000174   0x08000174   0x00000004   Code   RO         9768    .ARM.Collect$$$$00000004  mc_w.l(entry5.o)
    0x08000178   0x08000178   0x00000000   Code   RO         9770    .ARM.Collect$$$$00000008  mc_w.l(entry7b.o)
    0x08000178   0x08000178   0x00000000   Code   RO         9772    .ARM.Collect$$$$0000000A  mc_w.l(entry8b.o)
    0x08000178   0x08000178   0x00000008   Code   RO         9773    .ARM.Collect$$$$0000000B  mc_w.l(entry9a.o)
    0x08000180   0x08000180   0x00000000   Code   RO         9775    .ARM.Collect$$$$0000000D  mc_w.l(entry10a.o)
    0x08000180   0x08000180   0x00000000   Code   RO         9777    .ARM.Collect$$$$0000000F  mc_w.l(entry11a.o)
    0x08000180   0x08000180   0x00000004   Code   RO         9766    .ARM.Collect$$$$00002712  mc_w.l(entry2.o)
    0x08000184   0x08000184   0x00000024   Code   RO          406    .text               startup_at32f415cbt7.o
    0x080001a8   0x080001a8   0x00000034   Code   RO         4692    .text               cpu_a.o
    0x080001dc   0x080001dc   0x00000062   Code   RO         9458    .text               mc_w.l(uldiv.o)
    0x0800023e   0x0800023e   0x00000024   Code   RO         9460    .text               mc_w.l(memcpya.o)
    0x08000262   0x08000262   0x00000024   Code   RO         9462    .text               mc_w.l(memseta.o)
    0x08000286   0x08000286   0x00000024   Code   RO         9464    .text               mc_w.l(strstr.o)
    0x080002aa   0x080002aa   0x0000000e   Code   RO         9466    .text               mc_w.l(strlen.o)
    0x080002b8   0x080002b8   0x0000001e   Code   RO         9468    .text               mc_w.l(strncmp.o)
    0x080002d6   0x080002d6   0x00000002   PAD
    0x080002d8   0x080002d8   0x00000044   Code   RO         9470    .text               mc_w.l(strtok.o)
    0x0800031c   0x0800031c   0x0000001a   Code   RO         9739    .text               mc_w.l(atoi.o)
    0x08000336   0x08000336   0x000000b0   Code   RO         9741    .text               mf_w.l(fadd.o)
    0x080003e6   0x080003e6   0x00000064   Code   RO         9743    .text               mf_w.l(fmul.o)
    0x0800044a   0x0800044a   0x0000007c   Code   RO         9745    .text               mf_w.l(fdiv.o)
    0x080004c6   0x080004c6   0x000000e4   Code   RO         9747    .text               mf_w.l(dmul.o)
    0x080005aa   0x080005aa   0x0000000a   Code   RO         9749    .text               mf_w.l(ffltui.o)
    0x080005b4   0x080005b4   0x00000028   Code   RO         9751    .text               mf_w.l(ffixui.o)
    0x080005dc   0x080005dc   0x00000026   Code   RO         9753    .text               mf_w.l(f2d.o)
    0x08000602   0x08000602   0x00000002   PAD
    0x08000604   0x08000604   0x00000030   Code   RO         9755    .text               mf_w.l(cdcmple.o)
    0x08000634   0x08000634   0x00000030   Code   RO         9757    .text               mf_w.l(cdrcmple.o)
    0x08000664   0x08000664   0x00000038   Code   RO         9759    .text               mf_w.l(d2f.o)
    0x0800069c   0x0800069c   0x00000014   Code   RO         9761    .text               mf_w.l(cfcmple.o)
    0x080006b0   0x080006b0   0x00000014   Code   RO         9763    .text               mf_w.l(cfrcmple.o)
    0x080006c4   0x080006c4   0x0000002c   Code   RO         9779    .text               mc_w.l(uidiv.o)
    0x080006f0   0x080006f0   0x0000001e   Code   RO         9781    .text               mc_w.l(llshl.o)
    0x0800070e   0x0800070e   0x00000020   Code   RO         9783    .text               mc_w.l(llushr.o)
    0x0800072e   0x0800072e   0x00000070   Code   RO         9792    .text               mc_w.l(strtol.o)
    0x0800079e   0x0800079e   0x00000000   Code   RO         9794    .text               mc_w.l(iusefp.o)
    0x0800079e   0x0800079e   0x0000006e   Code   RO         9795    .text               mf_w.l(fepilogue.o)
    0x0800080c   0x0800080c   0x000000ba   Code   RO         9797    .text               mf_w.l(depilogue.o)
    0x080008c6   0x080008c6   0x0000014e   Code   RO         9799    .text               mf_w.l(dadd.o)
    0x08000a14   0x08000a14   0x000000de   Code   RO         9801    .text               mf_w.l(ddiv.o)
    0x08000af2   0x08000af2   0x00000030   Code   RO         9803    .text               mf_w.l(dfixul.o)
    0x08000b22   0x08000b22   0x00000002   PAD
    0x08000b24   0x08000b24   0x00000024   Code   RO         9805    .text               mc_w.l(init.o)
    0x08000b48   0x08000b48   0x00000024   Code   RO         9807    .text               mc_w.l(llsshr.o)
    0x08000b6c   0x08000b6c   0x00000008   Code   RO         9809    .text               mc_w.l(ctype_o.o)
    0x08000b74   0x08000b74   0x0000009e   Code   RO         9837    .text               mc_w.l(_strtoul.o)
    0x08000c12   0x08000c12   0x0000001c   Code   RO         9839    .text               mc_w.l(_chval.o)
    0x08000c2e   0x08000c2e   0x00000056   Code   RO         9849    .text               mc_w.l(__dczerorl2.o)
    0x08000c84   0x08000c84   0x00000098   Code   RO         3140    CODE                os_cpu_a.o
    0x08000d1c   0x08000d1c   0x00000016   Code   RO         1642    i.ADC_Ctrl          at32f4xx_adc.o
    0x08000d32   0x08000d32   0x00000016   Code   RO         1643    i.ADC_DMACtrl       at32f4xx_adc.o
    0x08000d48   0x08000d48   0x00000014   Code   RO         1649    i.ADC_GetCalibrationStatus  at32f4xx_adc.o
    0x08000d5c   0x08000d5c   0x00000014   Code   RO         1655    i.ADC_GetResetCalibrationStatus  at32f4xx_adc.o
    0x08000d70   0x08000d70   0x00000050   Code   RO         1659    i.ADC_Init          at32f4xx_adc.o
    0x08000dc0   0x08000dc0   0x000000b8   Code   RO         1663    i.ADC_RegularChannelConfig  at32f4xx_adc.o
    0x08000e78   0x08000e78   0x0000000a   Code   RO         1665    i.ADC_RstCalibration  at32f4xx_adc.o
    0x08000e82   0x08000e82   0x00000016   Code   RO         1667    i.ADC_SoftwareStartConvCtrl  at32f4xx_adc.o
    0x08000e98   0x08000e98   0x0000000a   Code   RO         1669    i.ADC_StartCalibration  at32f4xx_adc.o
    0x08000ea2   0x08000ea2   0x00000012   Code   RO         1670    i.ADC_StructInit    at32f4xx_adc.o
    0x08000eb4   0x08000eb4   0x00000270   Code   RO         8874    i.APPTransactionrecord  dwin_com_pro.o
    0x08001124   0x08001124   0x00000034   Code   RO         8875    i.APP_ClearRecodeInfo  dwin_com_pro.o
    0x08001158   0x08001158   0x000000a6   Code   RO         8876    i.APP_DisplayRecvDataAnalyze  dwin_com_pro.o
    0x080011fe   0x080011fe   0x00000002   PAD
    0x08001200   0x08001200   0x00000014   Code   RO         7381    i.APP_GetAppRegisterState  modulea7680c.o
    0x08001214   0x08001214   0x0000000c   Code   RO         6871    i.APP_GetBatchNum   4gmain.o
    0x08001220   0x08001220   0x00000020   Code   RO         8877    i.APP_GetBillInfo   dwin_com_pro.o
    0x08001240   0x08001240   0x0000000c   Code   RO         7382    i.APP_GetCSQNum     modulea7680c.o
    0x0800124c   0x0800124c   0x00000020   Code   RO         7176    i.APP_GetHYBatchNum  hyframe.o
    0x0800126c   0x0800126c   0x00000014   Code   RO         7178    i.APP_GetHYStartType  hyframe.o
    0x08001280   0x08001280   0x00000014   Code   RO         7383    i.APP_GetModuleConnectState  modulea7680c.o
    0x08001294   0x08001294   0x0000001c   Code   RO         6874    i.APP_GetResendBillState  4gmain.o
    0x080012b0   0x080012b0   0x0000000c   Code   RO         7384    i.APP_GetSIM7600Mode  modulea7680c.o
    0x080012bc   0x080012bc   0x0000000c   Code   RO         7385    i.APP_GetSIM7600Status  modulea7680c.o
    0x080012c8   0x080012c8   0x00000028   Code   RO         7082    i.APP_RecvDataControl  4grecv.o
    0x080012f0   0x080012f0   0x00000108   Code   RO         8882    i.APP_SelectCurChargeRecode  dwin_com_pro.o
    0x080013f8   0x080013f8   0x000000f4   Code   RO         8883    i.APP_SelectNextNChargeRecode  dwin_com_pro.o
    0x080014ec   0x080014ec   0x00000134   Code   RO         8884    i.APP_SelectUpNChargeRecode  dwin_com_pro.o
    0x08001620   0x08001620   0x00000018   Code   RO         7386    i.APP_SetAppRegisterState  modulea7680c.o
    0x08001638   0x08001638   0x00000018   Code   RO         7179    i.APP_SetHYStartType  hyframe.o
    0x08001650   0x08001650   0x00000040   Code   RO         7387    i.APP_SetNetNotConect  modulea7680c.o
    0x08001690   0x08001690   0x00000028   Code   RO         6876    i.APP_SetResendBillState  4gmain.o
    0x080016b8   0x080016b8   0x00000010   Code   RO         7388    i.APP_SetSIM7600Mode  modulea7680c.o
    0x080016c8   0x080016c8   0x0000001c   Code   RO         6877    i.APP_SetStartNetState  4gmain.o
    0x080016e4   0x080016e4   0x00000002   Code   RO         6878    i.APP_SetUpadaState  4gmain.o
    0x080016e6   0x080016e6   0x00000002   PAD
    0x080016e8   0x080016e8   0x00000060   Code   RO         8336    i.Ad_entry          dispkey.o
    0x08001748   0x08001748   0x00000034   Code   RO         8886    i.Amount_charging   dwin_com_pro.o
    0x0800177c   0x0800177c   0x00000108   Code   RO         6879    i.AppTask4GMain     4gmain.o
    0x08001884   0x08001884   0x000002d4   Code   RO         7083    i.AppTask4GRecv     4grecv.o
    0x08001b58   0x08001b58   0x0000031c   Code   RO         7120    i.AppTask4GSend     4gsend.o
    0x08001e74   0x08001e74   0x000001ec   Code   RO         7786    i.AppTaskCard       read_nuid.o
    0x08002060   0x08002060   0x00000054   Code   RO         6636    i.AppTaskCharge     chtask.o
    0x080020b4   0x080020b4   0x000001b4   Code   RO            4    i.AppTaskCreate     main.o
    0x08002268   0x08002268   0x000002e4   Code   RO         8887    i.AppTaskDwin       dwin_com_pro.o
    0x0800254c   0x0800254c   0x00000348   Code   RO            5    i.AppTaskStart      main.o
    0x08002894   0x08002894   0x0000002c   Code   RO         8888    i.Auto_charging     dwin_com_pro.o
    0x080028c0   0x080028c0   0x0000001e   Code   RO         9218    i.BCDtoHEX          dwinprotocol.o
    0x080028de   0x080028de   0x00000010   Code   RO         4872    i.BSP_CPU_ClkFreq   bsp.o
    0x080028ee   0x080028ee   0x0000000c   Code   RO         4873    i.BSP_Init          bsp.o
    0x080028fa   0x080028fa   0x00000004   Code   RO          300    i.BusFault_Handler  at32f4xx_it.o
    0x080028fe   0x080028fe   0x0000000c   Code   RO         4751    i.CPU_Init          cpu_core.o
    0x0800290a   0x0800290a   0x00000002   PAD
    0x0800290c   0x0800290c   0x00000030   Code   RO         4752    i.CPU_NameClr       cpu_core.o
    0x0800293c   0x0800293c   0x00000008   Code   RO         4754    i.CPU_NameInit      cpu_core.o
    0x08002944   0x08002944   0x00000014   Code   RO         4758    i.CPU_TS_Init       cpu_core.o
    0x08002958   0x08002958   0x0000000c   Code   RO         4760    i.CPU_TS_TmrFreqSet  cpu_core.o
    0x08002964   0x08002964   0x00000034   Code   RO         4875    i.CPU_TS_TmrInit    bsp.o
    0x08002998   0x08002998   0x0000000c   Code   RO         4876    i.CPU_TS_TmrRd      bsp.o
    0x080029a4   0x080029a4   0x000000b0   Code   RO         5897    i.Check_WriteReg_Success  hlw8112-spi.o
    0x08002a54   0x08002a54   0x0000004c   Code   RO         7787    i.Clear_flag        read_nuid.o
    0x08002aa0   0x08002aa0   0x0000001c   Code   RO         8889    i.Clear_record      dwin_com_pro.o
    0x08002abc   0x08002abc   0x00000044   Code   RO         8890    i.Company_code      dwin_com_pro.o
    0x08002b00   0x08002b00   0x000000c0   Code   RO         6880    i.Connect_4G        4gmain.o
    0x08002bc0   0x08002bc0   0x00000024   Code   RO         6203    i.DATAHEXtoBCD      ertc.o
    0x08002be4   0x08002be4   0x00000018   Code   RO         1870    i.DMA_ChannelEnable  at32f4xx_dma.o
    0x08002bfc   0x08002bfc   0x0000001a   Code   RO         1873    i.DMA_DefaultInitParaConfig  at32f4xx_dma.o
    0x08002c16   0x08002c16   0x0000003c   Code   RO         1879    i.DMA_Init          at32f4xx_dma.o
    0x08002c52   0x08002c52   0x00000002   PAD
    0x08002c54   0x08002c54   0x0000014c   Code   RO         1880    i.DMA_Reset         at32f4xx_dma.o
    0x08002da0   0x08002da0   0x00000018   Code   RO         8337    i.DealWithKey       dispkey.o
    0x08002db8   0x08002db8   0x00000050   Code   RO         8891    i.DealWithVari      dwin_com_pro.o
    0x08002e08   0x08002e08   0x00000002   Code   RO          301    i.DebugMon_Handler  at32f4xx_it.o
    0x08002e0a   0x08002e0a   0x0000001a   Code   RO         8123    i.DelayMS           spi_flash.o
    0x08002e24   0x08002e24   0x00000088   Code   RO         8892    i.Dis_SYSShowTime   dwin_com_pro.o
    0x08002eac   0x08002eac   0x00000060   Code   RO         8843    i.Dis_ShowCopy      dispshowstatus.o
    0x08002f0c   0x08002f0c   0x00000060   Code   RO         8844    i.Dis_ShowStatus    dispshowstatus.o
    0x08002f6c   0x08002f6c   0x00000090   Code   RO         8893    i.Dis_ShowTime      dwin_com_pro.o
    0x08002ffc   0x08002ffc   0x00000060   Code   RO         8845    i.Dis_Showstop_reason  dispshowstatus.o
    0x0800305c   0x0800305c   0x00000170   Code   RO         8894    i.DispShow_NetState  dwin_com_pro.o
    0x080031cc   0x080031cc   0x0000018c   Code   RO         8895    i.DispShow_Recode   dwin_com_pro.o
    0x08003358   0x08003358   0x00000028   Code   RO         8896    i.Disp_ShowRTC      dwin_com_pro.o
    0x08003380   0x08003380   0x00000028   Code   RO         8897    i.Disp_Showsettime  dwin_com_pro.o
    0x080033a8   0x080033a8   0x00000048   Code   RO         8596    i.DisplayCommonMenu  dispkeyfunction.o
    0x080033f0   0x080033f0   0x00000050   Code   RO         9221    i.DisplayQRCode     dwinprotocol.o
    0x08003440   0x08003440   0x0000000c   Code   RO         9222    i.Dwin_FrameHead    dwinprotocol.o
    0x0800344c   0x0800344c   0x00000016   Code   RO         1963    i.ERTC_Bcd2ToByte   at32f4xx_ertc.o
    0x08003462   0x08003462   0x0000001c   Code   RO         1965    i.ERTC_ByteToBcd2   at32f4xx_ertc.o
    0x0800347e   0x0800347e   0x00000002   PAD
    0x08003480   0x08003480   0x000000a0   Code   RO         6204    i.ERTC_Config       ertc.o
    0x08003520   0x08003520   0x00000050   Code   RO         1974    i.ERTC_EnterInitMode  at32f4xx_ertc.o
    0x08003570   0x08003570   0x00000014   Code   RO         1975    i.ERTC_ExitInitMode  at32f4xx_ertc.o
    0x08003584   0x08003584   0x00000060   Code   RO         1978    i.ERTC_GetDateValue  at32f4xx_ertc.o
    0x080035e4   0x080035e4   0x00000064   Code   RO         1985    i.ERTC_GetTimeValue  at32f4xx_ertc.o
    0x08003648   0x08003648   0x00000064   Code   RO         1987    i.ERTC_INTConfig    at32f4xx_ertc.o
    0x080036ac   0x080036ac   0x00000064   Code   RO         1988    i.ERTC_Init         at32f4xx_ertc.o
    0x08003710   0x08003710   0x00000020   Code   RO         1991    i.ERTC_ReadBackupRegister  at32f4xx_ertc.o
    0x08003730   0x08003730   0x000000c8   Code   RO         1995    i.ERTC_SetDateValue  at32f4xx_ertc.o
    0x080037f8   0x080037f8   0x000000d0   Code   RO         1996    i.ERTC_SetTimeValue  at32f4xx_ertc.o
    0x080038c8   0x080038c8   0x00000048   Code   RO         6205    i.ERTC_TimeRegulate  ertc.o
    0x08003910   0x08003910   0x0000001c   Code   RO         6206    i.ERTC_TimeShow     ertc.o
    0x0800392c   0x0800392c   0x00000046   Code   RO         6207    i.ERTC_TimeStampConfig  ertc.o
    0x08003972   0x08003972   0x00000002   PAD
    0x08003974   0x08003974   0x00000060   Code   RO         2012    i.ERTC_WaitForSynchro  at32f4xx_ertc.o
    0x080039d4   0x080039d4   0x0000001c   Code   RO         2015    i.ERTC_WriteBackupRegister  at32f4xx_ertc.o
    0x080039f0   0x080039f0   0x00000094   Code   RO         6287    i.EXTI_Init         at32f4xx_exti.o
    0x08003a84   0x08003a84   0x00000034   Code   RO         8898    i.Electric_charing  dwin_com_pro.o
    0x08003ab8   0x08003ab8   0x00000168   Code   RO         8126    i.FLASH_Init        spi_flash.o
    0x08003c20   0x08003c20   0x00000024   Code   RO         6155    i.GPIO_Configuration  adc.o
    0x08003c44   0x08003c44   0x00000116   Code   RO          418    i.GPIO_Init         at32f4xx_gpio.o
    0x08003d5a   0x08003d5a   0x00000002   PAD
    0x08003d5c   0x08003d5c   0x000003f4   Code   RO          420    i.GPIO_PinsRemapConfig  at32f4xx_gpio.o
    0x08004150   0x08004150   0x00000012   Code   RO          422    i.GPIO_ReadInputDataBit  at32f4xx_gpio.o
    0x08004162   0x08004162   0x00000004   Code   RO          426    i.GPIO_ResetBits    at32f4xx_gpio.o
    0x08004166   0x08004166   0x00000004   Code   RO          427    i.GPIO_SetBits      at32f4xx_gpio.o
    0x0800416a   0x0800416a   0x00000010   Code   RO          428    i.GPIO_StructInit   at32f4xx_gpio.o
    0x0800417a   0x0800417a   0x00000002   PAD
    0x0800417c   0x0800417c   0x0000000c   Code   RO         8597    i.GetCurMenu        dispkeyfunction.o
    0x08004188   0x08004188   0x00000024   Code   RO         9223    i.HEXtoBCD          dwinprotocol.o
    0x080041ac   0x080041ac   0x00000060   Code   RO         6637    i.HLW8112DataDispose  chtask.o
    0x0800420c   0x0800420c   0x00000034   Code   RO         5898    i.HLW8112_Measure   hlw8112-spi.o
    0x08004240   0x08004240   0x00000048   Code   RO         5899    i.HLW8112_SPI_ReadByte  hlw8112-spi.o
    0x08004288   0x08004288   0x0000000c   Code   RO         5900    i.HLW8112_SPI_ReadReg  hlw8112-spi.o
    0x08004294   0x08004294   0x00000050   Code   RO         5901    i.HLW8112_SPI_WriteByte  hlw8112-spi.o
    0x080042e4   0x080042e4   0x00000010   Code   RO         5902    i.HLW8112_SPI_WriteReg  hlw8112-spi.o
    0x080042f4   0x080042f4   0x00000028   Code   RO         5903    i.HLW8112_WriteREG_DIS  hlw8112-spi.o
    0x0800431c   0x0800431c   0x00000028   Code   RO         5904    i.HLW8112_WriteREG_EN  hlw8112-spi.o
    0x08004344   0x08004344   0x00000002   Code   RO         8598    i.HYDisplayMenu1    dispkeyfunction.o
    0x08004346   0x08004346   0x00000002   Code   RO         8599    i.HYDisplayMenu10   dispkeyfunction.o
    0x08004348   0x08004348   0x00000002   Code   RO         8600    i.HYDisplayMenu11   dispkeyfunction.o
    0x0800434a   0x0800434a   0x00000002   Code   RO         8601    i.HYDisplayMenu12   dispkeyfunction.o
    0x0800434c   0x0800434c   0x00000002   Code   RO         8602    i.HYDisplayMenu13   dispkeyfunction.o
    0x0800434e   0x0800434e   0x00000002   Code   RO         8603    i.HYDisplayMenu14   dispkeyfunction.o
    0x08004350   0x08004350   0x00000002   Code   RO         8604    i.HYDisplayMenu15   dispkeyfunction.o
    0x08004352   0x08004352   0x00000002   Code   RO         8605    i.HYDisplayMenu16   dispkeyfunction.o
    0x08004354   0x08004354   0x00000002   Code   RO         8606    i.HYDisplayMenu17   dispkeyfunction.o
    0x08004356   0x08004356   0x00000002   Code   RO         8607    i.HYDisplayMenu18   dispkeyfunction.o
    0x08004358   0x08004358   0x00000002   Code   RO         8608    i.HYDisplayMenu19   dispkeyfunction.o
    0x0800435a   0x0800435a   0x00000002   Code   RO         8609    i.HYDisplayMenu2    dispkeyfunction.o
    0x0800435c   0x0800435c   0x00000002   Code   RO         8610    i.HYDisplayMenu20   dispkeyfunction.o
    0x0800435e   0x0800435e   0x00000002   Code   RO         8611    i.HYDisplayMenu21   dispkeyfunction.o
    0x08004360   0x08004360   0x00000002   Code   RO         8612    i.HYDisplayMenu22   dispkeyfunction.o
    0x08004362   0x08004362   0x00000002   Code   RO         8613    i.HYDisplayMenu23   dispkeyfunction.o
    0x08004364   0x08004364   0x00000002   Code   RO         8614    i.HYDisplayMenu24   dispkeyfunction.o
    0x08004366   0x08004366   0x00000002   Code   RO         8615    i.HYDisplayMenu25   dispkeyfunction.o
    0x08004368   0x08004368   0x00000002   Code   RO         8616    i.HYDisplayMenu26   dispkeyfunction.o
    0x0800436a   0x0800436a   0x00000002   Code   RO         8617    i.HYDisplayMenu27   dispkeyfunction.o
    0x0800436c   0x0800436c   0x00000002   Code   RO         8618    i.HYDisplayMenu28   dispkeyfunction.o
    0x0800436e   0x0800436e   0x00000002   Code   RO         8619    i.HYDisplayMenu3    dispkeyfunction.o
    0x08004370   0x08004370   0x00000002   Code   RO         8620    i.HYDisplayMenu30   dispkeyfunction.o
    0x08004372   0x08004372   0x00000002   Code   RO         8621    i.HYDisplayMenu31   dispkeyfunction.o
    0x08004374   0x08004374   0x00000002   Code   RO         8622    i.HYDisplayMenu32   dispkeyfunction.o
    0x08004376   0x08004376   0x00000002   Code   RO         8623    i.HYDisplayMenu33   dispkeyfunction.o
    0x08004378   0x08004378   0x00000002   Code   RO         8624    i.HYDisplayMenu34   dispkeyfunction.o
    0x0800437a   0x0800437a   0x00000002   Code   RO         8625    i.HYDisplayMenu35   dispkeyfunction.o
    0x0800437c   0x0800437c   0x00000002   Code   RO         8626    i.HYDisplayMenu36   dispkeyfunction.o
    0x0800437e   0x0800437e   0x00000002   Code   RO         8627    i.HYDisplayMenu37   dispkeyfunction.o
    0x08004380   0x08004380   0x00000002   Code   RO         8628    i.HYDisplayMenu4    dispkeyfunction.o
    0x08004382   0x08004382   0x00000002   Code   RO         8629    i.HYDisplayMenu5    dispkeyfunction.o
    0x08004384   0x08004384   0x00000002   Code   RO         8630    i.HYDisplayMenu6    dispkeyfunction.o
    0x08004386   0x08004386   0x00000002   Code   RO         8631    i.HYDisplayMenu7    dispkeyfunction.o
    0x08004388   0x08004388   0x00000002   Code   RO         8632    i.HYDisplayMenu8    dispkeyfunction.o
    0x0800438a   0x0800438a   0x00000002   Code   RO         8633    i.HYDisplayMenu9    dispkeyfunction.o
    0x0800438c   0x0800438c   0x000000bc   Code   RO         7180    i.HYFreamSend       hyframe.o
    0x08004448   0x08004448   0x00000088   Code   RO         8338    i.HYKeyEvent1       dispkey.o
    0x080044d0   0x080044d0   0x0000002c   Code   RO         8339    i.HYKeyEvent10      dispkey.o
    0x080044fc   0x080044fc   0x0000002c   Code   RO         8340    i.HYKeyEvent11      dispkey.o
    0x08004528   0x08004528   0x0000002c   Code   RO         8341    i.HYKeyEvent12      dispkey.o
    0x08004554   0x08004554   0x0000008c   Code   RO         8342    i.HYKeyEvent13      dispkey.o
    0x080045e0   0x080045e0   0x00000084   Code   RO         8343    i.HYKeyEvent14      dispkey.o
    0x08004664   0x08004664   0x00000030   Code   RO         8344    i.HYKeyEvent15      dispkey.o
    0x08004694   0x08004694   0x000000b4   Code   RO         8345    i.HYKeyEvent16      dispkey.o
    0x08004748   0x08004748   0x00000080   Code   RO         8346    i.HYKeyEvent17      dispkey.o
    0x080047c8   0x080047c8   0x00000080   Code   RO         8347    i.HYKeyEvent18      dispkey.o
    0x08004848   0x08004848   0x00000080   Code   RO         8348    i.HYKeyEvent19      dispkey.o
    0x080048c8   0x080048c8   0x00000030   Code   RO         8349    i.HYKeyEvent2       dispkey.o
    0x080048f8   0x080048f8   0x00000080   Code   RO         8350    i.HYKeyEvent20      dispkey.o
    0x08004978   0x08004978   0x00000020   Code   RO         8351    i.HYKeyEvent21      dispkey.o
    0x08004998   0x08004998   0x0000003c   Code   RO         8352    i.HYKeyEvent22      dispkey.o
    0x080049d4   0x080049d4   0x00000020   Code   RO         8353    i.HYKeyEvent23      dispkey.o
    0x080049f4   0x080049f4   0x00000020   Code   RO         8354    i.HYKeyEvent24      dispkey.o
    0x08004a14   0x08004a14   0x00000044   Code   RO         8355    i.HYKeyEvent25      dispkey.o
    0x08004a58   0x08004a58   0x00000018   Code   RO         8356    i.HYKeyEvent26      dispkey.o
    0x08004a70   0x08004a70   0x00000038   Code   RO         8357    i.HYKeyEvent27      dispkey.o
    0x08004aa8   0x08004aa8   0x0000002c   Code   RO         8358    i.HYKeyEvent28      dispkey.o
    0x08004ad4   0x08004ad4   0x00000040   Code   RO         8359    i.HYKeyEvent3       dispkey.o
    0x08004b14   0x08004b14   0x00000048   Code   RO         8360    i.HYKeyEvent30      dispkey.o
    0x08004b5c   0x08004b5c   0x00000038   Code   RO         8361    i.HYKeyEvent31      dispkey.o
    0x08004b94   0x08004b94   0x00000028   Code   RO         8362    i.HYKeyEvent32      dispkey.o
    0x08004bbc   0x08004bbc   0x00000028   Code   RO         8363    i.HYKeyEvent33      dispkey.o
    0x08004be4   0x08004be4   0x00000028   Code   RO         8364    i.HYKeyEvent34      dispkey.o
    0x08004c0c   0x08004c0c   0x00000028   Code   RO         8365    i.HYKeyEvent35      dispkey.o
    0x08004c34   0x08004c34   0x00000028   Code   RO         8366    i.HYKeyEvent36      dispkey.o
    0x08004c5c   0x08004c5c   0x00000028   Code   RO         8367    i.HYKeyEvent37      dispkey.o
    0x08004c84   0x08004c84   0x00000002   Code   RO         8368    i.HYKeyEvent4       dispkey.o
    0x08004c86   0x08004c86   0x00000002   PAD
    0x08004c88   0x08004c88   0x00000020   Code   RO         8369    i.HYKeyEvent5       dispkey.o
    0x08004ca8   0x08004ca8   0x00000020   Code   RO         8370    i.HYKeyEvent6       dispkey.o
    0x08004cc8   0x08004cc8   0x0000002c   Code   RO         8371    i.HYKeyEvent7       dispkey.o
    0x08004cf4   0x08004cf4   0x0000002c   Code   RO         8372    i.HYKeyEvent8       dispkey.o
    0x08004d20   0x08004d20   0x0000002c   Code   RO         8373    i.HYKeyEvent9       dispkey.o
    0x08004d4c   0x08004d4c   0x0000004c   Code   RO         7181    i.HY_RecvCardStart  hyframe.o
    0x08004d98   0x08004d98   0x00000006   Code   RO         7182    i.HY_RecvDevFailAck  hyframe.o
    0x08004d9e   0x08004d9e   0x00000032   Code   RO         7183    i.HY_RecvDevInfoAck  hyframe.o
    0x08004dd0   0x08004dd0   0x00000006   Code   RO         7184    i.HY_RecvDevStopAck  hyframe.o
    0x08004dd6   0x08004dd6   0x00000002   PAD
    0x08004dd8   0x08004dd8   0x000000b4   Code   RO         7185    i.HY_RecvFrameDispose  hyframe.o
    0x08004e8c   0x08004e8c   0x00000028   Code   RO         7186    i.HY_RecvHearAck    hyframe.o
    0x08004eb4   0x08004eb4   0x00000028   Code   RO         7187    i.HY_RecvQueryBill  hyframe.o
    0x08004edc   0x08004edc   0x0000001e   Code   RO         7188    i.HY_RecvQueryRate  hyframe.o
    0x08004efa   0x08004efa   0x00000002   PAD
    0x08004efc   0x08004efc   0x0000019c   Code   RO         7189    i.HY_RecvRateSet    hyframe.o
    0x08005098   0x08005098   0x00000048   Code   RO         7190    i.HY_RecvRecordAck  hyframe.o
    0x080050e0   0x080050e0   0x0000009c   Code   RO         7191    i.HY_RecvRegisterAck  hyframe.o
    0x0800517c   0x0800517c   0x00000060   Code   RO         7192    i.HY_RecvStartCharge  hyframe.o
    0x080051dc   0x080051dc   0x00000042   Code   RO         7193    i.HY_RecvStopCharge  hyframe.o
    0x0800521e   0x0800521e   0x00000002   PAD
    0x08005220   0x08005220   0x000000f0   Code   RO         7194    i.HY_RecvUpdata     hyframe.o
    0x08005310   0x08005310   0x00000328   Code   RO         7195    i.HY_SendBill       hyframe.o
    0x08005638   0x08005638   0x00000068   Code   RO         7196    i.HY_SendBillData   hyframe.o
    0x080056a0   0x080056a0   0x0000017c   Code   RO         7197    i.HY_SendCardInfo   hyframe.o
    0x0800581c   0x0800581c   0x00000184   Code   RO         7198    i.HY_SendDevStateA  hyframe.o
    0x080059a0   0x080059a0   0x000000c0   Code   RO         7199    i.HY_SendFrameDispose  hyframe.o
    0x08005a60   0x08005a60   0x00000048   Code   RO         7200    i.HY_SendHear       hyframe.o
    0x08005aa8   0x08005aa8   0x00000050   Code   RO         7201    i.HY_SendQueryRateAck  hyframe.o
    0x08005af8   0x08005af8   0x00000018   Code   RO         7202    i.HY_SendRateAck    hyframe.o
    0x08005b10   0x08005b10   0x00000048   Code   RO         7203    i.HY_SendRegister   hyframe.o
    0x08005b58   0x08005b58   0x0000006c   Code   RO         7204    i.HY_SendStartAck   hyframe.o
    0x08005bc4   0x08005bc4   0x00000038   Code   RO         7205    i.HY_SendStopAck    hyframe.o
    0x08005bfc   0x08005bfc   0x00000038   Code   RO         7206    i.HY_SendUpdataAck  hyframe.o
    0x08005c34   0x08005c34   0x00000004   Code   RO          302    i.HardFault_Handler  at32f4xx_it.o
    0x08005c38   0x08005c38   0x00000024   Code   RO            6    i.IWDG_Config       main.o
    0x08005c5c   0x08005c5c   0x00000010   Code   RO         2962    i.IWDG_Enable       at32f4xx_iwdg.o
    0x08005c6c   0x08005c6c   0x0000000c   Code   RO         2964    i.IWDG_KeyRegWrite  at32f4xx_iwdg.o
    0x08005c78   0x08005c78   0x00000010   Code   RO         2965    i.IWDG_ReloadCounter  at32f4xx_iwdg.o
    0x08005c88   0x08005c88   0x0000000c   Code   RO         2966    i.IWDG_SetPrescaler  at32f4xx_iwdg.o
    0x08005c94   0x08005c94   0x0000000c   Code   RO         2967    i.IWDG_SetReload    at32f4xx_iwdg.o
    0x08005ca0   0x08005ca0   0x000001f4   Code   RO         5905    i.Init_HLW8112      hlw8112-spi.o
    0x08005e94   0x08005e94   0x000002b8   Code   RO         5906    i.Judge_CheckSum_HLW8112_Calfactor  hlw8112-spi.o
    0x0800614c   0x0800614c   0x00000010   Code   RO         9226    i.LCD_SendBufLenClear  dwinprotocol.o
    0x0800615c   0x0800615c   0x0000002c   Code   RO         9227    i.LCD_SendByteToBuf  dwinprotocol.o
    0x08006188   0x08006188   0x00000018   Code   RO         9228    i.LCD_SendFourBytes  dwinprotocol.o
    0x080061a0   0x080061a0   0x0000002c   Code   RO         9229    i.LCD_SendToUart    dwinprotocol.o
    0x080061cc   0x080061cc   0x00000012   Code   RO         9230    i.LCD_SendTwoBytes  dwinprotocol.o
    0x080061de   0x080061de   0x00000002   PAD
    0x080061e0   0x080061e0   0x00000198   Code   RO         5860    i.Mcu_Io_Init       device.o
    0x08006378   0x08006378   0x00000004   Code   RO          303    i.MemManage_Handler  at32f4xx_it.o
    0x0800637c   0x0800637c   0x00000012   Code   RO         3366    i.Mem_Clr           lib_mem.o
    0x0800638e   0x0800638e   0x00000054   Code   RO         3382    i.Mem_Set           lib_mem.o
    0x080063e2   0x080063e2   0x00000002   PAD
    0x080063e4   0x080063e4   0x00000114   Code   RO         7389    i.ModuleSIM7600_ConnectServer  modulea7680c.o
    0x080064f8   0x080064f8   0x0000014c   Code   RO         7391    i.ModuleSIM7600_SendData  modulea7680c.o
    0x08006644   0x08006644   0x000000a4   Code   RO         7392    i.Module_ConnectServer  modulea7680c.o
    0x080066e8   0x080066e8   0x00000340   Code   RO         7393    i.Module_HTTPDownload  modulea7680c.o
    0x08006a28   0x08006a28   0x0000026c   Code   RO         7394    i.Module_SIM7600Test  modulea7680c.o
    0x08006c94   0x08006c94   0x00000088   Code   RO         8899    i.Munu12_CodeDispose  dwin_com_pro.o
    0x08006d1c   0x08006d1c   0x00000080   Code   RO         8900    i.Munu13_DevnumDispose  dwin_com_pro.o
    0x08006d9c   0x08006d9c   0x0000005c   Code   RO         8901    i.Munu13_IP1Sert    dwin_com_pro.o
    0x08006df8   0x08006df8   0x00000060   Code   RO         8902    i.Munu13_IP2Sert    dwin_com_pro.o
    0x08006e58   0x08006e58   0x00000060   Code   RO         8903    i.Munu13_IP3Sert    dwin_com_pro.o
    0x08006eb8   0x08006eb8   0x00000060   Code   RO         8904    i.Munu13_IP4Sert    dwin_com_pro.o
    0x08006f18   0x08006f18   0x00000044   Code   RO         8905    i.Munu13_PortSert   dwin_com_pro.o
    0x08006f5c   0x08006f5c   0x000002a8   Code   RO         8906    i.Munu13_ShowSysInfo  dwin_com_pro.o
    0x08007204   0x08007204   0x00000850   Code   RO         8907    i.Munu27_ShowSysInfo  dwin_com_pro.o
    0x08007a54   0x08007a54   0x00000002   Code   RO          304    i.NMI_Handler       at32f4xx_it.o
    0x08007a56   0x08007a56   0x00000002   PAD
    0x08007a58   0x08007a58   0x00000070   Code   RO          976    i.NVIC_Init         misc.o
    0x08007ac8   0x08007ac8   0x00000014   Code   RO          977    i.NVIC_PriorityGroupConfig  misc.o
    0x08007adc   0x08007adc   0x00000002   Code   RO         3635    i.OSCfg_Init        os_cfg_app.o
    0x08007ade   0x08007ade   0x00000002   Code   RO         3143    i.OSIdleTaskHook    os_cpu_c.o
    0x08007ae0   0x08007ae0   0x0000012c   Code   RO         3658    i.OSInit            os_core.o
    0x08007c0c   0x08007c0c   0x00000028   Code   RO         3144    i.OSInitHook        os_cpu_c.o
    0x08007c34   0x08007c34   0x0000002c   Code   RO         3659    i.OSIntEnter        os_core.o
    0x08007c60   0x08007c60   0x000000dc   Code   RO         3660    i.OSIntExit         os_core.o
    0x08007d3c   0x08007d3c   0x00000088   Code   RO         4051    i.OSMutexCreate     os_mutex.o
    0x08007dc4   0x08007dc4   0x00000250   Code   RO         4053    i.OSMutexPend       os_mutex.o
    0x08008014   0x08008014   0x00000174   Code   RO         4055    i.OSMutexPost       os_mutex.o
    0x08008188   0x08008188   0x00000090   Code   RO         4154    i.OSQCreate         os_q.o
    0x08008218   0x08008218   0x000001d0   Code   RO         4157    i.OSQPend           os_q.o
    0x080083e8   0x080083e8   0x00000094   Code   RO         4159    i.OSQPost           os_q.o
    0x0800847c   0x0800847c   0x000000a0   Code   RO         3661    i.OSSched           os_core.o
    0x0800851c   0x0800851c   0x00000074   Code   RO         3662    i.OSSchedLock       os_core.o
    0x08008590   0x08008590   0x00000094   Code   RO         3663    i.OSSchedUnlock     os_core.o
    0x08008624   0x08008624   0x00000068   Code   RO         3664    i.OSStart           os_core.o
    0x0800868c   0x0800868c   0x00000128   Code   RO         4298    i.OSStatReset       os_stat.o
    0x080087b4   0x080087b4   0x000000f0   Code   RO         4299    i.OSStatTaskCPUUsageInit  os_stat.o
    0x080088a4   0x080088a4   0x00000002   Code   RO         3145    i.OSStatTaskHook    os_cpu_c.o
    0x080088a6   0x080088a6   0x00000002   PAD
    0x080088a8   0x080088a8   0x0000019c   Code   RO         4329    i.OSTaskCreate      os_task.o
    0x08008a44   0x08008a44   0x00000002   Code   RO         3146    i.OSTaskCreateHook  os_cpu_c.o
    0x08008a46   0x08008a46   0x00000002   PAD
    0x08008a48   0x08008a48   0x00000128   Code   RO         4330    i.OSTaskDel         os_task.o
    0x08008b70   0x08008b70   0x00000002   Code   RO         3147    i.OSTaskDelHook     os_cpu_c.o
    0x08008b72   0x08008b72   0x00000002   PAD
    0x08008b74   0x08008b74   0x00000068   Code   RO         4338    i.OSTaskResume      os_task.o
    0x08008bdc   0x08008bdc   0x00000002   Code   RO         3148    i.OSTaskReturnHook  os_cpu_c.o
    0x08008bde   0x08008bde   0x00000002   PAD
    0x08008be0   0x08008be0   0x000001dc   Code   RO         4339    i.OSTaskSemPend     os_task.o
    0x08008dbc   0x08008dbc   0x0000003e   Code   RO         4341    i.OSTaskSemPost     os_task.o
    0x08008dfa   0x08008dfa   0x00000002   PAD
    0x08008dfc   0x08008dfc   0x000000d4   Code   RO         4343    i.OSTaskStkChk      os_task.o
    0x08008ed0   0x08008ed0   0x000000c4   Code   RO         3149    i.OSTaskStkInit     os_cpu_c.o
    0x08008f94   0x08008f94   0x00000038   Code   RO         4344    i.OSTaskSuspend     os_task.o
    0x08008fcc   0x08008fcc   0x00000078   Code   RO         3150    i.OSTaskSwHook      os_cpu_c.o
    0x08009044   0x08009044   0x000000b8   Code   RO         4542    i.OSTimeDly         os_time.o
    0x080090fc   0x080090fc   0x00000034   Code   RO         4545    i.OSTimeGet         os_time.o
    0x08009130   0x08009130   0x00000044   Code   RO         4547    i.OSTimeTick        os_time.o
    0x08009174   0x08009174   0x00000002   Code   RO         3151    i.OSTimeTickHook    os_cpu_c.o
    0x08009176   0x08009176   0x00000002   PAD
    0x08009178   0x08009178   0x00000030   Code   RO         3152    i.OS_CPU_SysTickInit  os_cpu_c.o
    0x080091a8   0x080091a8   0x000001a8   Code   RO         3874    i.OS_Dbg_Init       os_dbg.o
    0x08009350   0x08009350   0x00000018   Code   RO         3899    i.OS_FlagInit       os_flag.o
    0x08009368   0x08009368   0x00000044   Code   RO         3666    i.OS_IdleTask       os_core.o
    0x080093ac   0x080093ac   0x00000070   Code   RO         3667    i.OS_IdleTaskInit   os_core.o
    0x0800941c   0x0800941c   0x00000018   Code   RO         3983    i.OS_MemInit        os_mem.o
    0x08009434   0x08009434   0x0000007c   Code   RO         4015    i.OS_MsgPoolInit    os_msg.o
    0x080094b0   0x080094b0   0x00000044   Code   RO         4016    i.OS_MsgQFreeAll    os_msg.o
    0x080094f4   0x080094f4   0x00000068   Code   RO         4017    i.OS_MsgQGet        os_msg.o
    0x0800955c   0x0800955c   0x0000000e   Code   RO         4018    i.OS_MsgQInit       os_msg.o
    0x0800956a   0x0800956a   0x00000002   PAD
    0x0800956c   0x0800956c   0x00000104   Code   RO         4019    i.OS_MsgQPut        os_msg.o
    0x08009670   0x08009670   0x00000030   Code   RO         4057    i.OS_MutexDbgListAdd  os_mutex.o
    0x080096a0   0x080096a0   0x00000018   Code   RO         4059    i.OS_MutexInit      os_mutex.o
    0x080096b8   0x080096b8   0x00000068   Code   RO         3668    i.OS_Pend           os_core.o
    0x08009720   0x08009720   0x00000026   Code   RO         3671    i.OS_PendDataInit   os_core.o
    0x08009746   0x08009746   0x00000002   PAD
    0x08009748   0x08009748   0x0000005c   Code   RO         3672    i.OS_PendDbgNameAdd  os_core.o
    0x080097a4   0x080097a4   0x00000024   Code   RO         3673    i.OS_PendDbgNameRemove  os_core.o
    0x080097c8   0x080097c8   0x00000046   Code   RO         3674    i.OS_PendListChangePrio  os_core.o
    0x0800980e   0x0800980e   0x0000000a   Code   RO         3675    i.OS_PendListInit   os_core.o
    0x08009818   0x08009818   0x00000066   Code   RO         3677    i.OS_PendListInsertPrio  os_core.o
    0x0800987e   0x0800987e   0x00000030   Code   RO         3678    i.OS_PendListRemove  os_core.o
    0x080098ae   0x080098ae   0x00000042   Code   RO         3679    i.OS_PendListRemove1  os_core.o
    0x080098f0   0x080098f0   0x000000d6   Code   RO         3682    i.OS_Post           os_core.o
    0x080099c6   0x080099c6   0x0000002a   Code   RO         3683    i.OS_Post1          os_core.o
    0x080099f0   0x080099f0   0x00000028   Code   RO         4117    i.OS_PrioGetHighest  os_prio.o
    0x08009a18   0x08009a18   0x00000018   Code   RO         4118    i.OS_PrioInit       os_prio.o
    0x08009a30   0x08009a30   0x00000024   Code   RO         4119    i.OS_PrioInsert     os_prio.o
    0x08009a54   0x08009a54   0x00000024   Code   RO         4120    i.OS_PrioRemove     os_prio.o
    0x08009a78   0x08009a78   0x00000030   Code   RO         4161    i.OS_QDbgListAdd    os_q.o
    0x08009aa8   0x08009aa8   0x00000018   Code   RO         4163    i.OS_QInit          os_q.o
    0x08009ac0   0x08009ac0   0x000000be   Code   RO         4164    i.OS_QPost          os_q.o
    0x08009b7e   0x08009b7e   0x00000002   PAD
    0x08009b80   0x08009b80   0x00000024   Code   RO         3684    i.OS_RdyListInit    os_core.o
    0x08009ba4   0x08009ba4   0x0000002c   Code   RO         3685    i.OS_RdyListInsert  os_core.o
    0x08009bd0   0x08009bd0   0x00000040   Code   RO         3686    i.OS_RdyListInsertHead  os_core.o
    0x08009c10   0x08009c10   0x0000003c   Code   RO         3687    i.OS_RdyListInsertTail  os_core.o
    0x08009c4c   0x08009c4c   0x0000005c   Code   RO         3689    i.OS_RdyListRemove  os_core.o
    0x08009ca8   0x08009ca8   0x0000001c   Code   RO         3690    i.OS_SchedLockTimeMeasStart  os_core.o
    0x08009cc4   0x08009cc4   0x0000003c   Code   RO         3691    i.OS_SchedLockTimeMeasStop  os_core.o
    0x08009d00   0x08009d00   0x00000018   Code   RO         4235    i.OS_SemInit        os_sem.o
    0x08009d18   0x08009d18   0x000002e8   Code   RO         4300    i.OS_StatTask       os_stat.o
    0x0800a000   0x0800a000   0x000000cc   Code   RO         4301    i.OS_StatTaskInit   os_stat.o
    0x0800a0cc   0x0800a0cc   0x0000002c   Code   RO         3692    i.OS_TaskBlock      os_core.o
    0x0800a0f8   0x0800a0f8   0x00000030   Code   RO         4345    i.OS_TaskDbgListAdd  os_task.o
    0x0800a128   0x0800a128   0x00000044   Code   RO         4346    i.OS_TaskDbgListRemove  os_task.o
    0x0800a16c   0x0800a16c   0x00000020   Code   RO         4347    i.OS_TaskInit       os_task.o
    0x0800a18c   0x0800a18c   0x000000b4   Code   RO         4348    i.OS_TaskInitTCB    os_task.o
    0x0800a240   0x0800a240   0x00000100   Code   RO         4350    i.OS_TaskResume     os_task.o
    0x0800a340   0x0800a340   0x00000018   Code   RO         4351    i.OS_TaskReturn     os_task.o
    0x0800a358   0x0800a358   0x000001c4   Code   RO         4352    i.OS_TaskSemPost    os_task.o
    0x0800a51c   0x0800a51c   0x00000118   Code   RO         4353    i.OS_TaskSuspend    os_task.o
    0x0800a634   0x0800a634   0x00000086   Code   RO         4490    i.OS_TickListInsert  os_tick.o
    0x0800a6ba   0x0800a6ba   0x00000002   PAD
    0x0800a6bc   0x0800a6bc   0x000000bc   Code   RO         4491    i.OS_TickListInsertDly  os_tick.o
    0x0800a778   0x0800a778   0x00000058   Code   RO         4492    i.OS_TickListRemove  os_tick.o
    0x0800a7d0   0x0800a7d0   0x00000002   Code   RO         4493    i.OS_TickListResetPeak  os_tick.o
    0x0800a7d2   0x0800a7d2   0x00000002   PAD
    0x0800a7d4   0x0800a7d4   0x00000098   Code   RO         4494    i.OS_TickListUpdateDly  os_tick.o
    0x0800a86c   0x0800a86c   0x000000d4   Code   RO         4495    i.OS_TickListUpdateTimeout  os_tick.o
    0x0800a940   0x0800a940   0x00000070   Code   RO         4496    i.OS_TickTask       os_tick.o
    0x0800a9b0   0x0800a9b0   0x000000c8   Code   RO         4497    i.OS_TickTaskInit   os_tick.o
    0x0800aa78   0x0800aa78   0x00000134   Code   RO         4593    i.OS_TmrInit        os_tmr.o
    0x0800abac   0x0800abac   0x00000018   Code   RO         4594    i.OS_TmrLock        os_tmr.o
    0x0800abc4   0x0800abc4   0x00000002   Code   RO         4595    i.OS_TmrResetPeak   os_tmr.o
    0x0800abc6   0x0800abc6   0x00000002   PAD
    0x0800abc8   0x0800abc8   0x00000094   Code   RO         4596    i.OS_TmrTask        os_tmr.o
    0x0800ac5c   0x0800ac5c   0x00000044   Code   RO         4597    i.OS_TmrUnlink      os_tmr.o
    0x0800aca0   0x0800aca0   0x00000014   Code   RO         4598    i.OS_TmrUnlock      os_tmr.o
    0x0800acb4   0x0800acb4   0x0000000c   Code   RO         2318    i.PWR_BackupAccessCtrl  at32f4xx_pwr.o
    0x0800acc0   0x0800acc0   0x00000048   Code   RO         8908    i.Period_WriterFmBill  dwin_com_pro.o
    0x0800ad08   0x0800ad08   0x0000003e   Code   RO         9231    i.PraPerprintBackImage  dwinprotocol.o
    0x0800ad46   0x0800ad46   0x00000012   Code   RO         6881    i.Pre4GBill         4gmain.o
    0x0800ad58   0x0800ad58   0x00000268   Code   RO         7207    i.PreHYBill         hyframe.o
    0x0800afc0   0x0800afc0   0x0000000c   Code   RO         9232    i.PrintBackImage    dwinprotocol.o
    0x0800afcc   0x0800afcc   0x00000028   Code   RO         9234    i.PrintIcon         dwinprotocol.o
    0x0800aff4   0x0800aff4   0x00000028   Code   RO         9236    i.PrintNum16uVariable  dwinprotocol.o
    0x0800b01c   0x0800b01c   0x00000028   Code   RO         9237    i.PrintNum32uVariable  dwinprotocol.o
    0x0800b044   0x0800b044   0x0000004e   Code   RO         9239    i.PrintStr          dwinprotocol.o
    0x0800b092   0x0800b092   0x0000006c   Code   RO         7918    i.RC522_CalulateCRC  rc522.o
    0x0800b0fe   0x0800b0fe   0x0000001c   Code   RO         7919    i.RC522_ClearBitMask  rc522.o
    0x0800b11a   0x0800b11a   0x00000002   PAD
    0x0800b11c   0x0800b11c   0x000000cc   Code   RO         7920    i.RC522_GPIOInit    rc522.o
    0x0800b1e8   0x0800b1e8   0x00000034   Code   RO         7921    i.RC522_Init        rc522.o
    0x0800b21c   0x0800b21c   0x00000066   Code   RO         7922    i.RC522_M500PcdConfigISOType  rc522.o
    0x0800b282   0x0800b282   0x0000000c   Code   RO         7923    i.RC522_PcdAntennaOff  rc522.o
    0x0800b28e   0x0800b28e   0x0000001a   Code   RO         7924    i.RC522_PcdAntennaOn  rc522.o
    0x0800b2a8   0x0800b2a8   0x00000070   Code   RO         7925    i.RC522_PcdAnticoll  rc522.o
    0x0800b318   0x0800b318   0x0000006e   Code   RO         7926    i.RC522_PcdAuthState  rc522.o
    0x0800b386   0x0800b386   0x00000002   PAD
    0x0800b388   0x0800b388   0x00000154   Code   RO         7928    i.RC522_PcdComMF522  rc522.o
    0x0800b4dc   0x0800b4dc   0x00000056   Code   RO         7930    i.RC522_PcdRead     rc522.o
    0x0800b532   0x0800b532   0x00000058   Code   RO         7931    i.RC522_PcdRequest  rc522.o
    0x0800b58a   0x0800b58a   0x00000002   PAD
    0x0800b58c   0x0800b58c   0x00000088   Code   RO         7932    i.RC522_PcdReset    rc522.o
    0x0800b614   0x0800b614   0x00000074   Code   RO         7933    i.RC522_PcdSelect   rc522.o
    0x0800b688   0x0800b688   0x00000096   Code   RO         7935    i.RC522_PcdWrite    rc522.o
    0x0800b71e   0x0800b71e   0x00000002   PAD
    0x0800b720   0x0800b720   0x0000007c   Code   RO         7936    i.RC522_ReadCard    rc522.o
    0x0800b79c   0x0800b79c   0x0000003c   Code   RO         7937    i.RC522_ReadRawRC   rc522.o
    0x0800b7d8   0x0800b7d8   0x00000084   Code   RO         7938    i.RC522_ReadWriteByte  rc522.o
    0x0800b85c   0x0800b85c   0x00000020   Code   RO         7939    i.RC522_Reset       rc522.o
    0x0800b87c   0x0800b87c   0x0000001c   Code   RO         7940    i.RC522_SetBitMask  rc522.o
    0x0800b898   0x0800b898   0x00000084   Code   RO         7941    i.RC522_SetValue    rc522.o
    0x0800b91c   0x0800b91c   0x0000007c   Code   RO         7942    i.RC522_WriteCard   rc522.o
    0x0800b998   0x0800b998   0x00000034   Code   RO         7943    i.RC522_WriteRawRC  rc522.o
    0x0800b9cc   0x0800b9cc   0x0000001c   Code   RO          543    i.RCC_ADCCLKConfig  at32f4xx_rcc.o
    0x0800b9e8   0x0800b9e8   0x00000020   Code   RO          545    i.RCC_AHBPeriphClockCmd  at32f4xx_rcc.o
    0x0800ba08   0x0800ba08   0x00000020   Code   RO          547    i.RCC_APB1PeriphClockCmd  at32f4xx_rcc.o
    0x0800ba28   0x0800ba28   0x00000020   Code   RO          550    i.RCC_APB2PeriphClockCmd  at32f4xx_rcc.o
    0x0800ba48   0x0800ba48   0x0000000c   Code   RO          552    i.RCC_BackupResetCmd  at32f4xx_rcc.o
    0x0800ba54   0x0800ba54   0x0000001e   Code   RO         6156    i.RCC_Configuration_  adc.o
    0x0800ba72   0x0800ba72   0x00000002   PAD
    0x0800ba74   0x0800ba74   0x0000000c   Code   RO          556    i.RCC_ERTCCLKCmd    at32f4xx_rcc.o
    0x0800ba80   0x0800ba80   0x00000010   Code   RO          557    i.RCC_ERTCCLKConfig  at32f4xx_rcc.o
    0x0800ba90   0x0800ba90   0x000002c8   Code   RO          558    i.RCC_GetClocksFreq  at32f4xx_rcc.o
    0x0800bd58   0x0800bd58   0x0000003c   Code   RO          559    i.RCC_GetFlagStatus  at32f4xx_rcc.o
    0x0800bd94   0x0800bd94   0x00000034   Code   RO          569    i.RCC_LSEConfig     at32f4xx_rcc.o
    0x0800bdc8   0x0800bdc8   0x000000c4   Code   RO          573    i.RCC_PLLFrefTableConfig  at32f4xx_rcc.o
    0x0800be8c   0x0800be8c   0x00000024   Code   RO          579    i.RCC_StepModeCmd   at32f4xx_rcc.o
    0x0800beb0   0x0800beb0   0x000000c4   Code   RO         6882    i.ReSendBill        4gmain.o
    0x0800bf74   0x0800bf74   0x00000028   Code   RO         9243    i.ReadDwinVariable  dwinprotocol.o
    0x0800bf9c   0x0800bf9c   0x000000a8   Code   RO         8909    i.ReadFmBill        dwin_com_pro.o
    0x0800c044   0x0800c044   0x00000180   Code   RO         5907    i.Read_HLW8112_Angle  hlw8112-spi.o
    0x0800c1c4   0x0800c1c4   0x00000108   Code   RO         5908    i.Read_HLW8112_EA   hlw8112-spi.o
    0x0800c2cc   0x0800c2cc   0x00000104   Code   RO         5909    i.Read_HLW8112_EB   hlw8112-spi.o
    0x0800c3d0   0x0800c3d0   0x00000040   Code   RO         5910    i.Read_HLW8112_Linefreq  hlw8112-spi.o
    0x0800c410   0x0800c410   0x00000090   Code   RO         5911    i.Read_HLW8112_PA   hlw8112-spi.o
    0x0800c4a0   0x0800c4a0   0x00000090   Code   RO         5912    i.Read_HLW8112_PA_I  hlw8112-spi.o
    0x0800c530   0x0800c530   0x00000090   Code   RO         5913    i.Read_HLW8112_PB   hlw8112-spi.o
    0x0800c5c0   0x0800c5c0   0x0000008c   Code   RO         5914    i.Read_HLW8112_PB_I  hlw8112-spi.o
    0x0800c64c   0x0800c64c   0x00000074   Code   RO         5915    i.Read_HLW8112_PF   hlw8112-spi.o
    0x0800c6c0   0x0800c6c0   0x0000003c   Code   RO         5916    i.Read_HLW8112_RegData  hlw8112-spi.o
    0x0800c6fc   0x0800c6fc   0x00000074   Code   RO         5917    i.Read_HLW8112_State  hlw8112-spi.o
    0x0800c770   0x0800c770   0x00000094   Code   RO         5918    i.Read_HLW8112_U    hlw8112-spi.o
    0x0800c804   0x0800c804   0x00000036   Code   RO         8910    i.Recordqueryinfo_WR  dwin_com_pro.o
    0x0800c83a   0x0800c83a   0x00000002   PAD
    0x0800c83c   0x0800c83c   0x00000038   Code   RO         7395    i.Recv_AT_CGDCONT_Ack  modulea7680c.o
    0x0800c874   0x0800c874   0x0000004c   Code   RO         7396    i.Recv_AT_CIMI_Ack  modulea7680c.o
    0x0800c8c0   0x0800c8c0   0x00000038   Code   RO         7397    i.Recv_AT_CIPMODE_Ack  modulea7680c.o
    0x0800c8f8   0x0800c8f8   0x00000070   Code   RO         7398    i.Recv_AT_CSQ_Ack   modulea7680c.o
    0x0800c968   0x0800c968   0x000000f4   Code   RO         7399    i.Recv_AT_ConnectServer0Cmd_Ack  modulea7680c.o
    0x0800ca5c   0x0800ca5c   0x000000b0   Code   RO         7400    i.Recv_AT_ConnectServer0_Ack  modulea7680c.o
    0x0800cb0c   0x0800cb0c   0x000000c4   Code   RO         7401    i.Recv_AT_ConnectServer1Cmd_Ack  modulea7680c.o
    0x0800cbd0   0x0800cbd0   0x000000b0   Code   RO         7402    i.Recv_AT_ConnectServer1_Ack  modulea7680c.o
    0x0800cc80   0x0800cc80   0x00000020   Code   RO         7403    i.Recv_AT_EnterATCmd_Ack  modulea7680c.o
    0x0800cca0   0x0800cca0   0x00000038   Code   RO         7404    i.Recv_AT_NETOPEN_Ack  modulea7680c.o
    0x0800ccd8   0x0800ccd8   0x000000e8   Code   RO         7405    i.Recv_AT_ReRecv0Cmd_Ack  modulea7680c.o
    0x0800cdc0   0x0800cdc0   0x000000e8   Code   RO         7406    i.Recv_AT_ReRecv1Cmd_Ack  modulea7680c.o
    0x0800cea8   0x0800cea8   0x00000058   Code   RO         7407    i.Recv_AT_SendAck0Cmd_Ack  modulea7680c.o
    0x0800cf00   0x0800cf00   0x00000058   Code   RO         7408    i.Recv_AT_SendAck1Cmd_Ack  modulea7680c.o
    0x0800cf58   0x0800cf58   0x00000038   Code   RO         7409    i.Recv_AT_SetReAct_Ack  modulea7680c.o
    0x0800cf90   0x0800cf90   0x00000014   Code   RO         7410    i.Recv_ActRecv0_Ack  modulea7680c.o
    0x0800cfa4   0x0800cfa4   0x00000014   Code   RO         7411    i.Recv_ActRecv1_Ack  modulea7680c.o
    0x0800cfb8   0x0800cfb8   0x00000044   Code   RO         7412    i.Recv_HttpConect_Ack  modulea7680c.o
    0x0800cffc   0x0800cffc   0x00000080   Code   RO         7413    i.Recv_HttpGet_Ack  modulea7680c.o
    0x0800d07c   0x0800d07c   0x00000044   Code   RO         7414    i.Recv_HttpStart_Ack  modulea7680c.o
    0x0800d0c0   0x0800d0c0   0x000000f8   Code   RO         7415    i.Recv_ReadData_Ack  modulea7680c.o
    0x0800d1b8   0x0800d1b8   0x00000024   Code   RO         7416    i.Recv_ReadDone_Ack  modulea7680c.o
    0x0800d1dc   0x0800d1dc   0x00000016   Code   RO         7417    i.SIM7600CloseNet   modulea7680c.o
    0x0800d1f2   0x0800d1f2   0x00000002   PAD
    0x0800d1f4   0x0800d1f4   0x000000d8   Code   RO         7418    i.SIM7600Reset      modulea7680c.o
    0x0800d2cc   0x0800d2cc   0x00000068   Code   RO         7419    i.SIM7600_RecvDesposeCmd  modulea7680c.o
    0x0800d334   0x0800d334   0x0000004c   Code   RO         8135    i.SPI_FLASH_BufferRead  spi_flash.o
    0x0800d380   0x0800d380   0x0000008c   Code   RO         8136    i.SPI_FLASH_BufferWrite  spi_flash.o
    0x0800d40c   0x0800d40c   0x00000004   Code   RO         8139    i.SPI_FLASH_Detect  spi_flash.o
    0x0800d410   0x0800d410   0x0000005c   Code   RO         8140    i.SPI_FLASH_PageWrite  spi_flash.o
    0x0800d46c   0x0800d46c   0x0000003c   Code   RO         8141    i.SPI_FLASH_ReadByte  spi_flash.o
    0x0800d4a8   0x0800d4a8   0x00000048   Code   RO         8142    i.SPI_FLASH_ReadID  spi_flash.o
    0x0800d4f0   0x0800d4f0   0x00000044   Code   RO         8143    i.SPI_FLASH_SectorErase  spi_flash.o
    0x0800d534   0x0800d534   0x00000044   Code   RO         8144    i.SPI_FLASH_SendByte  spi_flash.o
    0x0800d578   0x0800d578   0x0000003c   Code   RO         8145    i.SPI_FLASH_WaitForWriteEnd  spi_flash.o
    0x0800d5b4   0x0800d5b4   0x00000020   Code   RO         8146    i.SPI_FLASH_WriteDisable  spi_flash.o
    0x0800d5d4   0x0800d5d4   0x00000020   Code   RO         8147    i.SPI_FLASH_WriteEnable  spi_flash.o
    0x0800d5f4   0x0800d5f4   0x00000054   Code   RO         8148    i.SPI_FLASH_WriteStatus  spi_flash.o
    0x0800d648   0x0800d648   0x00000034   Code   RO         7420    i.Send_AT_CGDCONT   modulea7680c.o
    0x0800d67c   0x0800d67c   0x00000024   Code   RO         7421    i.Send_AT_CIMI      modulea7680c.o
    0x0800d6a0   0x0800d6a0   0x00000088   Code   RO         7422    i.Send_AT_CIPCLOSE  modulea7680c.o
    0x0800d728   0x0800d728   0x00000028   Code   RO         7423    i.Send_AT_CIPMODE   modulea7680c.o
    0x0800d750   0x0800d750   0x00000088   Code   RO         7424    i.Send_AT_CIPRXGET  modulea7680c.o
    0x0800d7d8   0x0800d7d8   0x00000024   Code   RO         7426    i.Send_AT_CSQ       modulea7680c.o
    0x0800d7fc   0x0800d7fc   0x0000001c   Code   RO         7427    i.Send_AT_EnterATCmd  modulea7680c.o
    0x0800d818   0x0800d818   0x0000002c   Code   RO         7428    i.Send_AT_GET       modulea7680c.o
    0x0800d844   0x0800d844   0x00000028   Code   RO         7429    i.Send_AT_HTTPINIT  modulea7680c.o
    0x0800d86c   0x0800d86c   0x00000088   Code   RO         7430    i.Send_AT_HTTPPAR   modulea7680c.o
    0x0800d8f4   0x0800d8f4   0x000000a0   Code   RO         7431    i.Send_AT_HTTPPAR_PASSWORD  modulea7680c.o
    0x0800d994   0x0800d994   0x00000028   Code   RO         7432    i.Send_AT_HTTPTERM  modulea7680c.o
    0x0800d9bc   0x0800d9bc   0x00000028   Code   RO         7433    i.Send_AT_NETCLOSE  modulea7680c.o
    0x0800d9e4   0x0800d9e4   0x00000028   Code   RO         7434    i.Send_AT_NETOPEN   modulea7680c.o
    0x0800da0c   0x0800da0c   0x00000028   Code   RO         7435    i.Send_AT_NOTCIPMODE  modulea7680c.o
    0x0800da34   0x0800da34   0x00000080   Code   RO         7436    i.Send_AT_READ      modulea7680c.o
    0x0800dab4   0x0800dab4   0x00000028   Code   RO         7437    i.Send_AT_SetCIPRXGET  modulea7680c.o
    0x0800dadc   0x0800dadc   0x00000008   Code   RO          360    i.SetSysClock       system_at32f4xx.o
    0x0800dae4   0x0800dae4   0x0000011c   Code   RO          361    i.SetSysClockTo144M  system_at32f4xx.o
    0x0800dc00   0x0800dc00   0x0000002a   Code   RO         9247    i.SetVariColor      dwinprotocol.o
    0x0800dc2a   0x0800dc2a   0x00000002   PAD
    0x0800dc2c   0x0800dc2c   0x000000c4   Code   RO         5922    i.Set_V_Zero        hlw8112-spi.o
    0x0800dcf0   0x0800dcf0   0x0000006c   Code   RO         8911    i.Set_judge_rete_info  dwin_com_pro.o
    0x0800dd5c   0x0800dd5c   0x000000a0   Code   RO         5923    i.Set_underVoltage  hlw8112-spi.o
    0x0800ddfc   0x0800ddfc   0x00000090   Code   RO         8151    i.Spi_Flash_Io_Init  spi_flash.o
    0x0800de8c   0x0800de8c   0x00000020   Code   RO         8912    i.StoreRecodeCurNum  dwin_com_pro.o
    0x0800deac   0x0800deac   0x00000052   Code   RO         8913    i.StrToHex          dwin_com_pro.o
    0x0800defe   0x0800defe   0x00000028   Code   RO          980    i.SysTick_CLKSourceConfig  misc.o
    0x0800df26   0x0800df26   0x00000002   PAD
    0x0800df28   0x0800df28   0x0000001c   Code   RO         5756    i.SysTick_Handler   delay.o
    0x0800df44   0x0800df44   0x0000009c   Code   RO          363    i.SystemInit        system_at32f4xx.o
    0x0800dfe0   0x0800dfe0   0x000000a8   Code   RO         6089    i.TIM2_PWM_Conrtol  timer.o
    0x0800e088   0x0800e088   0x00000060   Code   RO         6090    i.TIM3_Int_Init     timer.o
    0x0800e0e8   0x0800e0e8   0x000000f4   Code   RO         6091    i.TMR3_GLOBAL_IRQHandler  timer.o
    0x0800e1dc   0x0800e1dc   0x00000018   Code   RO         2412    i.TMR_Cmd           at32f4xx_tim.o
    0x0800e1f4   0x0800e1f4   0x00000094   Code   RO         2446    i.TMR_OC2Init       at32f4xx_tim.o
    0x0800e288   0x0800e288   0x0000001a   Code   RO         2449    i.TMR_OC2PreloadConfig  at32f4xx_tim.o
    0x0800e2a2   0x0800e2a2   0x00000014   Code   RO         2459    i.TMR_OCStructInit  at32f4xx_tim.o
    0x0800e2b6   0x0800e2b6   0x00000002   PAD
    0x0800e2b8   0x0800e2b8   0x00000058   Code   RO         2484    i.TMR_TimeBaseInit  at32f4xx_tim.o
    0x0800e310   0x0800e310   0x00000012   Code   RO         2485    i.TMR_TimeBaseStructInit  at32f4xx_tim.o
    0x0800e322   0x0800e322   0x00000002   PAD
    0x0800e324   0x0800e324   0x00000034   Code   RO         8914    i.Time_charging     dwin_com_pro.o
    0x0800e358   0x0800e358   0x00000078   Code   RO         8915    i.Timing_charging   dwin_com_pro.o
    0x0800e3d0   0x0800e3d0   0x000000a8   Code   RO         5584    i.UART14Ginit       uart1.o
    0x0800e478   0x0800e478   0x0000001a   Code   RO         5585    i.UART1SENDBUF      uart1.o
    0x0800e492   0x0800e492   0x00000002   PAD
    0x0800e494   0x0800e494   0x0000001c   Code   RO         5586    i.UART1SendByte     uart1.o
    0x0800e4b0   0x0800e4b0   0x000000a4   Code   RO         5658    i.UART2Dispinit     uart2.o
    0x0800e554   0x0800e554   0x0000001a   Code   RO         5659    i.UART2SENDBUF      uart2.o
    0x0800e56e   0x0800e56e   0x00000002   PAD
    0x0800e570   0x0800e570   0x0000001c   Code   RO         5660    i.UART2SendByte     uart2.o
    0x0800e58c   0x0800e58c   0x00000050   Code   RO         6884    i.UART_4GWrite      4gmain.o
    0x0800e5dc   0x0800e5dc   0x00000040   Code   RO         5587    i.USART1_IRQHandler  uart1.o
    0x0800e61c   0x0800e61c   0x00000044   Code   RO         5588    i.USART1_RecvDispose  uart1.o
    0x0800e660   0x0800e660   0x00000040   Code   RO         5661    i.USART2_IRQHandler  uart2.o
    0x0800e6a0   0x0800e6a0   0x00000034   Code   RO         5662    i.USART2_RecvDispose  uart2.o
    0x0800e6d4   0x0800e6d4   0x00000028   Code   RO         5713    i.USART3_IRQHandler  485_1.o
    0x0800e6fc   0x0800e6fc   0x0000001e   Code   RO          797    i.USART_ClearITPendingBit  at32f4xx_usart.o
    0x0800e71a   0x0800e71a   0x00000018   Code   RO          800    i.USART_Cmd         at32f4xx_usart.o
    0x0800e732   0x0800e732   0x00000054   Code   RO          803    i.USART_GetITStatus  at32f4xx_usart.o
    0x0800e786   0x0800e786   0x0000004a   Code   RO          805    i.USART_INTConfig   at32f4xx_usart.o
    0x0800e7d0   0x0800e7d0   0x000000e8   Code   RO          806    i.USART_Init        at32f4xx_usart.o
    0x0800e8b8   0x0800e8b8   0x0000000a   Code   RO          811    i.USART_ReceiveData  at32f4xx_usart.o
    0x0800e8c2   0x0800e8c2   0x00000002   PAD
    0x0800e8c4   0x0800e8c4   0x000001b0   Code   RO         7788    i.Unlock_settlement  read_nuid.o
    0x0800ea74   0x0800ea74   0x00000050   Code   RO         8916    i.Unlock_settlementrecord  dwin_com_pro.o
    0x0800eac4   0x0800eac4   0x00000004   Code   RO          305    i.UsageFault_Handler  at32f4xx_it.o
    0x0800eac8   0x0800eac8   0x00000080   Code   RO         8917    i.WriterFmBill      dwin_com_pro.o
    0x0800eb48   0x0800eb48   0x00000254   Code   RO         7728    i.ZF_SendBill       zfframe.o
    0x0800ed9c   0x0800ed9c   0x000001f8   Code   RO         7729    i.ZF_SendDevState   zfframe.o
    0x0800ef94   0x0800ef94   0x000000c0   Code   RO         7730    i.ZF_SendFrameDispose  zfframe.o
    0x0800f054   0x0800f054   0x00000048   Code   RO         7731    i.ZF_SendHear       zfframe.o
    0x0800f09c   0x0800f09c   0x000000c0   Code   RO         7732    i.ZF_SendRegister   zfframe.o
    0x0800f15c   0x0800f15c   0x00000048   Code   RO         7733    i.ZF_SendStartCharge  zfframe.o
    0x0800f1a4   0x0800f1a4   0x00000014   Code   RO         6885    i._4G_GetStartType  4gmain.o
    0x0800f1b8   0x0800f1b8   0x00000010   Code   RO         6886    i._4G_RecvFrameDispose  4gmain.o
    0x0800f1c8   0x0800f1c8   0x00000016   Code   RO         6887    i._4G_SendBill      4gmain.o
    0x0800f1de   0x0800f1de   0x0000000e   Code   RO         6888    i._4G_SendCardInfo  4gmain.o
    0x0800f1ec   0x0800f1ec   0x00000006   Code   RO         6889    i._4G_SendCardVinCharge  4gmain.o
    0x0800f1f2   0x0800f1f2   0x0000000e   Code   RO         6890    i._4G_SendDevState  4gmain.o
    0x0800f200   0x0800f200   0x0000000a   Code   RO         6891    i._4G_SendFrameDispose  4gmain.o
    0x0800f20a   0x0800f20a   0x00000004   Code   RO         6892    i._4G_SendQueryRate  4gmain.o
    0x0800f20e   0x0800f20e   0x0000000e   Code   RO         6893    i._4G_SendRateAck   4gmain.o
    0x0800f21c   0x0800f21c   0x00000004   Code   RO         6894    i._4G_SendRateMode  4gmain.o
    0x0800f220   0x0800f220   0x00000004   Code   RO         6895    i._4G_SendSetTimeAck  4gmain.o
    0x0800f224   0x0800f224   0x0000000e   Code   RO         6896    i._4G_SendStartAck  4gmain.o
    0x0800f232   0x0800f232   0x0000000e   Code   RO         6897    i._4G_SendStopAck   4gmain.o
    0x0800f240   0x0800f240   0x00000006   Code   RO         6898    i._4G_SendVinInfo   4gmain.o
    0x0800f246   0x0800f246   0x0000001e   Code   RO         6899    i._4G_SetStartType  4gmain.o
    0x0800f264   0x0800f264   0x00000012   Code   RO         7944    i._RC522_delay_ns   rc522.o
    0x0800f276   0x0800f276   0x00000002   PAD
    0x0800f278   0x0800f278   0x00000020   Code   RO         9711    i.__0printf         mc_w.l(printfa.o)
    0x0800f298   0x0800f298   0x00000030   Code   RO         9712    i.__0snprintf       mc_w.l(printfa.o)
    0x0800f2c8   0x0800f2c8   0x00000008   Code   RO         9785    i.__aeabi_errno_addr  mc_w.l(errno.o)
    0x0800f2d0   0x0800f2d0   0x0000000e   Code   RO         9843    i.__scatterload_copy  mc_w.l(handlers.o)
    0x0800f2de   0x0800f2de   0x00000002   Code   RO         9844    i.__scatterload_null  mc_w.l(handlers.o)
    0x0800f2e0   0x0800f2e0   0x0000000e   Code   RO         9845    i.__scatterload_zeroinit  mc_w.l(handlers.o)
    0x0800f2ee   0x0800f2ee   0x00000006   Code   RO         6092    i.__set_PRIMASK     timer.o
    0x0800f2f4   0x0800f2f4   0x00000184   Code   RO         9718    i._fp_digits        mc_w.l(printfa.o)
    0x0800f478   0x0800f478   0x000006dc   Code   RO         9719    i._printf_core      mc_w.l(printfa.o)
    0x0800fb54   0x0800fb54   0x00000024   Code   RO         9720    i._printf_post_padding  mc_w.l(printfa.o)
    0x0800fb78   0x0800fb78   0x0000002e   Code   RO         9721    i._printf_pre_padding  mc_w.l(printfa.o)
    0x0800fba6   0x0800fba6   0x00000016   Code   RO         9722    i._snputc           mc_w.l(printfa.o)
    0x0800fbbc   0x0800fbbc   0x000000e8   Code   RO         6157    i.adc_init          adc.o
    0x0800fca4   0x0800fca4   0x00000038   Code   RO         7789    i.app_read_nuid     read_nuid.o
    0x0800fcdc   0x0800fcdc   0x0000005c   Code   RO         6413    i.ch_charging       chproc.o
    0x0800fd38   0x0800fd38   0x00000056   Code   RO         6414    i.ch_cplt_func      chproc.o
    0x0800fd8e   0x0800fd8e   0x00000002   PAD
    0x0800fd90   0x0800fd90   0x0000002c   Code   RO         6415    i.ch_ctl_disable    chproc.o
    0x0800fdbc   0x0800fdbc   0x0000002c   Code   RO         6416    i.ch_ctl_enable     chproc.o
    0x0800fde8   0x0800fde8   0x0000004c   Code   RO         6638    i.ch_cycle_get_8112  chtask.o
    0x0800fe34   0x0800fe34   0x00000058   Code   RO         6418    i.ch_fault_proc     chproc.o
    0x0800fe8c   0x0800fe8c   0x00000084   Code   RO         6639    i.ch_from_ctl_msg   chtask.o
    0x0800ff10   0x0800ff10   0x00000094   Code   RO         6640    i.ch_get_cp_state_info  chtask.o
    0x0800ffa4   0x0800ffa4   0x000000e4   Code   RO         6751    i.ch_get_cp_volt    cp.o
    0x08010088   0x08010088   0x00000090   Code   RO         6419    i.ch_info_update    chproc.o
    0x08010118   0x08010118   0x00000074   Code   RO         6420    i.ch_insert_proc    chproc.o
    0x0801018c   0x0801018c   0x00000074   Code   RO         6421    i.ch_is_cp_off      chproc.o
    0x08010200   0x08010200   0x00000080   Code   RO         6422    i.ch_is_end_condition  chproc.o
    0x08010280   0x08010280   0x0000000e   Code   RO         6423    i.ch_is_fault       chproc.o
    0x0801028e   0x0801028e   0x0000002c   Code   RO         6424    i.ch_is_insert      chproc.o
    0x080102ba   0x080102ba   0x00000002   PAD
    0x080102bc   0x080102bc   0x00000088   Code   RO         6425    i.ch_is_low_current  chproc.o
    0x08010344   0x08010344   0x0000008c   Code   RO         6426    i.ch_is_over_current  chproc.o
    0x080103d0   0x080103d0   0x0000008c   Code   RO         6427    i.ch_is_over_volt   chproc.o
    0x0801045c   0x0801045c   0x00000070   Code   RO         6428    i.ch_is_start       chproc.o
    0x080104cc   0x080104cc   0x000000f0   Code   RO         6429    i.ch_is_stp         chproc.o
    0x080105bc   0x080105bc   0x0000008c   Code   RO         6430    i.ch_is_under_volt  chproc.o
    0x08010648   0x08010648   0x00000018   Code   RO         6431    i.ch_jump_new_stat  chproc.o
    0x08010660   0x08010660   0x00000056   Code   RO         6432    i.ch_loop_proc      chproc.o
    0x080106b6   0x080106b6   0x00000002   PAD
    0x080106b8   0x080106b8   0x00000074   Code   RO         6641    i.ch_msg_proc       chtask.o
    0x0801072c   0x0801072c   0x00000024   Code   RO         6433    i.ch_precharge      chproc.o
    0x08010750   0x08010750   0x00000056   Code   RO         6434    i.ch_standy_proc    chproc.o
    0x080107a6   0x080107a6   0x00000002   PAD
    0x080107a8   0x080107a8   0x00000090   Code   RO         6435    i.ch_start_func     chproc.o
    0x08010838   0x08010838   0x00000032   Code   RO         6436    i.ch_stop_func      chproc.o
    0x0801086a   0x0801086a   0x00000002   PAD
    0x0801086c   0x0801086c   0x00000014   Code   RO         6642    i.ch_task_cycle_proc  chtask.o
    0x08010880   0x08010880   0x00000058   Code   RO         6643    i.ch_task_init      chtask.o
    0x080108d8   0x080108d8   0x00000018   Code   RO         6644    i.ch_task_tcu_msg_proc  chtask.o
    0x080108f0   0x080108f0   0x00000068   Code   RO         6437    i.ch_wait_car_ready  chproc.o
    0x08010958   0x08010958   0x00000030   Code   RO         6645    i.ch_wait_msg       chtask.o
    0x08010988   0x08010988   0x0000000e   Code   RO         6438    i.ch_wait_stop      chproc.o
    0x08010996   0x08010996   0x0000000c   Code   RO         6439    i.cp_pwm_ch_puls    chproc.o
    0x080109a2   0x080109a2   0x0000000a   Code   RO         6440    i.cp_pwm_full       chproc.o
    0x080109ac   0x080109ac   0x00000070   Code   RO         5757    i.delay_init        delay.o
    0x08010a1c   0x08010a1c   0x00000050   Code   RO         5758    i.delay_m           delay.o
    0x08010a6c   0x08010a6c   0x0000000a   Code   RO         5759    i.delay_osschedlock  delay.o
    0x08010a76   0x08010a76   0x0000000a   Code   RO         5760    i.delay_osschedunlock  delay.o
    0x08010a80   0x08010a80   0x00000010   Code   RO         5761    i.delay_ostimedly   delay.o
    0x08010a90   0x08010a90   0x00000058   Code   RO         5762    i.delay_u           delay.o
    0x08010ae8   0x08010ae8   0x00000180   Code   RO         8918    i.dwin_show         dwin_com_pro.o
    0x08010c68   0x08010c68   0x000000b0   Code   RO         8919    i.dwin_show_record  dwin_com_pro.o
    0x08010d18   0x08010d18   0x00000198   Code   RO         8920    i.dwin_show_state   dwin_com_pro.o
    0x08010eb0   0x08010eb0   0x000000cc   Code   RO         6209    i.ertc              ertc.o
    0x08010f7c   0x08010f7c   0x00000050   Code   RO         8098    i.fal_partition_read  flashdispos.o
    0x08010fcc   0x08010fcc   0x00000050   Code   RO         8099    i.fal_partition_write  flashdispos.o
    0x0801101c   0x0801101c   0x00000218   Code   RO         8921    i.flash_para_init   dwin_com_pro.o
    0x08011234   0x08011234   0x00000004   Code   RO         3032    i.fputc             at32_board.o
    0x08011238   0x08011238   0x0000001c   Code   RO         7208    i.get_crc_Data      hyframe.o
    0x08011254   0x08011254   0x000001d4   Code   RO         6441    i.get_q_money       chproc.o
    0x08011428   0x08011428   0x0000007c   Code   RO         6646    i.io_input_period   chtask.o
    0x080114a4   0x080114a4   0x00000024   Code   RO         8923    i.judge_rete_info   dwin_com_pro.o
    0x080114c8   0x080114c8   0x00000064   Code   RO            9    i.main              main.o
    0x0801152c   0x0801152c   0x0000003c   Code   RO         7790    i.mode5             read_nuid.o
    0x08011568   0x08011568   0x00000050   Code   RO         6442    i.money_not_enough  chproc.o
    0x080115b8   0x080115b8   0x00000020   Code   RO         6795    i.mq_service_4GUart_send_recv  mq_service.o
    0x080115d8   0x080115d8   0x00000020   Code   RO         6796    i.mq_service_card_send_disp  mq_service.o
    0x080115f8   0x080115f8   0x00000020   Code   RO         6797    i.mq_service_ch_send_dip  mq_service.o
    0x08011618   0x08011618   0x00000020   Code   RO         6798    i.mq_service_dwinrecv_send_disp  mq_service.o
    0x08011638   0x08011638   0x00000038   Code   RO         6799    i.mq_service_moduleid_exist  mq_service.o
    0x08011670   0x08011670   0x00000072   Code   RO         6800    i.mq_service_recv_msg  mq_service.o
    0x080116e2   0x080116e2   0x00000002   PAD
    0x080116e4   0x080116e4   0x00000210   Code   RO         6801    i.mq_service_send_msg  mq_service.o
    0x080118f4   0x080118f4   0x00000020   Code   RO         6802    i.mq_service_send_to_4gsend  mq_service.o
    0x08011914   0x08011914   0x00000024   Code   RO         6803    i.mq_service_xxx_send_msg_to_chtask  mq_service.o
    0x08011938   0x08011938   0x00000044   Code   RO         8924    i.passwordmodify    dwin_com_pro.o
    0x0801197c   0x0801197c   0x0000004c   Code   RO         7792    i.read_card_money   read_nuid.o
    0x080119c8   0x080119c8   0x0000006c   Code   RO         7793    i.read_card_type    read_nuid.o
    0x08011a34   0x08011a34   0x00000030   Code   RO         7794    i.read_lock_state   read_nuid.o
    0x08011a64   0x08011a64   0x0000005c   Code   RO         8925    i.rt_dwin_period_entry  dwin_com_pro.o
    0x08011ac0   0x08011ac0   0x00000230   Code   RO         8926    i.rt_dwin_state_dispose  dwin_com_pro.o
    0x08011cf0   0x08011cf0   0x00000042   Code   RO         8927    i.send_ch_ctl_msg   dwin_com_pro.o
    0x08011d32   0x08011d32   0x00000026   Code   RO         7795    i.set_CardMCUID     read_nuid.o
    0x08011d58   0x08011d58   0x00000016   Code   RO         7796    i.set_card_money    read_nuid.o
    0x08011d6e   0x08011d6e   0x00000002   PAD
    0x08011d70   0x08011d70   0x00000048   Code   RO         6210    i.set_date          ertc.o
    0x08011db8   0x08011db8   0x00000044   Code   RO         6211    i.set_time          ertc.o
    0x08011dfc   0x08011dfc   0x0000002c   Code   RO         7797    i.show_Notcalculated  read_nuid.o
    0x08011e28   0x08011e28   0x0000003c   Code   RO         9249    i.simulation_Print  dwinprotocol.o
    0x08011e64   0x08011e64   0x0000015c   Code   RO         7798    i.slotcard_state    read_nuid.o
    0x08011fc0   0x08011fc0   0x000002e0   Code   RO         7799    i.start_change_card  read_nuid.o
    0x080122a0   0x080122a0   0x00000150   Code   RO         7800    i.startchargUnlock  read_nuid.o
    0x080123f0   0x080123f0   0x000000f8   Code   RO         7801    i.stop_change_card  read_nuid.o
    0x080124e8   0x080124e8   0x000000a4   Code   RO         6349    i.time              ch_port.o
    0x0801258c   0x0801258c   0x000000f6   Code   RO         8928    i.timeSert          dwin_com_pro.o
    0x08012682   0x08012682   0x00000002   PAD
    0x08012684   0x08012684   0x0000002c   Code   RO         6350    i.time_cal_day      ch_port.o
    0x080126b0   0x080126b0   0x00000044   Code   RO         7802    i.writer_lock_state  read_nuid.o
    0x080126f4   0x080126f4   0x00000010   Data   RO          582    .constdata          at32f4xx_rcc.o
    0x08012704   0x08012704   0x00000094   Data   RO         3637    .constdata          os_cfg_app.o
    0x08012798   0x08012798   0x00000168   Data   RO         3875    .constdata          os_dbg.o
    0x08012900   0x08012900   0x00000013   Data   RO         6351    .constdata          ch_port.o
    0x08012913   0x08012913   0x00000001   PAD
    0x08012914   0x08012914   0x00000068   Data   RO         7210    .constdata          hyframe.o
    0x0801297c   0x0801297c   0x000000b0   Data   RO         7439    .constdata          modulea7680c.o
    0x08012a2c   0x08012a2c   0x00000060   Data   RO         8100    .constdata          flashdispos.o
    0x08012a8c   0x08012a8c   0x000001bc   Data   RO         8846    .constdata          dispshowstatus.o
    0x08012c48   0x08012c48   0x00000080   Data   RO         8930    .constdata          dwin_com_pro.o
    0x08012cc8   0x08012cc8   0x00000081   Data   RO         9810    .constdata          mc_w.l(ctype_o.o)
    0x08012d49   0x08012d49   0x00000003   PAD
    0x08012d4c   0x08012d4c   0x00000004   Data   RO         9811    .constdata          mc_w.l(ctype_o.o)
    0x08012d50   0x08012d50   0x00000137   Data   RO         7440    .conststring        modulea7680c.o
    0x08012e87   0x08012e87   0x00000001   PAD
    0x08012e88   0x08012e88   0x00000149   Data   RO         8847    .conststring        dispshowstatus.o
    0x08012fd1   0x08012fd1   0x00000003   PAD
    0x08012fd4   0x08012fd4   0x00000020   Data   RO         9841    Region$$Table       anon$$obj.o


    Execution Region RW_IRAM1 (Exec base: 0x20000000, Load base: 0x08012ff4, Size: 0x00007bd0, Max: 0x00008000, ABSOLUTE, COMPRESSED[0x000001f4])

    Exec Addr    Load Addr    Size         Type   Attr      Idx    E Section Name        Object

    0x20000000   COMPRESSED   0x0000003c   Data   RW           11    .data               main.o
    0x2000003c   COMPRESSED   0x00000014   Data   RW          364    .data               system_at32f4xx.o
    0x20000050   COMPRESSED   0x00000049   Data   RW         3033    .data               at32_board.o
    0x20000099   COMPRESSED   0x00000003   PAD
    0x2000009c   COMPRESSED   0x00000004   Data   RW         3153    .data               os_cpu_c.o
    0x200000a0   COMPRESSED   0x00000008   Data   RW         4121    .data               os_prio.o
    0x200000a8   COMPRESSED   0x000000a8   Data   RW         4679    .data               os_var.o
    0x20000150   COMPRESSED   0x00000004   Data   RW         4764    .data               cpu_core.o
    0x20000154   COMPRESSED   0x00000004   Data   RW         5763    .data               delay.o
    0x20000158   COMPRESSED   0x000000b8   Data   RW         5925    .data               hlw8112-spi.o
    0x20000210   COMPRESSED   0x00000008   Data   RW         6094    .data               timer.o
    0x20000218   COMPRESSED   0x0000001c   Data   RW         6213    .data               ertc.o
    0x20000234   COMPRESSED   0x0000000c   Data   RW         6443    .data               chproc.o
    0x20000240   COMPRESSED   0x0000000e   Data   RW         6648    .data               chtask.o
    0x2000024e   COMPRESSED   0x00000002   Data   RW         6805    .data               mq_service.o
    0x20000250   COMPRESSED   0x00000059   Data   RW         6901    .data               4gmain.o
    0x200002a9   COMPRESSED   0x00000003   PAD
    0x200002ac   COMPRESSED   0x00000024   Data   RW         7085    .data               4grecv.o
    0x200002d0   COMPRESSED   0x00000008   Data   RW         7122    .data               4gsend.o
    0x200002d8   COMPRESSED   0x0000003e   Data   RW         7211    .data               hyframe.o
    0x20000316   COMPRESSED   0x00000002   PAD
    0x20000318   COMPRESSED   0x00000013   Data   RW         7441    .data               modulea7680c.o
    0x2000032b   COMPRESSED   0x00000001   PAD
    0x2000032c   COMPRESSED   0x00000030   Data   RW         7734    .data               zfframe.o
    0x2000035c   COMPRESSED   0x00000004   Data   RW         7804    .data               read_nuid.o
    0x20000360   COMPRESSED   0x00000006   Data   RW         7945    .data               rc522.o
    0x20000366   COMPRESSED   0x00000002   PAD
    0x20000368   COMPRESSED   0x00000005   Data   RW         8155    .data               spi_flash.o
    0x2000036d   COMPRESSED   0x00000003   PAD
    0x20000370   COMPRESSED   0x0000000c   Data   RW         8374    .data               dispkey.o
    0x2000037c   COMPRESSED   0x00000004   Data   RW         8635    .data               dispkeyfunction.o
    0x20000380   COMPRESSED   0x00000031   Data   RW         8931    .data               dwin_com_pro.o
    0x200003b1   COMPRESSED   0x00000003   PAD
    0x200003b4   COMPRESSED   0x000002d0   Data   RW         9427    .data               menudisp .o
    0x20000684   COMPRESSED   0x00000004   Data   RW         9471    .data               mc_w.l(strtok.o)
    0x20000688   COMPRESSED   0x00000004   Data   RW         9788    .data               mc_w.l(errno.o)
    0x2000068c        -       0x00001fa4   Zero   RW           10    .bss                main.o
    0x20002630        -       0x00000d20   Zero   RW         3636    .bss                os_cfg_app.o
    0x20003350        -       0x00000618   Zero   RW         4678    .bss                os_var.o
    0x20003968        -       0x00000010   Zero   RW         4762    .bss                cpu_core.o
    0x20003978        -       0x00000420   Zero   RW         5589    .bss                uart1.o
    0x20003d98        -       0x00000038   Zero   RW         5663    .bss                uart2.o
    0x20003dd0        -       0x00000024   Zero   RW         6093    .bss                timer.o
    0x20003df4        -       0x00000108   Zero   RW         6159    .bss                adc.o
    0x20003efc        -       0x0000000c   Zero   RW         6212    .bss                ertc.o
    0x20003f08        -       0x000002bc   Zero   RW         6647    .bss                chtask.o
    0x200041c4        -       0x00000ee8   Zero   RW         6804    .bss                mq_service.o
    0x200050ac        -       0x0000012e   Zero   RW         6900    .bss                4gmain.o
    0x200051da   COMPRESSED   0x00000002   PAD
    0x200051dc        -       0x000006ba   Zero   RW         7084    .bss                4grecv.o
    0x20005896   COMPRESSED   0x00000002   PAD
    0x20005898        -       0x00000292   Zero   RW         7121    .bss                4gsend.o
    0x20005b2a        -       0x00000533   Zero   RW         7209    .bss                hyframe.o
    0x2000605d        -       0x00000011   Zero   RW         7438    .bss                modulea7680c.o
    0x2000606e   COMPRESSED   0x00000002   PAD
    0x20006070        -       0x0000007c   Zero   RW         7803    .bss                read_nuid.o
    0x200060ec        -       0x00001000   Zero   RW         8154    .bss                spi_flash.o
    0x200070ec        -       0x00000606   Zero   RW         8929    .bss                dwin_com_pro.o
    0x200076f2        -       0x000000c9   Zero   RW         9250    .bss                dwinprotocol.o
    0x200077bb   COMPRESSED   0x00000001   PAD
    0x200077bc        -       0x00000010   Zero   RW         9443    .bss                dlt645_port.o
    0x200077cc   COMPRESSED   0x00000004   PAD
    0x200077d0        -       0x00000400   Zero   RW          403    STACK               startup_at32f415cbt7.o


==============================================================================

Image component sizes


      Code (inc. data)   RO Data    RW Data    ZI Data      Debug   Object Name

        40          6          0          0          0       2707   485_1.o
      1052         92          0         89        302      18432   4gmain.o
       764         92          0         36       1722       2709   4grecv.o
       796         98          0          8        658       3175   4gsend.o
       298         26          0          0        264       2761   adc.o
         4          0          0         73          0       3687   at32_board.o
       408         10          0          0          0       9279   at32f4xx_adc.o
       442          8          0          0          0       4683   at32f4xx_dma.o
      1110         76          0          0          0      10849   at32f4xx_ertc.o
       148          6          0          0          0       1244   at32f4xx_exti.o
      1332         16          0          0          0       6465   at32f4xx_gpio.o
        20          0          0          0          0       2813   at32f4xx_it.o
        68         30          0          0          0       3055   at32f4xx_iwdg.o
        12          6          0          0          0        635   at32f4xx_pwr.o
      1220        140         16          0          0      10946   at32f4xx_rcc.o
       324         20          0          0          0       4930   at32f4xx_tim.o
       454          6          0          0          0       6529   at32f4xx_usart.o
        92         14          0          0          0       2433   bsp.o
       208          8         19          0          0       7226   ch_port.o
      2938        306          0         12          0      26928   chproc.o
       956        216          0         14        700      12734   chtask.o
       228          4          0          0          0       1509   cp.o
        52          0          0          0          0        452   cpu_a.o
       100         18          0          4         16       5281   cpu_core.o
       344         40          0          4          0       4587   delay.o
       408         20          0          0          0        830   device.o
      2426        334          0         12          0      22788   dispkey.o
       156         14          0          4          0      19354   dispkeyfunction.o
       288         18        773          0          0       3435   dispshowstatus.o
         0          0          0          0         16        906   dlt645_port.o
     10866       1188        128         49       1542      47911   dwin_com_pro.o
       718         20          0          0        201      11406   dwinprotocol.o
       710        186          0         28         12       5790   ertc.o
       160         12         96          0          0       2492   flashdispos.o
      4024        918          0        184          0      19271   hlw8112-spi.o
      4718        364        104         62       1331      29763   hyframe.o
         0          0          0          0          0       7960   lib_ascii.o
         0          0          0          0          0       1581   lib_math.o
       102          0          0          0          0       2124   lib_mem.o
      1412        350          0         60       8100     387263   main.o
         0          0          0        720          0       1485   menudisp .o
       172         22          0          0          0       2573   misc.o
      6382       1476        487         19         17      38807   modulea7680c.o
       894         52          0          2       3816       8491   mq_service.o
         2          0        148          0       3360      19332   os_cfg_app.o
      2522        334          0          0          0      21518   os_core.o
       152         32          0          0          0        512   os_cpu_a.o
       416         32          0          4          0       8441   os_cpu_c.o
       424        278        360          0          0       5053   os_dbg.o
        24         10          0          0          0       1094   os_flag.o
        24         10          0          0          0       1097   os_mem.o
       570         32          0          0          0       4722   os_msg.o
      1172         78          0          0          0       5092   os_mutex.o
       136         16          0          8          0       3426   os_prio.o
      1018         56          0          0          0       6251   os_q.o
        24         10          0          0          0       1089   os_sem.o
      1484        190          0          0          0       4407   os_stat.o
      2958        168          0          0          0      14149   os_task.o
      1088         92          0          0          0       7078   os_tick.o
       304         36          0          0          0       2693   os_time.o
       570        142          0          0          0       4647   os_tmr.o
         0          0          0        168       1560      17649   os_var.o
      2372         74          0          6          0      20416   rc522.o
      3188        334          0          4        124      12953   read_nuid.o
      1318        104          0          5       4096      11639   spi_flash.o
        36          8        368          0       1024        960   startup_at32f415cbt7.o
       448         52          0         20          0       2519   system_at32f4xx.o
       514         54          0          8         36       6976   timer.o
       354         30          0          0       1056      11771   uart1.o
       334         30          0          0         56       6317   uart2.o
      1628         50          0         48          0       7957   zfframe.o

    ----------------------------------------------------------------------
     70026       8464       2536       1668      30020     980037   Object Totals
         0          0         32          0          0          0   (incl. Generated)
       100          0          5         17         11          0   (incl. Padding)

    ----------------------------------------------------------------------

      Code (inc. data)   RO Data    RW Data    ZI Data      Debug   Library Member Name

        86          0          0          0          0          0   __dczerorl2.o
        28          0          0          0          0         68   _chval.o
       158          0          0          0          0         92   _strtoul.o
        26          0          0          0          0         80   atoi.o
         8          4        133          0          0         68   ctype_o.o
         0          0          0          0          0          0   entry.o
         0          0          0          0          0          0   entry10a.o
         0          0          0          0          0          0   entry11a.o
         8          4          0          0          0          0   entry2.o
         4          0          0          0          0          0   entry5.o
         0          0          0          0          0          0   entry7b.o
         0          0          0          0          0          0   entry8b.o
         8          4          0          0          0          0   entry9a.o
         8          4          0          4          0         68   errno.o
        30          0          0          0          0          0   handlers.o
        36          8          0          0          0         68   init.o
         0          0          0          0          0          0   iusefp.o
        30          0          0          0          0         68   llshl.o
        36          0          0          0          0         68   llsshr.o
        32          0          0          0          0         68   llushr.o
        36          0          0          0          0         68   memcpya.o
        36          0          0          0          0        108   memseta.o
      2328         94          0          0          0        604   printfa.o
        14          0          0          0          0         68   strlen.o
        30          0          0          0          0         80   strncmp.o
        36          0          0          0          0         80   strstr.o
        68          6          0          4          0         80   strtok.o
       112          0          0          0          0         88   strtol.o
        44          0          0          0          0         80   uidiv.o
        98          0          0          0          0         92   uldiv.o
        48          0          0          0          0         68   cdcmple.o
        48          0          0          0          0         68   cdrcmple.o
        20          0          0          0          0         68   cfcmple.o
        20          0          0          0          0         68   cfrcmple.o
        56          0          0          0          0         88   d2f.o
       334          0          0          0          0        148   dadd.o
       222          0          0          0          0        100   ddiv.o
       186          0          0          0          0        176   depilogue.o
        48          0          0          0          0         68   dfixul.o
       228          0          0          0          0         96   dmul.o
        38          0          0          0          0         68   f2d.o
       176          0          0          0          0        140   fadd.o
       124          0          0          0          0         88   fdiv.o
       110          0          0          0          0        168   fepilogue.o
        40          0          0          0          0         68   ffixui.o
        10          0          0          0          0         68   ffltui.o
       100          0          0          0          0         76   fmul.o

    ----------------------------------------------------------------------
      5114        124        136          8          0       3620   Library Totals
         6          0          3          0          0          0   (incl. Padding)

    ----------------------------------------------------------------------

      Code (inc. data)   RO Data    RW Data    ZI Data      Debug   Library Name

      3300        124        133          8          0       1996   mc_w.l
      1808          0          0          0          0       1624   mf_w.l

    ----------------------------------------------------------------------
      5114        124        136          8          0       3620   Library Totals

    ----------------------------------------------------------------------

==============================================================================


      Code (inc. data)   RO Data    RW Data    ZI Data      Debug   

     75140       8588       2672       1676      30020     949673   Grand Totals
     75140       8588       2672        500      30020     949673   ELF Image Totals (compressed)
     75140       8588       2672        500          0          0   ROM Totals

==============================================================================

    Total RO  Size (Code + RO Data)                77812 (  75.99kB)
    Total RW  Size (RW Data + ZI Data)             31696 (  30.95kB)
    Total ROM Size (Code + RO Data + RW Data)      78312 (  76.48kB)

==============================================================================

