Component: ARM Compiler 5.06 update 7 (build 960) Tool: armlink [4d3601]

==============================================================================

Section Cross References

    main.o(i.AppTaskCreate) refers to os_task.o(i.OSTaskCreate) for OSTaskCreate
    main.o(i.AppTaskCreate) refers to main.o(.bss) for AppTaskCardStk
    main.o(i.AppTaskCreate) refers to read_nuid.o(i.AppTaskCard) for AppTaskCard
    main.o(i.AppTaskCreate) refers to chtask.o(i.AppTaskCharge) for AppTaskCharge
    main.o(i.AppTaskCreate) refers to dwin_com_pro.o(i.AppTaskDwin) for AppTaskDwin
    main.o(i.AppTaskCreate) refers to 4gmain.o(i.AppTask4GMain) for AppTask4GMain
    main.o(i.AppTaskCreate) refers to 4grecv.o(i.AppTask4GRecv) for AppTask4GRecv
    main.o(i.AppTaskCreate) refers to 4gsend.o(i.AppTask4GSend) for AppTask4GSend
    main.o(i.AppTaskCreate) refers to dlt645_port.o(i.AppTaskdlt645) for AppTaskdlt645
    main.o(i.AppTaskStart) refers to bsp.o(i.BSP_Init) for BSP_Init
    main.o(i.AppTaskStart) refers to cpu_core.o(i.CPU_Init) for CPU_Init
    main.o(i.AppTaskStart) refers to bsp.o(i.BSP_CPU_ClkFreq) for BSP_CPU_ClkFreq
    main.o(i.AppTaskStart) refers to os_cpu_c.o(i.OS_CPU_SysTickInit) for OS_CPU_SysTickInit
    main.o(i.AppTaskStart) refers to os_stat.o(i.OSStatTaskCPUUsageInit) for OSStatTaskCPUUsageInit
    main.o(i.AppTaskStart) refers to spi_flash.o(i.Spi_Flash_Io_Init) for Spi_Flash_Io_Init
    main.o(i.AppTaskStart) refers to spi_flash.o(i.FLASH_Init) for FLASH_Init
    main.o(i.AppTaskStart) refers to ertc.o(i.ertc) for ertc
    main.o(i.AppTaskStart) refers to printf8.o(i.__0printf$8) for __2printf
    main.o(i.AppTaskStart) refers to delay.o(i.delay_init) for delay_init
    main.o(i.AppTaskStart) refers to device.o(i.Mcu_Io_Init) for Mcu_Io_Init
    main.o(i.AppTaskStart) refers to timer.o(i.TIM3_Int_Init) for TIM3_Int_Init
    main.o(i.AppTaskStart) refers to hlw8112-spi.o(i.Init_HLW8112) for Init_HLW8112
    main.o(i.AppTaskStart) refers to timer.o(i.TIM4_Int_Init) for TIM4_Int_Init
    main.o(i.AppTaskStart) refers to main.o(i.AppTaskCreate) for AppTaskCreate
    main.o(i.AppTaskStart) refers to at32f4xx_iwdg.o(i.IWDG_ReloadCounter) for IWDG_ReloadCounter
    main.o(i.AppTaskStart) refers to os_time.o(i.OSTimeDly) for OSTimeDly
    main.o(i.AppTaskStart) refers to ertc.o(i.ERTC_TimeShow) for ERTC_TimeShow
    main.o(i.AppTaskStart) refers to adc.o(i.PE_cheack_HL) for PE_cheack_HL
    main.o(i.AppTaskStart) refers to adc.o(i.zhanlian_check) for zhanlian_check
    main.o(i.AppTaskStart) refers to adc.o(i.short_Cheack) for short_Cheack
    main.o(i.AppTaskStart) refers to os_cfg_app.o(.constdata) for OSCfg_TickRate_Hz
    main.o(i.AppTaskStart) refers to main.o(.data) for reststae
    main.o(i.AppTaskStart) refers to main.o(.bss) for OnlyMCUID
    main.o(i.AppTaskStart) refers to ertc.o(.data) for ERTC_DateStructure
    main.o(i.IWDG_Config) refers to at32f4xx_iwdg.o(i.IWDG_KeyRegWrite) for IWDG_KeyRegWrite
    main.o(i.IWDG_Config) refers to at32f4xx_iwdg.o(i.IWDG_SetPrescaler) for IWDG_SetPrescaler
    main.o(i.IWDG_Config) refers to at32f4xx_iwdg.o(i.IWDG_SetReload) for IWDG_SetReload
    main.o(i.IWDG_Config) refers to at32f4xx_iwdg.o(i.IWDG_ReloadCounter) for IWDG_ReloadCounter
    main.o(i.IWDG_Config) refers to at32f4xx_iwdg.o(i.IWDG_Enable) for IWDG_Enable
    main.o(i.IWDG_Feed) refers to at32f4xx_iwdg.o(i.IWDG_ReloadCounter) for IWDG_ReloadCounter
    main.o(i.JumpToProgramCode) refers to main.o(.data) for JumpAddress
    main.o(i.main) refers to os_core.o(i.OSInit) for OSInit
    main.o(i.main) refers to os_task.o(i.OSTaskCreate) for OSTaskCreate
    main.o(i.main) refers to os_core.o(i.OSStart) for OSStart
    main.o(i.main) refers to main.o(.bss) for AppTaskStartStk
    main.o(i.main) refers to main.o(i.AppTaskStart) for AppTaskStart
    at32f4xx_it.o(i.HardFault_Handler) refers to flashdispos.o(i.fal_partition_read) for fal_partition_read
    at32f4xx_it.o(i.HardFault_Handler) refers to flashdispos.o(i.fal_partition_write) for fal_partition_write
    at32f4xx_it.o(i.HardFault_Handler) refers to at32f4xx_it.o(.bss) for sijit123
    system_at32f4xx.o(i.SetSysClock) refers to system_at32f4xx.o(i.SetSysClockTo144M) for SetSysClockTo144M
    system_at32f4xx.o(i.SetSysClockTo144M) refers to at32f4xx_rcc.o(i.RCC_PLLFrefTableConfig) for RCC_PLLFrefTableConfig
    system_at32f4xx.o(i.SetSysClockTo144M) refers to at32f4xx_rcc.o(i.RCC_StepModeCmd) for RCC_StepModeCmd
    system_at32f4xx.o(i.SystemCoreClockUpdate) refers to system_at32f4xx.o(.data) for SystemCoreClock
    system_at32f4xx.o(i.SystemInit) refers to at32f4xx_rcc.o(i.RCC_APB1PeriphClockCmd) for RCC_APB1PeriphClockCmd
    system_at32f4xx.o(i.SystemInit) refers to system_at32f4xx.o(i.SetSysClock) for SetSysClock
    startup_at32f415cbt7.o(RESET) refers to startup_at32f415cbt7.o(STACK) for __initial_sp
    startup_at32f415cbt7.o(RESET) refers to startup_at32f415cbt7.o(.text) for Reset_Handler
[...]

    Exec Addr    Load Addr    Size         Type   Attr      Idx    E Section Name        Object

    0x08000000   0x08000000   0x00000170   Data   RO          450    RESET               startup_at32f415cbt7.o
    0x08000170   0x08000170   0x00000000   Code   RO         9736  * .ARM.Collect$$$$00000000  mc_w.l(entry.o)
    0x08000170   0x08000170   0x00000004   Code   RO        10056    .ARM.Collect$$$$00000001  mc_w.l(entry2.o)
    0x08000174   0x08000174   0x00000004   Code   RO        10059    .ARM.Collect$$$$00000004  mc_w.l(entry5.o)
    0x08000178   0x08000178   0x00000000   Code   RO        10061    .ARM.Collect$$$$00000008  mc_w.l(entry7b.o)
    0x08000178   0x08000178   0x00000000   Code   RO        10063    .ARM.Collect$$$$0000000A  mc_w.l(entry8b.o)
    0x08000178   0x08000178   0x00000008   Code   RO        10064    .ARM.Collect$$$$0000000B  mc_w.l(entry9a.o)
    0x08000180   0x08000180   0x00000004   Code   RO        10071    .ARM.Collect$$$$0000000E  mc_w.l(entry12b.o)
    0x08000184   0x08000184   0x00000000   Code   RO        10066    .ARM.Collect$$$$0000000F  mc_w.l(entry10a.o)
    0x08000184   0x08000184   0x00000000   Code   RO        10068    .ARM.Collect$$$$00000011  mc_w.l(entry11a.o)
    0x08000184   0x08000184   0x00000004   Code   RO        10057    .ARM.Collect$$$$00002712  mc_w.l(entry2.o)
    0x08000188   0x08000188   0x00000024   Code   RO          451    .text               startup_at32f415cbt7.o
    0x080001ac   0x080001ac   0x00000034   Code   RO         4733    .text               cpu_a.o
    0x080001e0   0x080001e0   0x00000062   Code   RO         9739    .text               mc_w.l(uldiv.o)
    0x08000242   0x08000242   0x00000024   Code   RO         9741    .text               mc_w.l(memcpya.o)
    0x08000266   0x08000266   0x00000024   Code   RO         9743    .text               mc_w.l(memseta.o)
    0x0800028a   0x0800028a   0x00000024   Code   RO         9745    .text               mc_w.l(strstr.o)
    0x080002ae   0x080002ae   0x0000000e   Code   RO         9747    .text               mc_w.l(strlen.o)
    0x080002bc   0x080002bc   0x0000001e   Code   RO         9749    .text               mc_w.l(strncmp.o)
    0x080002da   0x080002da   0x00000002   PAD
    0x080002dc   0x080002dc   0x00000044   Code   RO         9751    .text               mc_w.l(strtok.o)
    0x08000320   0x08000320   0x0000001a   Code   RO        10020    .text               mc_w.l(atoi.o)
    0x0800033a   0x0800033a   0x000000b0   Code   RO        10022    .text               mf_w.l(fadd.o)
    0x080003ea   0x080003ea   0x00000064   Code   RO        10024    .text               mf_w.l(fmul.o)
    0x0800044e   0x0800044e   0x0000007c   Code   RO        10026    .text               mf_w.l(fdiv.o)
    0x080004ca   0x080004ca   0x0000014e   Code   RO        10028    .text               mf_w.l(dadd.o)
    0x08000618   0x08000618   0x000000e4   Code   RO        10030    .text               mf_w.l(dmul.o)
    0x080006fc   0x080006fc   0x000000de   Code   RO        10032    .text               mf_w.l(ddiv.o)
    0x080007da   0x080007da   0x0000000a   Code   RO        10034    .text               mf_w.l(ffltui.o)
    0x080007e4   0x080007e4   0x0000001c   Code   RO        10036    .text               mf_w.l(ffltul.o)
    0x08000800   0x08000800   0x0000001a   Code   RO        10038    .text               mf_w.l(dfltui.o)
    0x0800081a   0x0800081a   0x00000028   Code   RO        10040    .text               mf_w.l(ffixui.o)
    0x08000842   0x08000842   0x00000032   Code   RO        10042    .text               mf_w.l(dfixui.o)
    0x08000874   0x08000874   0x00000026   Code   RO        10044    .text               mf_w.l(f2d.o)
    0x0800089a   0x0800089a   0x00000002   PAD
    0x0800089c   0x0800089c   0x00000030   Code   RO        10046    .text               mf_w.l(cdcmple.o)
    0x080008cc   0x080008cc   0x00000030   Code   RO        10048    .text               mf_w.l(cdrcmple.o)
    0x080008fc   0x080008fc   0x00000038   Code   RO        10050    .text               mf_w.l(d2f.o)
    0x08000934   0x08000934   0x00000014   Code   RO        10052    .text               mf_w.l(cfcmple.o)
    0x08000948   0x08000948   0x00000014   Code   RO        10054    .text               mf_w.l(cfrcmple.o)
    0x0800095c   0x0800095c   0x0000001e   Code   RO        10074    .text               mc_w.l(llshl.o)
    0x0800097a   0x0800097a   0x00000020   Code   RO        10076    .text               mc_w.l(llushr.o)
    0x0800099a   0x0800099a   0x00000024   Code   RO        10078    .text               mc_w.l(llsshr.o)
    0x080009be   0x080009be   0x00000070   Code   RO        10087    .text               mc_w.l(strtol.o)
    0x08000a2e   0x08000a2e   0x00000000   Code   RO        10089    .text               mc_w.l(iusefp.o)
    0x08000a2e   0x08000a2e   0x0000006e   Code   RO        10090    .text               mf_w.l(fepilogue.o)
    0x08000a9c   0x08000a9c   0x000000ba   Code   RO        10092    .text               mf_w.l(depilogue.o)
    0x08000b56   0x08000b56   0x00000002   PAD
    0x08000b58   0x08000b58   0x00000024   Code   RO        10096    .text               mc_w.l(init.o)
    0x08000b7c   0x08000b7c   0x00000008   Code   RO        10098    .text               mc_w.l(ctype_o.o)
    0x08000b84   0x08000b84   0x0000009e   Code   RO        10126    .text               mc_w.l(_strtoul.o)
    0x08000c22   0x08000c22   0x0000001c   Code   RO        10128    .text               mc_w.l(_chval.o)
    0x08000c3e   0x08000c3e   0x00000056   Code   RO        10138    .text               mc_w.l(__dczerorl2.o)
    0x08000c94   0x08000c94   0x00000098   Code   RO         3181    CODE                os_cpu_a.o
    0x08000d2c   0x08000d2c   0x00000016   Code   RO         1683    i.ADC_Ctrl          at32f4xx_adc.o
    0x08000d42   0x08000d42   0x00000016   Code   RO         1684    i.ADC_DMACtrl       at32f4xx_adc.o
    0x08000d58   0x08000d58   0x00000014   Code   RO         1690    i.ADC_GetCalibrationStatus  at32f4xx_adc.o
    0x08000d6c   0x08000d6c   0x00000014   Code   RO         1696    i.ADC_GetResetCalibrationStatus  at32f4xx_adc.o
    0x08000d80   0x08000d80   0x00000050   Code   RO         1700    i.ADC_Init          at32f4xx_adc.o
    0x08000dd0   0x08000dd0   0x000000b8   Code   RO         1704    i.ADC_RegularChannelConfig  at32f4xx_adc.o
    0x08000e88   0x08000e88   0x0000000a   Code   RO         1706    i.ADC_RstCalibration  at32f4xx_adc.o
    0x08000e92   0x08000e92   0x00000016   Code   RO         1708    i.ADC_SoftwareStartConvCtrl  at32f4xx_adc.o
    0x08000ea8   0x08000ea8   0x0000000a   Code   RO         1710    i.ADC_StartCalibration  at32f4xx_adc.o
    0x08000eb2   0x08000eb2   0x00000012   Code   RO         1711    i.ADC_StructInit    at32f4xx_adc.o
    0x08000ec4   0x08000ec4   0x0000028c   Code   RO         9114    i.APPTransactionrecord  dwin_com_pro.o
    0x08001150   0x08001150   0x00000038   Code   RO         9115    i.APP_ClearRecodeInfo  dwin_com_pro.o
    0x08001188   0x08001188   0x000000a6   Code   RO         9116    i.APP_DisplayRecvDataAnalyze  dwin_com_pro.o
    0x0800122e   0x0800122e   0x00000002   PAD
    0x08001230   0x08001230   0x00000014   Code   RO         7586    i.APP_GetAppRegisterState  modulea7680c.o
    0x08001244   0x08001244   0x0000000c   Code   RO         7016    i.APP_GetBatchNum   4gmain.o
    0x08001250   0x08001250   0x00000020   Code   RO         9117    i.APP_GetBillInfo   dwin_com_pro.o
    0x08001270   0x08001270   0x0000000c   Code   RO         7587    i.APP_GetCSQNum     modulea7680c.o
    0x0800127c   0x0800127c   0x00000020   Code   RO         7333    i.APP_GetHYBatchNum  hyframe.o
    0x0800129c   0x0800129c   0x00000014   Code   RO         7335    i.APP_GetHYStartType  hyframe.o
    0x080012b0   0x080012b0   0x00000014   Code   RO         7588    i.APP_GetModuleConnectState  modulea7680c.o
    0x080012c4   0x080012c4   0x0000001c   Code   RO         7019    i.APP_GetResendBillState  4gmain.o
    0x080012e0   0x080012e0   0x0000000c   Code   RO         7589    i.APP_GetSIM7600Mode  modulea7680c.o
    0x080012ec   0x080012ec   0x0000000c   Code   RO         7590    i.APP_GetSIM7600Status  modulea7680c.o
    0x080012f8   0x080012f8   0x00000024   Code   RO         7241    i.APP_RecvDataControl  4grecv.o
    0x0800131c   0x0800131c   0x00000108   Code   RO         9122    i.APP_SelectCurChargeRecode  dwin_com_pro.o
    0x08001424   0x08001424   0x000000f4   Code   RO         9123    i.APP_SelectNextNChargeRecode  dwin_com_pro.o
    0x08001518   0x08001518   0x00000134   Code   RO         9124    i.APP_SelectUpNChargeRecode  dwin_com_pro.o
    0x0800164c   0x0800164c   0x00000018   Code   RO         7591    i.APP_SetAppRegisterState  modulea7680c.o
    0x08001664   0x08001664   0x00000028   Code   RO         7336    i.APP_SetHYResetStartType  hyframe.o
    0x0800168c   0x0800168c   0x00000018   Code   RO         7337    i.APP_SetHYStartType  hyframe.o
    0x080016a4   0x080016a4   0x0000003c   Code   RO         7592    i.APP_SetNetNotConect  modulea7680c.o
    0x080016e0   0x080016e0   0x00000028   Code   RO         7021    i.APP_SetResendBillState  4gmain.o
    0x08001708   0x08001708   0x00000008   Code   RO         7022    i.APP_SetResetStartType  4gmain.o
    0x08001710   0x08001710   0x00000010   Code   RO         7593    i.APP_SetSIM7600Mode  modulea7680c.o
    0x08001720   0x08001720   0x0000001c   Code   RO         7023    i.APP_SetStartNetState  4gmain.o
    0x0800173c   0x0800173c   0x00000060   Code   RO         8556    i.Ad_entry          dispkey.o
    0x0800179c   0x0800179c   0x00000034   Code   RO         9126    i.Amount_charging   dwin_com_pro.o
    0x080017d0   0x080017d0   0x000001f4   Code   RO         7025    i.AppTask4GMain     4gmain.o
    0x080019c4   0x080019c4   0x000002d4   Code   RO         7242    i.AppTask4GRecv     4grecv.o
    0x08001c98   0x08001c98   0x00000320   Code   RO         7280    i.AppTask4GSend     4gsend.o
    0x08001fb8   0x08001fb8   0x000001e8   Code   RO         7999    i.AppTaskCard       read_nuid.o
    0x080021a0   0x080021a0   0x00000074   Code   RO         6759    i.AppTaskCharge     chtask.o
    0x08002214   0x08002214   0x000001f0   Code   RO            4    i.AppTaskCreate     main.o
    0x08002404   0x08002404   0x00000390   Code   RO         9127    i.AppTaskDwin       dwin_com_pro.o
    0x08002794   0x08002794   0x00000254   Code   RO            5    i.AppTaskStart      main.o
    0x080029e8   0x080029e8   0x000004ec   Code   RO         9698    i.AppTaskdlt645     dlt645_port.o
    0x08002ed4   0x08002ed4   0x0000002c   Code   RO         9128    i.Auto_charging     dwin_com_pro.o
    0x08002f00   0x08002f00   0x0000001e   Code   RO         9476    i.BCDtoHEX          dwinprotocol.o
    0x08002f1e   0x08002f1e   0x00000010   Code   RO         4913    i.BSP_CPU_ClkFreq   bsp.o
    0x08002f2e   0x08002f2e   0x0000000c   Code   RO         4914    i.BSP_Init          bsp.o
    0x08002f3a   0x08002f3a   0x00000054   Code   RO         6871    i.BubbleSort        cp.o
    0x08002f8e   0x08002f8e   0x00000004   Code   RO          300    i.BusFault_Handler  at32f4xx_it.o
    0x08002f92   0x08002f92   0x0000000c   Code   RO         4792    i.CPU_Init          cpu_core.o
    0x08002f9e   0x08002f9e   0x00000002   PAD
    0x08002fa0   0x08002fa0   0x00000030   Code   RO         4793    i.CPU_NameClr       cpu_core.o
    0x08002fd0   0x08002fd0   0x00000008   Code   RO         4795    i.CPU_NameInit      cpu_core.o
    0x08002fd8   0x08002fd8   0x00000014   Code   RO         4799    i.CPU_TS_Init       cpu_core.o
    0x08002fec   0x08002fec   0x0000000c   Code   RO         4801    i.CPU_TS_TmrFreqSet  cpu_core.o
    0x08002ff8   0x08002ff8   0x00000034   Code   RO         4916    i.CPU_TS_TmrInit    bsp.o
    0x0800302c   0x0800302c   0x0000000c   Code   RO         4917    i.CPU_TS_TmrRd      bsp.o
    0x08003038   0x08003038   0x00000034   Code   RO         7338    i.Char2Hex          hyframe.o
    0x0800306c   0x0800306c   0x0000004c   Code   RO         8000    i.Clear_flag        read_nuid.o
    0x080030b8   0x080030b8   0x0000001c   Code   RO         9129    i.Clear_record      dwin_com_pro.o
    0x080030d4   0x080030d4   0x00000044   Code   RO         9130    i.Company_code      dwin_com_pro.o
    0x08003118   0x08003118   0x000000a0   Code   RO         7026    i.Connect_4G        4gmain.o
    0x080031b8   0x080031b8   0x00000024   Code   RO         6317    i.DATAHEXtoBCD      ertc.o
    0x080031dc   0x080031dc   0x00000018   Code   RO         1911    i.DMA_ChannelEnable  at32f4xx_dma.o
    0x080031f4   0x080031f4   0x0000001a   Code   RO         1914    i.DMA_DefaultInitParaConfig  at32f4xx_dma.o
    0x0800320e   0x0800320e   0x0000003c   Code   RO         1920    i.DMA_Init          at32f4xx_dma.o
    0x0800324a   0x0800324a   0x00000002   PAD
    0x0800324c   0x0800324c   0x0000014c   Code   RO         1921    i.DMA_Reset         at32f4xx_dma.o
    0x08003398   0x08003398   0x00000018   Code   RO         8557    i.DealWithKey       dispkey.o
    0x080033b0   0x080033b0   0x00000050   Code   RO         9131    i.DealWithVari      dwin_com_pro.o
    0x08003400   0x08003400   0x00000002   Code   RO          301    i.DebugMon_Handler  at32f4xx_it.o
    0x08003402   0x08003402   0x0000001a   Code   RO         8340    i.DelayMS           spi_flash.o
    0x0800341c   0x0800341c   0x00000088   Code   RO         9132    i.Dis_SYSShowTime   dwin_com_pro.o
    0x080034a4   0x080034a4   0x00000060   Code   RO         9077    i.Dis_ShowCopy      dispshowstatus.o
    0x08003504   0x08003504   0x00000060   Code   RO         9078    i.Dis_ShowStatus    dispshowstatus.o
    0x08003564   0x08003564   0x00000090   Code   RO         9133    i.Dis_ShowTime      dwin_com_pro.o
    0x080035f4   0x080035f4   0x00000060   Code   RO         9079    i.Dis_Showstop_reason  dispshowstatus.o
    0x08003654   0x08003654   0x00000194   Code   RO         9134    i.DispShow_NetState  dwin_com_pro.o
    0x080037e8   0x080037e8   0x000001c4   Code   RO         9135    i.DispShow_Recode   dwin_com_pro.o
    0x080039ac   0x080039ac   0x00000028   Code   RO         9136    i.Disp_ShowRTC      dwin_com_pro.o
    0x080039d4   0x080039d4   0x00000028   Code   RO         9137    i.Disp_Showsettime  dwin_com_pro.o
    0x080039fc   0x080039fc   0x00000048   Code   RO         8819    i.DisplayCommonMenu  dispkeyfunction.o
    0x08003a44   0x08003a44   0x00000050   Code   RO         9479    i.DisplayQRCode     dwinprotocol.o
    0x08003a94   0x08003a94   0x0000000c   Code   RO         9480    i.Dwin_FrameHead    dwinprotocol.o
    0x08003aa0   0x08003aa0   0x00000016   Code   RO         2004    i.ERTC_Bcd2ToByte   at32f4xx_ertc.o
    0x08003ab6   0x08003ab6   0x0000001c   Code   RO         2006    i.ERTC_ByteToBcd2   at32f4xx_ertc.o
    0x08003ad2   0x08003ad2   0x00000002   PAD
    0x08003ad4   0x08003ad4   0x000000a0   Code   RO         6318    i.ERTC_Config       ertc.o
    0x08003b74   0x08003b74   0x00000050   Code   RO         2015    i.ERTC_EnterInitMode  at32f4xx_ertc.o
    0x08003bc4   0x08003bc4   0x00000014   Code   RO         2016    i.ERTC_ExitInitMode  at32f4xx_ertc.o
    0x08003bd8   0x08003bd8   0x00000060   Code   RO         2019    i.ERTC_GetDateValue  at32f4xx_ertc.o
    0x08003c38   0x08003c38   0x00000064   Code   RO         2026    i.ERTC_GetTimeValue  at32f4xx_ertc.o
    0x08003c9c   0x08003c9c   0x00000064   Code   RO         2028    i.ERTC_INTConfig    at32f4xx_ertc.o
    0x08003d00   0x08003d00   0x00000064   Code   RO         2029    i.ERTC_Init         at32f4xx_ertc.o
    0x08003d64   0x08003d64   0x00000020   Code   RO         2032    i.ERTC_ReadBackupRegister  at32f4xx_ertc.o
    0x08003d84   0x08003d84   0x000000c8   Code   RO         2036    i.ERTC_SetDateValue  at32f4xx_ertc.o
    0x08003e4c   0x08003e4c   0x000000d0   Code   RO         2037    i.ERTC_SetTimeValue  at32f4xx_ertc.o
    0x08003f1c   0x08003f1c   0x00000048   Code   RO         6319    i.ERTC_TimeRegulate  ertc.o
    0x08003f64   0x08003f64   0x0000001c   Code   RO         6320    i.ERTC_TimeShow     ertc.o
    0x08003f80   0x08003f80   0x00000046   Code   RO         6321    i.ERTC_TimeStampConfig  ertc.o
    0x08003fc6   0x08003fc6   0x00000002   PAD
    0x08003fc8   0x08003fc8   0x00000060   Code   RO         2053    i.ERTC_WaitForSynchro  at32f4xx_ertc.o
    0x08004028   0x08004028   0x0000001c   Code   RO         2056    i.ERTC_WriteBackupRegister  at32f4xx_ertc.o
    0x08004044   0x08004044   0x00000094   Code   RO         6401    i.EXTI_Init         at32f4xx_exti.o
    0x080040d8   0x080040d8   0x00000034   Code   RO         9138    i.Electric_charing  dwin_com_pro.o
    0x0800410c   0x0800410c   0x00000168   Code   RO         8343    i.FLASH_Init        spi_flash.o
    0x08004274   0x08004274   0x00000024   Code   RO         6240    i.GPIO_Configuration  adc.o
    0x08004298   0x08004298   0x00000116   Code   RO          463    i.GPIO_Init         at32f4xx_gpio.o
    0x080043ae   0x080043ae   0x00000002   PAD
    0x080043b0   0x080043b0   0x000003f4   Code   RO          465    i.GPIO_PinsRemapConfig  at32f4xx_gpio.o
    0x080047a4   0x080047a4   0x00000012   Code   RO          467    i.GPIO_ReadInputDataBit  at32f4xx_gpio.o
    0x080047b6   0x080047b6   0x00000004   Code   RO          471    i.GPIO_ResetBits    at32f4xx_gpio.o
    0x080047ba   0x080047ba   0x00000004   Code   RO          472    i.GPIO_SetBits      at32f4xx_gpio.o
    0x080047be   0x080047be   0x00000010   Code   RO          473    i.GPIO_StructInit   at32f4xx_gpio.o
    0x080047ce   0x080047ce   0x00000002   PAD
    0x080047d0   0x080047d0   0x0000000c   Code   RO         8820    i.GetCurMenu        dispkeyfunction.o
    0x080047dc   0x080047dc   0x00000024   Code   RO         9481    i.HEXtoBCD          dwinprotocol.o
    0x08004800   0x08004800   0x00000060   Code   RO         6760    i.HLW8112DataDispose  chtask.o
    0x08004860   0x08004860   0x000000bc   Code   RO         6761    i.HLW8112_Dispose   chtask.o
    0x0800491c   0x0800491c   0x00000110   Code   RO         5961    i.HLW8112_Measure   hlw8112-spi.o
    0x08004a2c   0x08004a2c   0x00000048   Code   RO         5962    i.HLW8112_SPI_ReadByte  hlw8112-spi.o
    0x08004a74   0x08004a74   0x0000000c   Code   RO         5963    i.HLW8112_SPI_ReadReg  hlw8112-spi.o
    0x08004a80   0x08004a80   0x00000050   Code   RO         5964    i.HLW8112_SPI_WriteByte  hlw8112-spi.o
    0x08004ad0   0x08004ad0   0x00000010   Code   RO         5965    i.HLW8112_SPI_WriteReg  hlw8112-spi.o
    0x08004ae0   0x08004ae0   0x00000034   Code   RO         5966    i.HLW8112_WriteREG_DIS  hlw8112-spi.o
    0x08004b14   0x08004b14   0x00000034   Code   RO         5967    i.HLW8112_WriteREG_EN  hlw8112-spi.o
    0x08004b48   0x08004b48   0x00000002   Code   RO         8821    i.HYDisplayMenu1    dispkeyfunction.o
    0x08004b4a   0x08004b4a   0x00000002   Code   RO         8822    i.HYDisplayMenu10   dispkeyfunction.o
    0x08004b4c   0x08004b4c   0x00000002   Code   RO         8823    i.HYDisplayMenu11   dispkeyfunction.o
    0x08004b4e   0x08004b4e   0x00000002   Code   RO         8824    i.HYDisplayMenu12   dispkeyfunction.o
    0x08004b50   0x08004b50   0x00000002   Code   RO         8825    i.HYDisplayMenu13   dispkeyfunction.o
    0x08004b52   0x08004b52   0x00000002   Code   RO         8826    i.HYDisplayMenu14   dispkeyfunction.o
    0x08004b54   0x08004b54   0x00000002   Code   RO         8827    i.HYDisplayMenu15   dispkeyfunction.o
    0x08004b56   0x08004b56   0x00000002   Code   RO         8828    i.HYDisplayMenu16   dispkeyfunction.o
    0x08004b58   0x08004b58   0x00000002   Code   RO         8829    i.HYDisplayMenu17   dispkeyfunction.o
    0x08004b5a   0x08004b5a   0x00000002   Code   RO         8830    i.HYDisplayMenu18   dispkeyfunction.o
    0x08004b5c   0x08004b5c   0x00000002   Code   RO         8831    i.HYDisplayMenu19   dispkeyfunction.o
    0x08004b5e   0x08004b5e   0x00000002   Code   RO         8832    i.HYDisplayMenu2    dispkeyfunction.o
    0x08004b60   0x08004b60   0x00000002   Code   RO         8833    i.HYDisplayMenu20   dispkeyfunction.o
    0x08004b62   0x08004b62   0x00000002   Code   RO         8834    i.HYDisplayMenu21   dispkeyfunction.o
    0x08004b64   0x08004b64   0x00000002   Code   RO         8835    i.HYDisplayMenu22   dispkeyfunction.o
    0x08004b66   0x08004b66   0x00000002   Code   RO         8836    i.HYDisplayMenu23   dispkeyfunction.o
    0x08004b68   0x08004b68   0x00000002   Code   RO         8837    i.HYDisplayMenu24   dispkeyfunction.o
    0x08004b6a   0x08004b6a   0x00000002   Code   RO         8838    i.HYDisplayMenu25   dispkeyfunction.o
    0x08004b6c   0x08004b6c   0x00000002   Code   RO         8839    i.HYDisplayMenu26   dispkeyfunction.o
    0x08004b6e   0x08004b6e   0x00000002   Code   RO         8840    i.HYDisplayMenu27   dispkeyfunction.o
    0x08004b70   0x08004b70   0x00000002   Code   RO         8841    i.HYDisplayMenu28   dispkeyfunction.o
    0x08004b72   0x08004b72   0x00000002   Code   RO         8842    i.HYDisplayMenu3    dispkeyfunction.o
    0x08004b74   0x08004b74   0x00000002   Code   RO         8843    i.HYDisplayMenu30   dispkeyfunction.o
    0x08004b76   0x08004b76   0x00000002   Code   RO         8844    i.HYDisplayMenu31   dispkeyfunction.o
    0x08004b78   0x08004b78   0x00000002   Code   RO         8845    i.HYDisplayMenu32   dispkeyfunction.o
    0x08004b7a   0x08004b7a   0x00000002   Code   RO         8846    i.HYDisplayMenu33   dispkeyfunction.o
    0x08004b7c   0x08004b7c   0x00000002   Code   RO         8847    i.HYDisplayMenu34   dispkeyfunction.o
    0x08004b7e   0x08004b7e   0x00000002   Code   RO         8848    i.HYDisplayMenu35   dispkeyfunction.o
    0x08004b80   0x08004b80   0x00000002   Code   RO         8849    i.HYDisplayMenu36   dispkeyfunction.o
    0x08004b82   0x08004b82   0x00000002   Code   RO         8850    i.HYDisplayMenu37   dispkeyfunction.o
    0x08004b84   0x08004b84   0x00000002   Code   RO         8851    i.HYDisplayMenu38   dispkeyfunction.o
    0x08004b86   0x08004b86   0x00000002   Code   RO         8852    i.HYDisplayMenu4    dispkeyfunction.o
    0x08004b88   0x08004b88   0x00000002   Code   RO         8853    i.HYDisplayMenu5    dispkeyfunction.o
    0x08004b8a   0x08004b8a   0x00000002   Code   RO         8854    i.HYDisplayMenu6    dispkeyfunction.o
    0x08004b8c   0x08004b8c   0x00000002   Code   RO         8855    i.HYDisplayMenu7    dispkeyfunction.o
    0x08004b8e   0x08004b8e   0x00000002   Code   RO         8856    i.HYDisplayMenu8    dispkeyfunction.o
    0x08004b90   0x08004b90   0x00000002   Code   RO         8857    i.HYDisplayMenu9    dispkeyfunction.o
    0x08004b92   0x08004b92   0x00000002   PAD
    0x08004b94   0x08004b94   0x000000bc   Code   RO         7339    i.HYFreamSend       hyframe.o
    0x08004c50   0x08004c50   0x00000088   Code   RO         8558    i.HYKeyEvent1       dispkey.o
    0x08004cd8   0x08004cd8   0x0000002c   Code   RO         8559    i.HYKeyEvent10      dispkey.o
    0x08004d04   0x08004d04   0x0000002c   Code   RO         8560    i.HYKeyEvent11      dispkey.o
    0x08004d30   0x08004d30   0x0000002c   Code   RO         8561    i.HYKeyEvent12      dispkey.o
    0x08004d5c   0x08004d5c   0x000000c0   Code   RO         8562    i.HYKeyEvent13      dispkey.o
    0x08004e1c   0x08004e1c   0x000000b8   Code   RO         8563    i.HYKeyEvent14      dispkey.o
    0x08004ed4   0x08004ed4   0x00000030   Code   RO         8564    i.HYKeyEvent15      dispkey.o
    0x08004f04   0x08004f04   0x000000b4   Code   RO         8565    i.HYKeyEvent16      dispkey.o
    0x08004fb8   0x08004fb8   0x00000080   Code   RO         8566    i.HYKeyEvent17      dispkey.o
    0x08005038   0x08005038   0x00000080   Code   RO         8567    i.HYKeyEvent18      dispkey.o
    0x080050b8   0x080050b8   0x00000080   Code   RO         8568    i.HYKeyEvent19      dispkey.o
    0x08005138   0x08005138   0x00000030   Code   RO         8569    i.HYKeyEvent2       dispkey.o
    0x08005168   0x08005168   0x00000080   Code   RO         8570    i.HYKeyEvent20      dispkey.o
    0x080051e8   0x080051e8   0x00000020   Code   RO         8571    i.HYKeyEvent21      dispkey.o
    0x08005208   0x08005208   0x0000003c   Code   RO         8572    i.HYKeyEvent22      dispkey.o
    0x08005244   0x08005244   0x00000020   Code   RO         8573    i.HYKeyEvent23      dispkey.o
    0x08005264   0x08005264   0x00000020   Code   RO         8574    i.HYKeyEvent24      dispkey.o
    0x08005284   0x08005284   0x00000044   Code   RO         8575    i.HYKeyEvent25      dispkey.o
    0x080052c8   0x080052c8   0x00000018   Code   RO         8576    i.HYKeyEvent26      dispkey.o
    0x080052e0   0x080052e0   0x00000038   Code   RO         8577    i.HYKeyEvent27      dispkey.o
    0x08005318   0x08005318   0x0000002c   Code   RO         8578    i.HYKeyEvent28      dispkey.o
    0x08005344   0x08005344   0x00000040   Code   RO         8579    i.HYKeyEvent3       dispkey.o
    0x08005384   0x08005384   0x00000048   Code   RO         8580    i.HYKeyEvent30      dispkey.o
    0x080053cc   0x080053cc   0x00000038   Code   RO         8581    i.HYKeyEvent31      dispkey.o
    0x08005404   0x08005404   0x00000028   Code   RO         8582    i.HYKeyEvent32      dispkey.o
    0x0800542c   0x0800542c   0x00000028   Code   RO         8583    i.HYKeyEvent33      dispkey.o
    0x08005454   0x08005454   0x00000028   Code   RO         8584    i.HYKeyEvent34      dispkey.o
    0x0800547c   0x0800547c   0x00000028   Code   RO         8585    i.HYKeyEvent35      dispkey.o
    0x080054a4   0x080054a4   0x00000028   Code   RO         8586    i.HYKeyEvent36      dispkey.o
    0x080054cc   0x080054cc   0x00000028   Code   RO         8587    i.HYKeyEvent37      dispkey.o
    0x080054f4   0x080054f4   0x00000028   Code   RO         8588    i.HYKeyEvent38      dispkey.o
    0x0800551c   0x0800551c   0x00000002   Code   RO         8589    i.HYKeyEvent4       dispkey.o
    0x0800551e   0x0800551e   0x00000002   PAD
    0x08005520   0x08005520   0x00000020   Code   RO         8590    i.HYKeyEvent5       dispkey.o
    0x08005540   0x08005540   0x00000020   Code   RO         8591    i.HYKeyEvent6       dispkey.o
    0x08005560   0x08005560   0x0000002c   Code   RO         8592    i.HYKeyEvent7       dispkey.o
    0x0800558c   0x0800558c   0x0000002c   Code   RO         8593    i.HYKeyEvent8       dispkey.o
    0x080055b8   0x080055b8   0x0000002c   Code   RO         8594    i.HYKeyEvent9       dispkey.o
    0x080055e4   0x080055e4   0x0000001c   Code   RO         7340    i.HY_Mesetelectricity  hyframe.o
    0x08005600   0x08005600   0x0000004c   Code   RO         7341    i.HY_RecvCardStart  hyframe.o
    0x0800564c   0x0800564c   0x00000006   Code   RO         7342    i.HY_RecvDevFailAck  hyframe.o
    0x08005652   0x08005652   0x00000032   Code   RO         7343    i.HY_RecvDevInfoAck  hyframe.o
    0x08005684   0x08005684   0x00000006   Code   RO         7344    i.HY_RecvDevStopAck  hyframe.o
    0x0800568a   0x0800568a   0x00000002   PAD
    0x0800568c   0x0800568c   0x000000cc   Code   RO         7345    i.HY_RecvFrameDispose  hyframe.o
    0x08005758   0x08005758   0x00000070   Code   RO         7346    i.HY_RecvHearAck    hyframe.o
    0x080057c8   0x080057c8   0x00000028   Code   RO         7347    i.HY_RecvQueryBill  hyframe.o
    0x080057f0   0x080057f0   0x0000001e   Code   RO         7348    i.HY_RecvQueryRate  hyframe.o
    0x0800580e   0x0800580e   0x00000002   PAD
    0x08005810   0x08005810   0x000001b0   Code   RO         7349    i.HY_RecvRateSet    hyframe.o
    0x080059c0   0x080059c0   0x00000048   Code   RO         7350    i.HY_RecvRecordAck  hyframe.o
    0x08005a08   0x08005a08   0x0000009c   Code   RO         7351    i.HY_RecvRegisterAck  hyframe.o
    0x08005aa4   0x08005aa4   0x0000005c   Code   RO         7352    i.HY_RecvReset      hyframe.o
    0x08005b00   0x08005b00   0x00000068   Code   RO         7353    i.HY_RecvStartCharge  hyframe.o
    0x08005b68   0x08005b68   0x00000042   Code   RO         7354    i.HY_RecvStopCharge  hyframe.o
    0x08005baa   0x08005baa   0x00000002   PAD
    0x08005bac   0x08005bac   0x000000dc   Code   RO         7355    i.HY_RecvUpdata     hyframe.o
    0x08005c88   0x08005c88   0x00000350   Code   RO         7356    i.HY_SendBill       hyframe.o
    0x08005fd8   0x08005fd8   0x00000068   Code   RO         7357    i.HY_SendBillData   hyframe.o
    0x08006040   0x08006040   0x0000017c   Code   RO         7358    i.HY_SendCardInfo   hyframe.o
    0x080061bc   0x080061bc   0x00000190   Code   RO         7359    i.HY_SendDevStateA  hyframe.o
    0x0800634c   0x0800634c   0x000000c0   Code   RO         7360    i.HY_SendFrameDispose  hyframe.o
    0x0800640c   0x0800640c   0x00000048   Code   RO         7361    i.HY_SendHear       hyframe.o
    0x08006454   0x08006454   0x00000050   Code   RO         7362    i.HY_SendQueryRateAck  hyframe.o
    0x080064a4   0x080064a4   0x00000018   Code   RO         7363    i.HY_SendRateAck    hyframe.o
    0x080064bc   0x080064bc   0x00000060   Code   RO         7364    i.HY_SendRegister   hyframe.o
    0x0800651c   0x0800651c   0x0000002c   Code   RO         7365    i.HY_SendResetAck   hyframe.o
    0x08006548   0x08006548   0x0000006c   Code   RO         7366    i.HY_SendStartAck   hyframe.o
    0x080065b4   0x080065b4   0x00000038   Code   RO         7367    i.HY_SendStopAck    hyframe.o
    0x080065ec   0x080065ec   0x00000040   Code   RO         7368    i.HY_SendUpdataAck  hyframe.o
    0x0800662c   0x0800662c   0x0000003c   Code   RO         7369    i.HY_adduseelectricity  hyframe.o
    0x08006668   0x08006668   0x00000070   Code   RO          302    i.HardFault_Handler  at32f4xx_it.o
    0x080066d8   0x080066d8   0x00000010   Code   RO         3006    i.IWDG_ReloadCounter  at32f4xx_iwdg.o
    0x080066e8   0x080066e8   0x000001fc   Code   RO         5968    i.Init_HLW8112      hlw8112-spi.o
    0x080068e4   0x080068e4   0x000002cc   Code   RO         5969    i.Judge_CheckSum_HLW8112_Calfactor  hlw8112-spi.o
    0x08006bb0   0x08006bb0   0x00000038   Code   RO            8    i.JumpToProgramCode  main.o
    0x08006be8   0x08006be8   0x00000010   Code   RO         9484    i.LCD_SendBufLenClear  dwinprotocol.o
    0x08006bf8   0x08006bf8   0x0000002c   Code   RO         9485    i.LCD_SendByteToBuf  dwinprotocol.o
    0x08006c24   0x08006c24   0x00000018   Code   RO         9486    i.LCD_SendFourBytes  dwinprotocol.o
    0x08006c3c   0x08006c3c   0x0000002c   Code   RO         9487    i.LCD_SendToUart    dwinprotocol.o
    0x08006c68   0x08006c68   0x00000012   Code   RO         9488    i.LCD_SendTwoBytes  dwinprotocol.o
    0x08006c7a   0x08006c7a   0x00000002   PAD
    0x08006c7c   0x08006c7c   0x00000198   Code   RO         5923    i.Mcu_Io_Init       device.o
    0x08006e14   0x08006e14   0x00000004   Code   RO          303    i.MemManage_Handler  at32f4xx_it.o
    0x08006e18   0x08006e18   0x00000012   Code   RO         3407    i.Mem_Clr           lib_mem.o
    0x08006e2a   0x08006e2a   0x00000054   Code   RO         3423    i.Mem_Set           lib_mem.o
    0x08006e7e   0x08006e7e   0x00000002   PAD
    0x08006e80   0x08006e80   0x00000114   Code   RO         7594    i.ModuleSIM7600_ConnectServer  modulea7680c.o
    0x08006f94   0x08006f94   0x0000014c   Code   RO         7596    i.ModuleSIM7600_SendData  modulea7680c.o
    0x080070e0   0x080070e0   0x000000a4   Code   RO         7597    i.Module_ConnectServer  modulea7680c.o
    0x08007184   0x08007184   0x00000334   Code   RO         7598    i.Module_HTTPDownload  modulea7680c.o
    0x080074b8   0x080074b8   0x0000026c   Code   RO         7599    i.Module_SIM7600Test  modulea7680c.o
    0x08007724   0x08007724   0x00000088   Code   RO         9139    i.Munu12_CodeDispose  dwin_com_pro.o
    0x080077ac   0x080077ac   0x00000080   Code   RO         9140    i.Munu13_DevnumDispose  dwin_com_pro.o
    0x0800782c   0x0800782c   0x0000005c   Code   RO         9141    i.Munu13_IP1Sert    dwin_com_pro.o
    0x08007888   0x08007888   0x00000060   Code   RO         9142    i.Munu13_IP2Sert    dwin_com_pro.o
    0x080078e8   0x080078e8   0x00000060   Code   RO         9143    i.Munu13_IP3Sert    dwin_com_pro.o
    0x08007948   0x08007948   0x00000060   Code   RO         9144    i.Munu13_IP4Sert    dwin_com_pro.o
    0x080079a8   0x080079a8   0x00000044   Code   RO         9145    i.Munu13_PortSert   dwin_com_pro.o
    0x080079ec   0x080079ec   0x000001d0   Code   RO         9146    i.Munu13_ShowSysInfo  dwin_com_pro.o
    0x08007bbc   0x08007bbc   0x00000850   Code   RO         9147    i.Munu27_ShowSysInfo  dwin_com_pro.o
    0x0800840c   0x0800840c   0x00000002   Code   RO          304    i.NMI_Handler       at32f4xx_it.o
    0x0800840e   0x0800840e   0x00000002   PAD
    0x08008410   0x08008410   0x00000070   Code   RO         1017    i.NVIC_Init         misc.o
    0x08008480   0x08008480   0x00000014   Code   RO         1018    i.NVIC_PriorityGroupConfig  misc.o
    0x08008494   0x08008494   0x00000002   Code   RO         3676    i.OSCfg_Init        os_cfg_app.o
    0x08008496   0x08008496   0x00000002   PAD
    0x08008498   0x08008498   0x00000014   Code   RO         3184    i.OSIdleTaskHook    os_cpu_c.o
    0x080084ac   0x080084ac   0x00000164   Code   RO         3699    i.OSInit            os_core.o
    0x08008610   0x08008610   0x00000028   Code   RO         3185    i.OSInitHook        os_cpu_c.o
    0x08008638   0x08008638   0x0000002c   Code   RO         3700    i.OSIntEnter        os_core.o
    0x08008664   0x08008664   0x000000dc   Code   RO         3701    i.OSIntExit         os_core.o
    0x08008740   0x08008740   0x00000088   Code   RO         4092    i.OSMutexCreate     os_mutex.o
    0x080087c8   0x080087c8   0x00000250   Code   RO         4094    i.OSMutexPend       os_mutex.o
    0x08008a18   0x08008a18   0x00000174   Code   RO         4096    i.OSMutexPost       os_mutex.o
    0x08008b8c   0x08008b8c   0x00000090   Code   RO         4195    i.OSQCreate         os_q.o
    0x08008c1c   0x08008c1c   0x000001d0   Code   RO         4198    i.OSQPend           os_q.o
    0x08008dec   0x08008dec   0x00000094   Code   RO         4200    i.OSQPost           os_q.o
    0x08008e80   0x08008e80   0x000000a0   Code   RO         3702    i.OSSched           os_core.o
    0x08008f20   0x08008f20   0x00000074   Code   RO         3703    i.OSSchedLock       os_core.o
    0x08008f94   0x08008f94   0x00000094   Code   RO         3704    i.OSSchedUnlock     os_core.o
    0x08009028   0x08009028   0x00000068   Code   RO         3705    i.OSStart           os_core.o
    0x08009090   0x08009090   0x00000128   Code   RO         4339    i.OSStatReset       os_stat.o
    0x080091b8   0x080091b8   0x000000f0   Code   RO         4340    i.OSStatTaskCPUUsageInit  os_stat.o
    0x080092a8   0x080092a8   0x00000014   Code   RO         3186    i.OSStatTaskHook    os_cpu_c.o
    0x080092bc   0x080092bc   0x0000019c   Code   RO         4370    i.OSTaskCreate      os_task.o
    0x08009458   0x08009458   0x00000018   Code   RO         3187    i.OSTaskCreateHook  os_cpu_c.o
    0x08009470   0x08009470   0x00000128   Code   RO         4371    i.OSTaskDel         os_task.o
    0x08009598   0x08009598   0x00000018   Code   RO         3188    i.OSTaskDelHook     os_cpu_c.o
    0x080095b0   0x080095b0   0x00000068   Code   RO         4379    i.OSTaskResume      os_task.o
    0x08009618   0x08009618   0x00000018   Code   RO         3189    i.OSTaskReturnHook  os_cpu_c.o
    0x08009630   0x08009630   0x000001dc   Code   RO         4380    i.OSTaskSemPend     os_task.o
    0x0800980c   0x0800980c   0x0000003e   Code   RO         4382    i.OSTaskSemPost     os_task.o
    0x0800984a   0x0800984a   0x00000002   PAD
    0x0800984c   0x0800984c   0x000000d4   Code   RO         4384    i.OSTaskStkChk      os_task.o
    0x08009920   0x08009920   0x000000c4   Code   RO         3190    i.OSTaskStkInit     os_cpu_c.o
    0x080099e4   0x080099e4   0x00000038   Code   RO         4385    i.OSTaskSuspend     os_task.o
    0x08009a1c   0x08009a1c   0x00000088   Code   RO         3191    i.OSTaskSwHook      os_cpu_c.o
    0x08009aa4   0x08009aa4   0x000000b8   Code   RO         4583    i.OSTimeDly         os_time.o
    0x08009b5c   0x08009b5c   0x00000034   Code   RO         4586    i.OSTimeGet         os_time.o
    0x08009b90   0x08009b90   0x00000044   Code   RO         4588    i.OSTimeTick        os_time.o
    0x08009bd4   0x08009bd4   0x00000014   Code   RO         3192    i.OSTimeTickHook    os_cpu_c.o
    0x08009be8   0x08009be8   0x00000030   Code   RO         3193    i.OS_CPU_SysTickInit  os_cpu_c.o
    0x08009c18   0x08009c18   0x000001a8   Code   RO         3915    i.OS_Dbg_Init       os_dbg.o
    0x08009dc0   0x08009dc0   0x00000018   Code   RO         3940    i.OS_FlagInit       os_flag.o
    0x08009dd8   0x08009dd8   0x00000044   Code   RO         3707    i.OS_IdleTask       os_core.o
    0x08009e1c   0x08009e1c   0x00000070   Code   RO         3708    i.OS_IdleTaskInit   os_core.o
    0x08009e8c   0x08009e8c   0x00000018   Code   RO         4024    i.OS_MemInit        os_mem.o
    0x08009ea4   0x08009ea4   0x0000007c   Code   RO         4056    i.OS_MsgPoolInit    os_msg.o
    0x08009f20   0x08009f20   0x00000044   Code   RO         4057    i.OS_MsgQFreeAll    os_msg.o
    0x08009f64   0x08009f64   0x00000068   Code   RO         4058    i.OS_MsgQGet        os_msg.o
    0x08009fcc   0x08009fcc   0x0000000e   Code   RO         4059    i.OS_MsgQInit       os_msg.o
    0x08009fda   0x08009fda   0x00000002   PAD
    0x08009fdc   0x08009fdc   0x00000104   Code   RO         4060    i.OS_MsgQPut        os_msg.o
    0x0800a0e0   0x0800a0e0   0x00000030   Code   RO         4098    i.OS_MutexDbgListAdd  os_mutex.o
    0x0800a110   0x0800a110   0x00000018   Code   RO         4100    i.OS_MutexInit      os_mutex.o
    0x0800a128   0x0800a128   0x00000068   Code   RO         3709    i.OS_Pend           os_core.o
    0x0800a190   0x0800a190   0x00000026   Code   RO         3712    i.OS_PendDataInit   os_core.o
    0x0800a1b6   0x0800a1b6   0x00000002   PAD
    0x0800a1b8   0x0800a1b8   0x0000005c   Code   RO         3713    i.OS_PendDbgNameAdd  os_core.o
    0x0800a214   0x0800a214   0x00000024   Code   RO         3714    i.OS_PendDbgNameRemove  os_core.o
    0x0800a238   0x0800a238   0x00000046   Code   RO         3715    i.OS_PendListChangePrio  os_core.o
    0x0800a27e   0x0800a27e   0x0000000a   Code   RO         3716    i.OS_PendListInit   os_core.o
    0x0800a288   0x0800a288   0x00000066   Code   RO         3718    i.OS_PendListInsertPrio  os_core.o
    0x0800a2ee   0x0800a2ee   0x00000030   Code   RO         3719    i.OS_PendListRemove  os_core.o
    0x0800a31e   0x0800a31e   0x00000042   Code   RO         3720    i.OS_PendListRemove1  os_core.o
    0x0800a360   0x0800a360   0x000000d6   Code   RO         3723    i.OS_Post           os_core.o
    0x0800a436   0x0800a436   0x0000002a   Code   RO         3724    i.OS_Post1          os_core.o
    0x0800a460   0x0800a460   0x00000028   Code   RO         4158    i.OS_PrioGetHighest  os_prio.o
    0x0800a488   0x0800a488   0x00000018   Code   RO         4159    i.OS_PrioInit       os_prio.o
    0x0800a4a0   0x0800a4a0   0x00000024   Code   RO         4160    i.OS_PrioInsert     os_prio.o
    0x0800a4c4   0x0800a4c4   0x00000024   Code   RO         4161    i.OS_PrioRemove     os_prio.o
    0x0800a4e8   0x0800a4e8   0x00000030   Code   RO         4202    i.OS_QDbgListAdd    os_q.o
    0x0800a518   0x0800a518   0x00000018   Code   RO         4204    i.OS_QInit          os_q.o
    0x0800a530   0x0800a530   0x000000be   Code   RO         4205    i.OS_QPost          os_q.o
    0x0800a5ee   0x0800a5ee   0x00000002   PAD
    0x0800a5f0   0x0800a5f0   0x00000024   Code   RO         3725    i.OS_RdyListInit    os_core.o
    0x0800a614   0x0800a614   0x0000002c   Code   RO         3726    i.OS_RdyListInsert  os_core.o
    0x0800a640   0x0800a640   0x00000040   Code   RO         3727    i.OS_RdyListInsertHead  os_core.o
    0x0800a680   0x0800a680   0x0000003c   Code   RO         3728    i.OS_RdyListInsertTail  os_core.o
    0x0800a6bc   0x0800a6bc   0x0000005c   Code   RO         3730    i.OS_RdyListRemove  os_core.o
    0x0800a718   0x0800a718   0x0000001c   Code   RO         3731    i.OS_SchedLockTimeMeasStart  os_core.o
    0x0800a734   0x0800a734   0x0000003c   Code   RO         3732    i.OS_SchedLockTimeMeasStop  os_core.o
    0x0800a770   0x0800a770   0x00000018   Code   RO         4276    i.OS_SemInit        os_sem.o
    0x0800a788   0x0800a788   0x000002e8   Code   RO         4341    i.OS_StatTask       os_stat.o
    0x0800aa70   0x0800aa70   0x000000cc   Code   RO         4342    i.OS_StatTaskInit   os_stat.o
    0x0800ab3c   0x0800ab3c   0x0000002c   Code   RO         3733    i.OS_TaskBlock      os_core.o
    0x0800ab68   0x0800ab68   0x00000030   Code   RO         4386    i.OS_TaskDbgListAdd  os_task.o
    0x0800ab98   0x0800ab98   0x00000044   Code   RO         4387    i.OS_TaskDbgListRemove  os_task.o
    0x0800abdc   0x0800abdc   0x00000020   Code   RO         4388    i.OS_TaskInit       os_task.o
    0x0800abfc   0x0800abfc   0x000000b4   Code   RO         4389    i.OS_TaskInitTCB    os_task.o
    0x0800acb0   0x0800acb0   0x00000100   Code   RO         4391    i.OS_TaskResume     os_task.o
    0x0800adb0   0x0800adb0   0x00000018   Code   RO         4392    i.OS_TaskReturn     os_task.o
    0x0800adc8   0x0800adc8   0x000001c4   Code   RO         4393    i.OS_TaskSemPost    os_task.o
    0x0800af8c   0x0800af8c   0x00000118   Code   RO         4394    i.OS_TaskSuspend    os_task.o
    0x0800b0a4   0x0800b0a4   0x00000086   Code   RO         4531    i.OS_TickListInsert  os_tick.o
    0x0800b12a   0x0800b12a   0x00000002   PAD
    0x0800b12c   0x0800b12c   0x000000bc   Code   RO         4532    i.OS_TickListInsertDly  os_tick.o
    0x0800b1e8   0x0800b1e8   0x00000058   Code   RO         4533    i.OS_TickListRemove  os_tick.o
    0x0800b240   0x0800b240   0x00000002   Code   RO         4534    i.OS_TickListResetPeak  os_tick.o
    0x0800b242   0x0800b242   0x00000002   PAD
    0x0800b244   0x0800b244   0x00000098   Code   RO         4535    i.OS_TickListUpdateDly  os_tick.o
    0x0800b2dc   0x0800b2dc   0x000000d4   Code   RO         4536    i.OS_TickListUpdateTimeout  os_tick.o
    0x0800b3b0   0x0800b3b0   0x00000070   Code   RO         4537    i.OS_TickTask       os_tick.o
    0x0800b420   0x0800b420   0x000000c8   Code   RO         4538    i.OS_TickTaskInit   os_tick.o
    0x0800b4e8   0x0800b4e8   0x00000134   Code   RO         4634    i.OS_TmrInit        os_tmr.o
    0x0800b61c   0x0800b61c   0x00000018   Code   RO         4635    i.OS_TmrLock        os_tmr.o
    0x0800b634   0x0800b634   0x00000002   Code   RO         4636    i.OS_TmrResetPeak   os_tmr.o
    0x0800b636   0x0800b636   0x00000002   PAD
    0x0800b638   0x0800b638   0x00000094   Code   RO         4637    i.OS_TmrTask        os_tmr.o
    0x0800b6cc   0x0800b6cc   0x00000044   Code   RO         4638    i.OS_TmrUnlink      os_tmr.o
    0x0800b710   0x0800b710   0x00000014   Code   RO         4639    i.OS_TmrUnlock      os_tmr.o
    0x0800b724   0x0800b724   0x00000068   Code   RO         6241    i.PC780_init        adc.o
    0x0800b78c   0x0800b78c   0x00000090   Code   RO         6242    i.PE_cheack_HL      adc.o
    0x0800b81c   0x0800b81c   0x0000002c   Code   RO         6243    i.PE_cheack_init    adc.o
    0x0800b848   0x0800b848   0x0000000c   Code   RO         2359    i.PWR_BackupAccessCtrl  at32f4xx_pwr.o
    0x0800b854   0x0800b854   0x000000b0   Code   RO         9148    i.Period_WriterFmBill  dwin_com_pro.o
    0x0800b904   0x0800b904   0x0000003e   Code   RO         9489    i.PraPerprintBackImage  dwinprotocol.o
    0x0800b942   0x0800b942   0x00000012   Code   RO         7027    i.Pre4GBill         4gmain.o
    0x0800b954   0x0800b954   0x000002a4   Code   RO         7370    i.PreHYBill         hyframe.o
    0x0800bbf8   0x0800bbf8   0x0000000c   Code   RO         9490    i.PrintBackImage    dwinprotocol.o
    0x0800bc04   0x0800bc04   0x00000028   Code   RO         9492    i.PrintIcon         dwinprotocol.o
    0x0800bc2c   0x0800bc2c   0x00000028   Code   RO         9494    i.PrintNum16uVariable  dwinprotocol.o
    0x0800bc54   0x0800bc54   0x00000028   Code   RO         9495    i.PrintNum32uVariable  dwinprotocol.o
    0x0800bc7c   0x0800bc7c   0x0000004e   Code   RO         9497    i.PrintStr          dwinprotocol.o
    0x0800bcca   0x0800bcca   0x0000006c   Code   RO         8135    i.RC522_CalulateCRC  rc522.o
    0x0800bd36   0x0800bd36   0x0000001c   Code   RO         8136    i.RC522_ClearBitMask  rc522.o
    0x0800bd52   0x0800bd52   0x00000002   PAD
    0x0800bd54   0x0800bd54   0x000000cc   Code   RO         8137    i.RC522_GPIOInit    rc522.o
    0x0800be20   0x0800be20   0x00000034   Code   RO         8138    i.RC522_Init        rc522.o
    0x0800be54   0x0800be54   0x00000066   Code   RO         8139    i.RC522_M500PcdConfigISOType  rc522.o
    0x0800beba   0x0800beba   0x0000000c   Code   RO         8140    i.RC522_PcdAntennaOff  rc522.o
    0x0800bec6   0x0800bec6   0x0000001a   Code   RO         8141    i.RC522_PcdAntennaOn  rc522.o
    0x0800bee0   0x0800bee0   0x00000070   Code   RO         8142    i.RC522_PcdAnticoll  rc522.o
    0x0800bf50   0x0800bf50   0x0000006e   Code   RO         8143    i.RC522_PcdAuthState  rc522.o
    0x0800bfbe   0x0800bfbe   0x0000013e   Code   RO         8145    i.RC522_PcdComMF522  rc522.o
    0x0800c0fc   0x0800c0fc   0x00000056   Code   RO         8147    i.RC522_PcdRead     rc522.o
    0x0800c152   0x0800c152   0x00000058   Code   RO         8148    i.RC522_PcdRequest  rc522.o
    0x0800c1aa   0x0800c1aa   0x00000002   PAD
    0x0800c1ac   0x0800c1ac   0x00000088   Code   RO         8149    i.RC522_PcdReset    rc522.o
    0x0800c234   0x0800c234   0x00000074   Code   RO         8150    i.RC522_PcdSelect   rc522.o
    0x0800c2a8   0x0800c2a8   0x000000d0   Code   RO         8151    i.RC522_PcdValue    rc522.o
    0x0800c378   0x0800c378   0x00000096   Code   RO         8152    i.RC522_PcdWrite    rc522.o
    0x0800c40e   0x0800c40e   0x00000002   PAD
    0x0800c410   0x0800c410   0x0000007c   Code   RO         8153    i.RC522_ReadCard    rc522.o
    0x0800c48c   0x0800c48c   0x0000003c   Code   RO         8154    i.RC522_ReadRawRC   rc522.o
    0x0800c4c8   0x0800c4c8   0x00000084   Code   RO         8155    i.RC522_ReadWriteByte  rc522.o
    0x0800c54c   0x0800c54c   0x00000020   Code   RO         8156    i.RC522_Reset       rc522.o
    0x0800c56c   0x0800c56c   0x0000001c   Code   RO         8157    i.RC522_SetBitMask  rc522.o
    0x0800c588   0x0800c588   0x0000007c   Code   RO         8159    i.RC522_WriteCard   rc522.o
    0x0800c604   0x0800c604   0x00000034   Code   RO         8160    i.RC522_WriteRawRC  rc522.o
    0x0800c638   0x0800c638   0x0000001c   Code   RO          584    i.RCC_ADCCLKConfig  at32f4xx_rcc.o
    0x0800c654   0x0800c654   0x00000020   Code   RO          586    i.RCC_AHBPeriphClockCmd  at32f4xx_rcc.o
    0x0800c674   0x0800c674   0x00000020   Code   RO          588    i.RCC_APB1PeriphClockCmd  at32f4xx_rcc.o
    0x0800c694   0x0800c694   0x00000020   Code   RO          591    i.RCC_APB2PeriphClockCmd  at32f4xx_rcc.o
    0x0800c6b4   0x0800c6b4   0x0000000c   Code   RO          593    i.RCC_BackupResetCmd  at32f4xx_rcc.o
    0x0800c6c0   0x0800c6c0   0x0000001e   Code   RO         6244    i.RCC_Configuration_  adc.o
    0x0800c6de   0x0800c6de   0x00000002   PAD
    0x0800c6e0   0x0800c6e0   0x0000000c   Code   RO          597    i.RCC_ERTCCLKCmd    at32f4xx_rcc.o
    0x0800c6ec   0x0800c6ec   0x00000010   Code   RO          598    i.RCC_ERTCCLKConfig  at32f4xx_rcc.o
    0x0800c6fc   0x0800c6fc   0x000002c8   Code   RO          599    i.RCC_GetClocksFreq  at32f4xx_rcc.o
    0x0800c9c4   0x0800c9c4   0x0000003c   Code   RO          600    i.RCC_GetFlagStatus  at32f4xx_rcc.o
    0x0800ca00   0x0800ca00   0x00000034   Code   RO          610    i.RCC_LSEConfig     at32f4xx_rcc.o
    0x0800ca34   0x0800ca34   0x000000c4   Code   RO          614    i.RCC_PLLFrefTableConfig  at32f4xx_rcc.o
    0x0800caf8   0x0800caf8   0x00000024   Code   RO          620    i.RCC_StepModeCmd   at32f4xx_rcc.o
    0x0800cb1c   0x0800cb1c   0x000000c4   Code   RO         7028    i.ReSendBill        4gmain.o
    0x0800cbe0   0x0800cbe0   0x00000028   Code   RO         9501    i.ReadDwinVariable  dwinprotocol.o
    0x0800cc08   0x0800cc08   0x00000070   Code   RO         9149    i.ReadFmBill        dwin_com_pro.o
    0x0800cc78   0x0800cc78   0x00000120   Code   RO         5971    i.Read_HLW8112_EA   hlw8112-spi.o
    0x0800cd98   0x0800cd98   0x00000090   Code   RO         5975    i.Read_HLW8112_PA_I  hlw8112-spi.o
    0x0800ce28   0x0800ce28   0x00000048   Code   RO         5979    i.Read_HLW8112_RegData  hlw8112-spi.o
    0x0800ce70   0x0800ce70   0x000000ac   Code   RO         5981    i.Read_HLW8112_U    hlw8112-spi.o
    0x0800cf1c   0x0800cf1c   0x00000036   Code   RO         9150    i.Recordqueryinfo_WR  dwin_com_pro.o
    0x0800cf52   0x0800cf52   0x00000002   PAD
    0x0800cf54   0x0800cf54   0x00000038   Code   RO         7600    i.Recv_AT_CGDCONT_Ack  modulea7680c.o
    0x0800cf8c   0x0800cf8c   0x0000004c   Code   RO         7601    i.Recv_AT_CIMI_Ack  modulea7680c.o
    0x0800cfd8   0x0800cfd8   0x00000038   Code   RO         7602    i.Recv_AT_CIPMODE_Ack  modulea7680c.o
    0x0800d010   0x0800d010   0x00000070   Code   RO         7603    i.Recv_AT_CSQ_Ack   modulea7680c.o
    0x0800d080   0x0800d080   0x000000f4   Code   RO         7604    i.Recv_AT_ConnectServer0Cmd_Ack  modulea7680c.o
    0x0800d174   0x0800d174   0x000000b0   Code   RO         7605    i.Recv_AT_ConnectServer0_Ack  modulea7680c.o
    0x0800d224   0x0800d224   0x000000c4   Code   RO         7606    i.Recv_AT_ConnectServer1Cmd_Ack  modulea7680c.o
    0x0800d2e8   0x0800d2e8   0x000000b0   Code   RO         7607    i.Recv_AT_ConnectServer1_Ack  modulea7680c.o
    0x0800d398   0x0800d398   0x00000020   Code   RO         7608    i.Recv_AT_EnterATCmd_Ack  modulea7680c.o
    0x0800d3b8   0x0800d3b8   0x00000038   Code   RO         7609    i.Recv_AT_NETOPEN_Ack  modulea7680c.o
    0x0800d3f0   0x0800d3f0   0x000000e8   Code   RO         7610    i.Recv_AT_ReRecv0Cmd_Ack  modulea7680c.o
    0x0800d4d8   0x0800d4d8   0x000000e8   Code   RO         7611    i.Recv_AT_ReRecv1Cmd_Ack  modulea7680c.o
    0x0800d5c0   0x0800d5c0   0x00000058   Code   RO         7612    i.Recv_AT_SendAck0Cmd_Ack  modulea7680c.o
    0x0800d618   0x0800d618   0x00000058   Code   RO         7613    i.Recv_AT_SendAck1Cmd_Ack  modulea7680c.o
    0x0800d670   0x0800d670   0x00000038   Code   RO         7614    i.Recv_AT_SetReAct_Ack  modulea7680c.o
    0x0800d6a8   0x0800d6a8   0x00000014   Code   RO         7615    i.Recv_ActRecv0_Ack  modulea7680c.o
    0x0800d6bc   0x0800d6bc   0x00000014   Code   RO         7616    i.Recv_ActRecv1_Ack  modulea7680c.o
    0x0800d6d0   0x0800d6d0   0x00000044   Code   RO         7617    i.Recv_HttpConect_Ack  modulea7680c.o
    0x0800d714   0x0800d714   0x00000080   Code   RO         7618    i.Recv_HttpGet_Ack  modulea7680c.o
    0x0800d794   0x0800d794   0x00000044   Code   RO         7619    i.Recv_HttpStart_Ack  modulea7680c.o
    0x0800d7d8   0x0800d7d8   0x00000108   Code   RO         7620    i.Recv_ReadData_Ack  modulea7680c.o
    0x0800d8e0   0x0800d8e0   0x00000024   Code   RO         7621    i.Recv_ReadDone_Ack  modulea7680c.o
    0x0800d904   0x0800d904   0x00000016   Code   RO         7622    i.SIM7600CloseNet   modulea7680c.o
    0x0800d91a   0x0800d91a   0x00000002   PAD
    0x0800d91c   0x0800d91c   0x00000130   Code   RO         7623    i.SIM7600Reset      modulea7680c.o
    0x0800da4c   0x0800da4c   0x00000068   Code   RO         7625    i.SIM7600_RecvDesposeCmd  modulea7680c.o
    0x0800dab4   0x0800dab4   0x0000004c   Code   RO         8352    i.SPI_FLASH_BufferRead  spi_flash.o
    0x0800db00   0x0800db00   0x0000008c   Code   RO         8353    i.SPI_FLASH_BufferWrite  spi_flash.o
    0x0800db8c   0x0800db8c   0x00000004   Code   RO         8356    i.SPI_FLASH_Detect  spi_flash.o
    0x0800db90   0x0800db90   0x0000005c   Code   RO         8357    i.SPI_FLASH_PageWrite  spi_flash.o
    0x0800dbec   0x0800dbec   0x0000003c   Code   RO         8358    i.SPI_FLASH_ReadByte  spi_flash.o
    0x0800dc28   0x0800dc28   0x00000048   Code   RO         8359    i.SPI_FLASH_ReadID  spi_flash.o
    0x0800dc70   0x0800dc70   0x00000044   Code   RO         8360    i.SPI_FLASH_SectorErase  spi_flash.o
    0x0800dcb4   0x0800dcb4   0x00000044   Code   RO         8361    i.SPI_FLASH_SendByte  spi_flash.o
    0x0800dcf8   0x0800dcf8   0x0000003c   Code   RO         8362    i.SPI_FLASH_WaitForWriteEnd  spi_flash.o
    0x0800dd34   0x0800dd34   0x00000020   Code   RO         8363    i.SPI_FLASH_WriteDisable  spi_flash.o
    0x0800dd54   0x0800dd54   0x00000020   Code   RO         8364    i.SPI_FLASH_WriteEnable  spi_flash.o
    0x0800dd74   0x0800dd74   0x00000054   Code   RO         8365    i.SPI_FLASH_WriteStatus  spi_flash.o
    0x0800ddc8   0x0800ddc8   0x00000034   Code   RO         7626    i.Send_AT_CGDCONT   modulea7680c.o
    0x0800ddfc   0x0800ddfc   0x00000024   Code   RO         7627    i.Send_AT_CIMI      modulea7680c.o
    0x0800de20   0x0800de20   0x00000088   Code   RO         7628    i.Send_AT_CIPCLOSE  modulea7680c.o
    0x0800dea8   0x0800dea8   0x00000028   Code   RO         7629    i.Send_AT_CIPMODE   modulea7680c.o
    0x0800ded0   0x0800ded0   0x00000088   Code   RO         7630    i.Send_AT_CIPRXGET  modulea7680c.o
    0x0800df58   0x0800df58   0x00000024   Code   RO         7632    i.Send_AT_CSQ       modulea7680c.o
    0x0800df7c   0x0800df7c   0x0000001c   Code   RO         7633    i.Send_AT_EnterATCmd  modulea7680c.o
    0x0800df98   0x0800df98   0x0000002c   Code   RO         7634    i.Send_AT_GET       modulea7680c.o
    0x0800dfc4   0x0800dfc4   0x00000028   Code   RO         7635    i.Send_AT_HTTPINIT  modulea7680c.o
    0x0800dfec   0x0800dfec   0x00000088   Code   RO         7636    i.Send_AT_HTTPPAR   modulea7680c.o
    0x0800e074   0x0800e074   0x00000028   Code   RO         7638    i.Send_AT_HTTPTERM  modulea7680c.o
    0x0800e09c   0x0800e09c   0x00000028   Code   RO         7639    i.Send_AT_NETCLOSE  modulea7680c.o
    0x0800e0c4   0x0800e0c4   0x00000028   Code   RO         7640    i.Send_AT_NETOPEN   modulea7680c.o
    0x0800e0ec   0x0800e0ec   0x00000028   Code   RO         7641    i.Send_AT_NOTCIPMODE  modulea7680c.o
    0x0800e114   0x0800e114   0x00000080   Code   RO         7642    i.Send_AT_READ      modulea7680c.o
    0x0800e194   0x0800e194   0x00000028   Code   RO         7643    i.Send_AT_SetCIPRXGET  modulea7680c.o
    0x0800e1bc   0x0800e1bc   0x00000008   Code   RO          402    i.SetSysClock       system_at32f4xx.o
    0x0800e1c4   0x0800e1c4   0x0000011c   Code   RO          403    i.SetSysClockTo144M  system_at32f4xx.o
    0x0800e2e0   0x0800e2e0   0x0000002a   Code   RO         9505    i.SetVariColor      dwinprotocol.o
    0x0800e30a   0x0800e30a   0x00000002   PAD
    0x0800e30c   0x0800e30c   0x000000f8   Code   RO         5985    i.Set_V_Zero        hlw8112-spi.o
    0x0800e404   0x0800e404   0x0000006c   Code   RO         9151    i.Set_judge_rete_info  dwin_com_pro.o
    0x0800e470   0x0800e470   0x000000c4   Code   RO         5986    i.Set_underVoltage  hlw8112-spi.o
    0x0800e534   0x0800e534   0x00000090   Code   RO         8368    i.Spi_Flash_Io_Init  spi_flash.o
    0x0800e5c4   0x0800e5c4   0x00000020   Code   RO         9152    i.StoreRecodeCurNum  dwin_com_pro.o
    0x0800e5e4   0x0800e5e4   0x00000052   Code   RO         9153    i.StrToHex          dwin_com_pro.o
    0x0800e636   0x0800e636   0x00000066   Code   RO         7371    i.String2Hex        hyframe.o
    0x0800e69c   0x0800e69c   0x0000000a   Code   RO         6872    i.Swap              cp.o
    0x0800e6a6   0x0800e6a6   0x00000028   Code   RO         1021    i.SysTick_CLKSourceConfig  misc.o
    0x0800e6ce   0x0800e6ce   0x00000002   PAD
    0x0800e6d0   0x0800e6d0   0x00000040   Code   RO         5812    i.SysTick_Handler   delay.o
    0x0800e710   0x0800e710   0x0000009c   Code   RO          405    i.SystemInit        system_at32f4xx.o
    0x0800e7ac   0x0800e7ac   0x0000004c   Code   RO         5924    i.SystemReset       device.o
    0x0800e7f8   0x0800e7f8   0x000000a8   Code   RO         6152    i.TIM2_PWM_Conrtol  timer.o
    0x0800e8a0   0x0800e8a0   0x00000060   Code   RO         6153    i.TIM3_Int_Init     timer.o
    0x0800e900   0x0800e900   0x00000060   Code   RO         6154    i.TIM4_Int_Init     timer.o
    0x0800e960   0x0800e960   0x00000080   Code   RO         6155    i.TMR3_GLOBAL_IRQHandler  timer.o
    0x0800e9e0   0x0800e9e0   0x000000dc   Code   RO         6156    i.TMR4_GLOBAL_IRQHandler  timer.o
    0x0800eabc   0x0800eabc   0x00000018   Code   RO         2453    i.TMR_Cmd           at32f4xx_tim.o
    0x0800ead4   0x0800ead4   0x00000094   Code   RO         2487    i.TMR_OC2Init       at32f4xx_tim.o
    0x0800eb68   0x0800eb68   0x0000001a   Code   RO         2490    i.TMR_OC2PreloadConfig  at32f4xx_tim.o
    0x0800eb82   0x0800eb82   0x00000014   Code   RO         2500    i.TMR_OCStructInit  at32f4xx_tim.o
    0x0800eb96   0x0800eb96   0x00000002   PAD
    0x0800eb98   0x0800eb98   0x00000058   Code   RO         2525    i.TMR_TimeBaseInit  at32f4xx_tim.o
    0x0800ebf0   0x0800ebf0   0x00000012   Code   RO         2526    i.TMR_TimeBaseStructInit  at32f4xx_tim.o
    0x0800ec02   0x0800ec02   0x00000002   PAD
    0x0800ec04   0x0800ec04   0x00000034   Code   RO         9154    i.Time_charging     dwin_com_pro.o
    0x0800ec38   0x0800ec38   0x0000007c   Code   RO         9155    i.Timing_charging   dwin_com_pro.o
    0x0800ecb4   0x0800ecb4   0x000000a8   Code   RO         5622    i.UART14Ginit       uart1.o
    0x0800ed5c   0x0800ed5c   0x0000001a   Code   RO         5623    i.UART1SENDBUF      uart1.o
    0x0800ed76   0x0800ed76   0x00000002   PAD
    0x0800ed78   0x0800ed78   0x0000001c   Code   RO         5624    i.UART1SendByte     uart1.o
    0x0800ed94   0x0800ed94   0x000000a4   Code   RO         5702    i.UART2Dispinit     uart2.o
    0x0800ee38   0x0800ee38   0x0000001a   Code   RO         5703    i.UART2SENDBUF      uart2.o
    0x0800ee52   0x0800ee52   0x00000002   PAD
    0x0800ee54   0x0800ee54   0x0000001c   Code   RO         5704    i.UART2SendByte     uart2.o
    0x0800ee70   0x0800ee70   0x00000048   Code   RO         5757    i.UART3SENDBUF      485_1.o
    0x0800eeb8   0x0800eeb8   0x0000001c   Code   RO         5758    i.UART3SendByte     485_1.o
    0x0800eed4   0x0800eed4   0x000000cc   Code   RO         5759    i.UART3init         485_1.o
    0x0800efa0   0x0800efa0   0x00000050   Code   RO         7030    i.UART_4GWrite      4gmain.o
    0x0800eff0   0x0800eff0   0x00000054   Code   RO         5625    i.USART1_IRQHandler  uart1.o
    0x0800f044   0x0800f044   0x0000019c   Code   RO         5626    i.USART1_RecvDispose  uart1.o
    0x0800f1e0   0x0800f1e0   0x00000054   Code   RO         5705    i.USART2_IRQHandler  uart2.o
    0x0800f234   0x0800f234   0x00000034   Code   RO         5706    i.USART2_RecvDispose  uart2.o
    0x0800f268   0x0800f268   0x00000012   Code   RO         9699    i.USART3_485send    dlt645_port.o
    0x0800f27a   0x0800f27a   0x00000002   PAD
    0x0800f27c   0x0800f27c   0x00000054   Code   RO         5760    i.USART3_IRQHandler  485_1.o
    0x0800f2d0   0x0800f2d0   0x00000034   Code   RO         5761    i.USART3_RecvDispose  485_1.o
    0x0800f304   0x0800f304   0x0000001e   Code   RO          838    i.USART_ClearITPendingBit  at32f4xx_usart.o
    0x0800f322   0x0800f322   0x00000018   Code   RO          841    i.USART_Cmd         at32f4xx_usart.o
    0x0800f33a   0x0800f33a   0x00000054   Code   RO          844    i.USART_GetITStatus  at32f4xx_usart.o
    0x0800f38e   0x0800f38e   0x0000004a   Code   RO          846    i.USART_INTConfig   at32f4xx_usart.o
    0x0800f3d8   0x0800f3d8   0x000000e8   Code   RO          847    i.USART_Init        at32f4xx_usart.o
    0x0800f4c0   0x0800f4c0   0x0000000a   Code   RO          852    i.USART_ReceiveData  at32f4xx_usart.o
    0x0800f4ca   0x0800f4ca   0x00000002   PAD
    0x0800f4cc   0x0800f4cc   0x00000074   Code   RO         9156    i.Unlock_Transactionrecord  dwin_com_pro.o
    0x0800f540   0x0800f540   0x000001b8   Code   RO         8001    i.Unlock_settlement  read_nuid.o
    0x0800f6f8   0x0800f6f8   0x00000050   Code   RO         9157    i.Unlock_settlementrecord  dwin_com_pro.o
    0x0800f748   0x0800f748   0x00000004   Code   RO          305    i.UsageFault_Handler  at32f4xx_it.o
    0x0800f74c   0x0800f74c   0x0000005c   Code   RO         9158    i.WriterFmBill      dwin_com_pro.o
    0x0800f7a8   0x0800f7a8   0x0000026c   Code   RO         7944    i.ZF_SendBill       zfframe.o
    0x0800fa14   0x0800fa14   0x000001fc   Code   RO         7945    i.ZF_SendDevState   zfframe.o
    0x0800fc10   0x0800fc10   0x000000c0   Code   RO         7946    i.ZF_SendFrameDispose  zfframe.o
    0x0800fcd0   0x0800fcd0   0x00000048   Code   RO         7947    i.ZF_SendHear       zfframe.o
    0x0800fd18   0x0800fd18   0x000000c0   Code   RO         7948    i.ZF_SendRegister   zfframe.o
    0x0800fdd8   0x0800fdd8   0x00000048   Code   RO         7949    i.ZF_SendStartCharge  zfframe.o
    0x0800fe20   0x0800fe20   0x00000014   Code   RO         7031    i._4G_GetStartType  4gmain.o
    0x0800fe34   0x0800fe34   0x00000010   Code   RO         7032    i._4G_RecvFrameDispose  4gmain.o
    0x0800fe44   0x0800fe44   0x00000016   Code   RO         7033    i._4G_SendBill      4gmain.o
    0x0800fe5a   0x0800fe5a   0x0000000e   Code   RO         7034    i._4G_SendCardInfo  4gmain.o
    0x0800fe68   0x0800fe68   0x00000006   Code   RO         7035    i._4G_SendCardVinCharge  4gmain.o
    0x0800fe6e   0x0800fe6e   0x0000000e   Code   RO         7036    i._4G_SendDevState  4gmain.o
    0x0800fe7c   0x0800fe7c   0x0000000a   Code   RO         7037    i._4G_SendFrameDispose  4gmain.o
    0x0800fe86   0x0800fe86   0x00000004   Code   RO         7038    i._4G_SendQueryRate  4gmain.o
    0x0800fe8a   0x0800fe8a   0x0000000e   Code   RO         7039    i._4G_SendRateAck   4gmain.o
    0x0800fe98   0x0800fe98   0x00000004   Code   RO         7040    i._4G_SendRateMode  4gmain.o
    0x0800fe9c   0x0800fe9c   0x00000004   Code   RO         7041    i._4G_SendSetTimeAck  4gmain.o
    0x0800fea0   0x0800fea0   0x00000004   Code   RO         7042    i._4G_SendSetftpudataAck  4gmain.o
    0x0800fea4   0x0800fea4   0x0000000e   Code   RO         7043    i._4G_SendStartAck  4gmain.o
    0x0800feb2   0x0800feb2   0x0000000e   Code   RO         7044    i._4G_SendStopAck   4gmain.o
    0x0800fec0   0x0800fec0   0x00000006   Code   RO         7045    i._4G_SendVinInfo   4gmain.o
    0x0800fec6   0x0800fec6   0x0000001e   Code   RO         7046    i._4G_SetStartType  4gmain.o
    0x0800fee4   0x0800fee4   0x00000028   Code   RO         7372    i._HY_RestUpdataData  hyframe.o
    0x0800ff0c   0x0800ff0c   0x00000012   Code   RO         8161    i._RC522_delay_ns   rc522.o
    0x0800ff1e   0x0800ff1e   0x00000002   PAD
    0x0800ff20   0x0800ff20   0x00000020   Code   RO         9966    i.__0printf$8       mc_w.l(printf8.o)
    0x0800ff40   0x0800ff40   0x00000034   Code   RO         9967    i.__0snprintf$8     mc_w.l(printf8.o)
    0x0800ff74   0x0800ff74   0x00000008   Code   RO        10080    i.__aeabi_errno_addr  mc_w.l(errno.o)
    0x0800ff7c   0x0800ff7c   0x0000000e   Code   RO        10132    i.__scatterload_copy  mc_w.l(handlers.o)
    0x0800ff8a   0x0800ff8a   0x00000002   Code   RO        10133    i.__scatterload_null  mc_w.l(handlers.o)
    0x0800ff8c   0x0800ff8c   0x0000000e   Code   RO        10134    i.__scatterload_zeroinit  mc_w.l(handlers.o)
    0x0800ff9a   0x0800ff9a   0x00000002   PAD
    0x0800ff9c   0x0800ff9c   0x00000404   Code   RO         9973    i._printf_core      mc_w.l(printf8.o)
    0x080103a0   0x080103a0   0x00000024   Code   RO         9974    i._printf_post_padding  mc_w.l(printf8.o)
    0x080103c4   0x080103c4   0x0000002e   Code   RO         9975    i._printf_pre_padding  mc_w.l(printf8.o)
    0x080103f2   0x080103f2   0x00000016   Code   RO         9976    i._snputc           mc_w.l(printf8.o)
    0x08010408   0x08010408   0x000000e8   Code   RO         6245    i.adc_init          adc.o
    0x080104f0   0x080104f0   0x00000038   Code   RO         8002    i.app_read_nuid     read_nuid.o
    0x08010528   0x08010528   0x0000005c   Code   RO         6525    i.ch_charging       chproc.o
    0x08010584   0x08010584   0x0000005e   Code   RO         6526    i.ch_cplt_func      chproc.o
    0x080105e2   0x080105e2   0x00000002   PAD
    0x080105e4   0x080105e4   0x0000002c   Code   RO         6527    i.ch_ctl_disable    chproc.o
    0x08010610   0x08010610   0x0000002c   Code   RO         6528    i.ch_ctl_enable     chproc.o
    0x0801063c   0x0801063c   0x000000b8   Code   RO         6762    i.ch_cycle_get_8112  chtask.o
    0x080106f4   0x080106f4   0x00000058   Code   RO         6530    i.ch_fault_proc     chproc.o
    0x0801074c   0x0801074c   0x00000098   Code   RO         6763    i.ch_from_ctl_msg   chtask.o
    0x080107e4   0x080107e4   0x00000098   Code   RO         6764    i.ch_get_cp_state_info  chtask.o
    0x0801087c   0x0801087c   0x00000104   Code   RO         6873    i.ch_get_cp_volt    cp.o
    0x08010980   0x08010980   0x000000ec   Code   RO         6531    i.ch_info_update    chproc.o
    0x08010a6c   0x08010a6c   0x00000080   Code   RO         6532    i.ch_insert_proc    chproc.o
    0x08010aec   0x08010aec   0x00000074   Code   RO         6533    i.ch_is_cp_off      chproc.o
    0x08010b60   0x08010b60   0x00000082   Code   RO         6534    i.ch_is_end_condition  chproc.o
    0x08010be2   0x08010be2   0x0000000e   Code   RO         6535    i.ch_is_fault       chproc.o
    0x08010bf0   0x08010bf0   0x0000002c   Code   RO         6536    i.ch_is_insert      chproc.o
    0x08010c1c   0x08010c1c   0x00000084   Code   RO         6538    i.ch_is_low_current_9V  chproc.o
    0x08010ca0   0x08010ca0   0x000000bc   Code   RO         6539    i.ch_is_over_current  chproc.o
    0x08010d5c   0x08010d5c   0x000000bc   Code   RO         6540    i.ch_is_over_volt   chproc.o
    0x08010e18   0x08010e18   0x00000058   Code   RO         6541    i.ch_is_start       chproc.o
    0x08010e70   0x08010e70   0x00000154   Code   RO         6542    i.ch_is_stp         chproc.o
    0x08010fc4   0x08010fc4   0x00000084   Code   RO         6543    i.ch_is_under_cp9v  chproc.o
    0x08011048   0x08011048   0x000000bc   Code   RO         6544    i.ch_is_under_volt  chproc.o
    0x08011104   0x08011104   0x00000018   Code   RO         6545    i.ch_jump_new_stat  chproc.o
    0x0801111c   0x0801111c   0x00000058   Code   RO         6546    i.ch_loop_proc      chproc.o
    0x08011174   0x08011174   0x00000074   Code   RO         6765    i.ch_msg_proc       chtask.o
    0x080111e8   0x080111e8   0x00000024   Code   RO         6547    i.ch_precharge      chproc.o
    0x0801120c   0x0801120c   0x00000084   Code   RO         6548    i.ch_standy_proc    chproc.o
    0x08011290   0x08011290   0x00000098   Code   RO         6549    i.ch_start_func     chproc.o
    0x08011328   0x08011328   0x00000032   Code   RO         6550    i.ch_stop_func      chproc.o
    0x0801135a   0x0801135a   0x00000002   PAD
    0x0801135c   0x0801135c   0x00000014   Code   RO         6766    i.ch_task_cycle_proc  chtask.o
    0x08011370   0x08011370   0x00000058   Code   RO         6767    i.ch_task_init      chtask.o
    0x080113c8   0x080113c8   0x00000018   Code   RO         6768    i.ch_task_tcu_msg_proc  chtask.o
    0x080113e0   0x080113e0   0x0000006c   Code   RO         6551    i.ch_wait_car_ready  chproc.o
    0x0801144c   0x0801144c   0x00000030   Code   RO         6769    i.ch_wait_msg       chtask.o
    0x0801147c   0x0801147c   0x0000000e   Code   RO         6552    i.ch_wait_stop      chproc.o
    0x0801148a   0x0801148a   0x0000000c   Code   RO         6553    i.cp_pwm_ch_puls    chproc.o
    0x08011496   0x08011496   0x0000000a   Code   RO         6554    i.cp_pwm_full       chproc.o
    0x080114a0   0x080114a0   0x00000070   Code   RO         5813    i.delay_init        delay.o
    0x08011510   0x08011510   0x00000050   Code   RO         5814    i.delay_m           delay.o
    0x08011560   0x08011560   0x0000000a   Code   RO         5815    i.delay_osschedlock  delay.o
    0x0801156a   0x0801156a   0x0000000a   Code   RO         5816    i.delay_osschedunlock  delay.o
    0x08011574   0x08011574   0x00000010   Code   RO         5817    i.delay_ostimedly   delay.o
    0x08011584   0x08011584   0x00000058   Code   RO         5818    i.delay_u           delay.o
    0x080115dc   0x080115dc   0x000002fc   Code   RO         9159    i.dwin_show         dwin_com_pro.o
    0x080118d8   0x080118d8   0x000000b0   Code   RO         9160    i.dwin_show_record  dwin_com_pro.o
    0x08011988   0x08011988   0x000002dc   Code   RO         9161    i.dwin_show_state   dwin_com_pro.o
    0x08011c64   0x08011c64   0x00000124   Code   RO         6555    i.electricity_err   chproc.o
    0x08011d88   0x08011d88   0x000000cc   Code   RO         6323    i.ertc              ertc.o
    0x08011e54   0x08011e54   0x00000050   Code   RO         8315    i.fal_partition_read  flashdispos.o
    0x08011ea4   0x08011ea4   0x00000050   Code   RO         8316    i.fal_partition_write  flashdispos.o
    0x08011ef4   0x08011ef4   0x000002f4   Code   RO         9162    i.flash_para_init   dwin_com_pro.o
    0x080121e8   0x080121e8   0x00000006   Code   RO         3073    i.fputc             at32_board.o
    0x080121ee   0x080121ee   0x0000001c   Code   RO         7373    i.get_crc_Data      hyframe.o
    0x0801220a   0x0801220a   0x00000002   PAD
    0x0801220c   0x0801220c   0x000001dc   Code   RO         6556    i.get_q_money       chproc.o
    0x080123e8   0x080123e8   0x0000004c   Code   RO         9163    i.get_reset_curcharge  dwin_com_pro.o
    0x08012434   0x08012434   0x0000008c   Code   RO         6770    i.io_input_period   chtask.o
    0x080124c0   0x080124c0   0x00000024   Code   RO         9165    i.judge_rete_info   dwin_com_pro.o
    0x080124e4   0x080124e4   0x00000064   Code   RO            9    i.main              main.o
    0x08012548   0x08012548   0x00000038   Code   RO         8003    i.mode5             read_nuid.o
    0x08012580   0x08012580   0x00000054   Code   RO         6557    i.money_not_enough  chproc.o
    0x080125d4   0x080125d4   0x00000020   Code   RO         6930    i.mq_service_485Uart_send_recv  mq_service.o
    0x080125f4   0x080125f4   0x00000020   Code   RO         6931    i.mq_service_4GUart_send_recv  mq_service.o
    0x08012614   0x08012614   0x00000020   Code   RO         6932    i.mq_service_card_send_disp  mq_service.o
    0x08012634   0x08012634   0x00000020   Code   RO         6933    i.mq_service_ch_send_dip  mq_service.o
    0x08012654   0x08012654   0x00000020   Code   RO         6934    i.mq_service_dwinrecv_send_disp  mq_service.o
    0x08012674   0x08012674   0x00000044   Code   RO         6935    i.mq_service_moduleid_exist  mq_service.o
    0x080126b8   0x080126b8   0x00000072   Code   RO         6936    i.mq_service_recv_msg  mq_service.o
    0x0801272a   0x0801272a   0x00000002   PAD
    0x0801272c   0x0801272c   0x0000020c   Code   RO         6937    i.mq_service_send_msg  mq_service.o
    0x08012938   0x08012938   0x00000020   Code   RO         6938    i.mq_service_send_to_4gsend  mq_service.o
    0x08012958   0x08012958   0x00000024   Code   RO         6939    i.mq_service_xxx_send_msg_to_chtask  mq_service.o
    0x0801297c   0x0801297c   0x00000064   Code   RO         9166    i.passwordmodify    dwin_com_pro.o
    0x080129e0   0x080129e0   0x000000fc   Code   RO         8005    i.read_card_money   read_nuid.o
    0x08012adc   0x08012adc   0x0000006c   Code   RO         8006    i.read_card_type    read_nuid.o
    0x08012b48   0x08012b48   0x00000030   Code   RO         8007    i.read_lock_state   read_nuid.o
    0x08012b78   0x08012b78   0x000000dc   Code   RO         9167    i.rest_charge_dispose  dwin_com_pro.o
    0x08012c54   0x08012c54   0x00000050   Code   RO         9168    i.rt_dwin_period_entry  dwin_com_pro.o
    0x08012ca4   0x08012ca4   0x00000228   Code   RO         9169    i.rt_dwin_state_dispose  dwin_com_pro.o
    0x08012ecc   0x08012ecc   0x00000042   Code   RO         9170    i.send_ch_ctl_msg   dwin_com_pro.o
    0x08012f0e   0x08012f0e   0x00000026   Code   RO         8008    i.set_CardMCUID     read_nuid.o
    0x08012f34   0x08012f34   0x00000048   Code   RO         6324    i.set_date          ertc.o
    0x08012f7c   0x08012f7c   0x00000044   Code   RO         6325    i.set_time          ertc.o
    0x08012fc0   0x08012fc0   0x00000080   Code   RO         6246    i.short_Cheack      adc.o
    0x08013040   0x08013040   0x0000002c   Code   RO         8010    i.show_Notcalculated  read_nuid.o
    0x0801306c   0x0801306c   0x00000040   Code   RO         9080    i.show_fail         dispshowstatus.o
    0x080130ac   0x080130ac   0x0000003c   Code   RO         9507    i.simulation_Print  dwinprotocol.o
    0x080130e8   0x080130e8   0x00000164   Code   RO         8011    i.slotcard_state    read_nuid.o
    0x0801324c   0x0801324c   0x00000410   Code   RO         8012    i.start_change_card  read_nuid.o
    0x0801365c   0x0801365c   0x000001c4   Code   RO         8013    i.startchargUnlock  read_nuid.o
    0x08013820   0x08013820   0x000001c8   Code   RO         8014    i.stop_change_card  read_nuid.o
    0x080139e8   0x080139e8   0x000000a4   Code   RO         6463    i.time              ch_port.o
    0x08013a8c   0x08013a8c   0x000000f6   Code   RO         9171    i.timeSert          dwin_com_pro.o
    0x08013b82   0x08013b82   0x00000002   PAD
    0x08013b84   0x08013b84   0x0000002c   Code   RO         6464    i.time_cal_day      ch_port.o
    0x08013bb0   0x08013bb0   0x00000114   Code   RO         6157    i.uart_recvdispose  timer.o
    0x08013cc4   0x08013cc4   0x00000044   Code   RO         8015    i.writer_lock_state  read_nuid.o
    0x08013d08   0x08013d08   0x000000b8   Code   RO         6247    i.zhanlian_check    adc.o
    0x08013dc0   0x08013dc0   0x00000010   Data   RO          623    .constdata          at32f4xx_rcc.o
    0x08013dd0   0x08013dd0   0x00000094   Data   RO         3678    .constdata          os_cfg_app.o
    0x08013e64   0x08013e64   0x00000168   Data   RO         3916    .constdata          os_dbg.o
    0x08013fcc   0x08013fcc   0x00000013   Data   RO         6465    .constdata          ch_port.o
    0x08013fdf   0x08013fdf   0x00000001   PAD
    0x08013fe0   0x08013fe0   0x00000070   Data   RO         7375    .constdata          hyframe.o
    0x08014050   0x08014050   0x000000b0   Data   RO         7645    .constdata          modulea7680c.o
    0x08014100   0x08014100   0x0000009c   Data   RO         8317    .constdata          flashdispos.o
    0x0801419c   0x0801419c   0x00000210   Data   RO         9081    .constdata          dispshowstatus.o
    0x080143ac   0x080143ac   0x00000080   Data   RO         9173    .constdata          dwin_com_pro.o
    0x0801442c   0x0801442c   0x00000081   Data   RO        10099    .constdata          mc_w.l(ctype_o.o)
    0x080144ad   0x080144ad   0x00000003   PAD
    0x080144b0   0x080144b0   0x00000004   Data   RO        10100    .constdata          mc_w.l(ctype_o.o)
    0x080144b4   0x080144b4   0x00000137   Data   RO         7646    .conststring        modulea7680c.o
    0x080145eb   0x080145eb   0x00000001   PAD
    0x080145ec   0x080145ec   0x00000195   Data   RO         9082    .conststring        dispshowstatus.o
    0x08014781   0x08014781   0x00000003   PAD
    0x08014784   0x08014784   0x00000020   Data   RO        10130    Region$$Table       anon$$obj.o


    Execution Region RW_IRAM1 (Exec base: 0x20000000, Load base: 0x080147a4, Size: 0x00007210, Max: 0x00008000, ABSOLUTE, COMPRESSED[0x00000210])

    Exec Addr    Load Addr    Size         Type   Attr      Idx    E Section Name        Object

    0x20000000   COMPRESSED   0x00000042   Data   RW           11    .data               main.o
    0x20000042   COMPRESSED   0x00000002   PAD
    0x20000044   COMPRESSED   0x00000014   Data   RW          406    .data               system_at32f4xx.o
    0x20000058   COMPRESSED   0x00000049   Data   RW         3074    .data               at32_board.o
    0x200000a1   COMPRESSED   0x00000003   PAD
    0x200000a4   COMPRESSED   0x00000004   Data   RW         3194    .data               os_cpu_c.o
    0x200000a8   COMPRESSED   0x00000008   Data   RW         4162    .data               os_prio.o
    0x200000b0   COMPRESSED   0x000000c4   Data   RW         4720    .data               os_var.o
    0x20000174   COMPRESSED   0x00000004   Data   RW         4805    .data               cpu_core.o
    0x20000178   COMPRESSED   0x00000009   Data   RW         5628    .data               uart1.o
    0x20000181   COMPRESSED   0x00000001   PAD
    0x20000182   COMPRESSED   0x00000004   Data   RW         5819    .data               delay.o
    0x20000186   COMPRESSED   0x00000002   PAD
    0x20000188   COMPRESSED   0x000000b9   Data   RW         5988    .data               hlw8112-spi.o
    0x20000241   COMPRESSED   0x00000001   PAD
    0x20000242   COMPRESSED   0x00000009   Data   RW         6159    .data               timer.o
    0x2000024b   COMPRESSED   0x00000001   PAD
    0x2000024c   COMPRESSED   0x00000004   Data   RW         6249    .data               adc.o
    0x20000250   COMPRESSED   0x0000001c   Data   RW         6327    .data               ertc.o
    0x2000026c   COMPRESSED   0x00000020   Data   RW         6558    .data               chproc.o
    0x2000028c   COMPRESSED   0x00000034   Data   RW         6772    .data               chtask.o
    0x200002c0   COMPRESSED   0x00000002   Data   RW         6941    .data               mq_service.o
    0x200002c2   COMPRESSED   0x00000002   PAD
    0x200002c4   COMPRESSED   0x0000005e   Data   RW         7048    .data               4gmain.o
    0x20000322   COMPRESSED   0x00000002   PAD
    0x20000324   COMPRESSED   0x00000039   Data   RW         7244    .data               4grecv.o
    0x2000035d   COMPRESSED   0x00000003   PAD
    0x20000360   COMPRESSED   0x00000008   Data   RW         7282    .data               4gsend.o
    0x20000368   COMPRESSED   0x00000044   Data   RW         7376    .data               hyframe.o
    0x200003ac   COMPRESSED   0x00000019   Data   RW         7647    .data               modulea7680c.o
    0x200003c5   COMPRESSED   0x00000003   PAD
    0x200003c8   COMPRESSED   0x00000030   Data   RW         7950    .data               zfframe.o
    0x200003f8   COMPRESSED   0x0000000c   Data   RW         8017    .data               read_nuid.o
    0x20000404   COMPRESSED   0x00000006   Data   RW         8162    .data               rc522.o
    0x2000040a   COMPRESSED   0x00000002   PAD
    0x2000040c   COMPRESSED   0x00000005   Data   RW         8372    .data               spi_flash.o
    0x20000411   COMPRESSED   0x00000003   PAD
    0x20000414   COMPRESSED   0x0000000c   Data   RW         8595    .data               dispkey.o
    0x20000420   COMPRESSED   0x00000004   Data   RW         8859    .data               dispkeyfunction.o
    0x20000424   COMPRESSED   0x0000003b   Data   RW         9174    .data               dwin_com_pro.o
    0x2000045f   COMPRESSED   0x00000001   PAD
    0x20000460   COMPRESSED   0x000002e4   Data   RW         9679    .data               menudisp .o
    0x20000744   COMPRESSED   0x00000004   PAD
    0x20000748   COMPRESSED   0x00000028   Data   RW         9701    .data               dlt645_port.o
    0x20000770   COMPRESSED   0x00000004   Data   RW         9752    .data               mc_w.l(strtok.o)
    0x20000774   COMPRESSED   0x00000004   Data   RW        10083    .data               mc_w.l(errno.o)
    0x20000778        -       0x00001af0   Zero   RW           10    .bss                main.o
    0x20002268        -       0x0000002c   Zero   RW          306    .bss                at32f4xx_it.o
    0x20002294        -       0x00000d20   Zero   RW         3677    .bss                os_cfg_app.o
    0x20002fb4        -       0x00000618   Zero   RW         4719    .bss                os_var.o
    0x200035cc        -       0x00000010   Zero   RW         4803    .bss                cpu_core.o
    0x200035dc        -       0x0000018c   Zero   RW         5627    .bss                uart1.o
    0x20003768        -       0x00000038   Zero   RW         5707    .bss                uart2.o
    0x200037a0        -       0x00000038   Zero   RW         5762    .bss                485_1.o
    0x200037d8        -       0x000000c4   Zero   RW         6158    .bss                timer.o
    0x2000389c        -       0x0000011c   Zero   RW         6248    .bss                adc.o
    0x200039b8        -       0x0000000c   Zero   RW         6326    .bss                ertc.o
    0x200039c4        -       0x000002d4   Zero   RW         6771    .bss                chtask.o
    0x20003c98        -       0x000000c8   Zero   RW         6874    .bss                cp.o
    0x20003d60        -       0x0000072c   Zero   RW         6940    .bss                mq_service.o
    0x2000448c        -       0x000001a8   Zero   RW         7047    .bss                4gmain.o
    0x20004634        -       0x000004de   Zero   RW         7243    .bss                4grecv.o
    0x20004b12   COMPRESSED   0x00000002   PAD
    0x20004b14        -       0x00000292   Zero   RW         7281    .bss                4gsend.o
    0x20004da6        -       0x00000676   Zero   RW         7374    .bss                hyframe.o
    0x2000541c        -       0x00000011   Zero   RW         7644    .bss                modulea7680c.o
    0x2000542d   COMPRESSED   0x00000003   PAD
    0x20005430        -       0x00000074   Zero   RW         8016    .bss                read_nuid.o
    0x200054a4        -       0x00001000   Zero   RW         8371    .bss                spi_flash.o
    0x200064a4        -       0x000007fa   Zero   RW         9172    .bss                dwin_com_pro.o
    0x20006c9e        -       0x000000c9   Zero   RW         9508    .bss                dwinprotocol.o
    0x20006d67   COMPRESSED   0x00000001   PAD
    0x20006d68        -       0x000000a4   Zero   RW         9700    .bss                dlt645_port.o
    0x20006e0c   COMPRESSED   0x00000004   PAD
    0x20006e10        -       0x00000400   Zero   RW          448    STACK               startup_at32f415cbt7.o


==============================================================================

Image component sizes


      Code (inc. data)   RO Data    RW Data    ZI Data      Debug   Object Name

       440         38          0          0         56       6482   485_1.o
      1266        110          0         94        424      22373   4gmain.o
       760         96          0         57       1246       3003   4grecv.o
       800         96          0          8        658       3187   4gsend.o
       902         84          0          4        284       6611   adc.o
         6          0          0         73          0       3791   at32_board.o
       408         10          0          0          0       9335   at32f4xx_adc.o
       442          8          0          0          0       4707   at32f4xx_dma.o
      1110         76          0          0          0      10917   at32f4xx_ertc.o
       148          6          0          0          0       1252   at32f4xx_exti.o
      1332         16          0          0          0       6505   at32f4xx_gpio.o
       128          6          0          0         44      19616   at32f4xx_it.o
        16          6          0          0          0        597   at32f4xx_iwdg.o
        12          6          0          0          0        639   at32f4xx_pwr.o
      1220        140         16          0          0      11022   at32f4xx_rcc.o
       324         20          0          0          0       4958   at32f4xx_tim.o
       454          6          0          0          0       6569   at32f4xx_usart.o
        92         14          0          0          0       2453   bsp.o
       208          8         19          0          0       6116   ch_port.o
      3764        388          0         32          0      25440   chproc.o
      1324        276          0         52        724      13149   chtask.o
       354         20          0          0        200       3058   cp.o
        52          0          0          0          0        460   cpu_a.o
       100         18          0          4         16       5329   cpu_core.o
       380         40          0          4          0       7087   delay.o
       484         28          0          0          0      32691   device.o
      2570        348          0         12          0      23635   dispkey.o
       158         14          0          4          0      20028   dispkeyfunction.o
       352         28        933          0          0       4067   dispshowstatus.o
      1278        166          0         40        164       3069   dlt645_port.o
     12310       1676        128         59       2042      51721   dwin_com_pro.o
       718         20          0          0        201      11502   dwinprotocol.o
       710        186          0         28         12       5846   ertc.o
       160         12        156          0          0       2508   flashdispos.o
      2900        708          0        185          0      13520   hlw8112-spi.o
      5424        454        112         68       1654      35772   hyframe.o
         0          0          0          0          0       7968   lib_ascii.o
         0          0          0          0          0       1589   lib_math.o
       102          0          0          0          0       2140   lib_mem.o
      1248        346          0         66       6896     394168   main.o
         0          0          0        740          0       1526   menudisp .o
       172         22          0          0          0       2593   misc.o
      6310       1436        487         25         17      39063   modulea7680c.o
       934         54          0          2       1836       9326   mq_service.o
         2          0        148          0       3360      19799   os_cfg_app.o
      2578        362          0          0          0      21690   os_core.o
       152         32          0          0          0        516   os_cpu_a.o
       552         60          0          4          0       8837   os_cpu_c.o
       424        278        360          0          0       5069   os_dbg.o
        24         10          0          0          0       1106   os_flag.o
        24         10          0          0          0       1105   os_mem.o
       570         32          0          0          0       4758   os_msg.o
      1172         78          0          0          0       5120   os_mutex.o
       136         16          0          8          0       3454   os_prio.o
      1018         56          0          0          0       6287   os_q.o
        24         10          0          0          0       1097   os_sem.o
      1484        190          0          0          0       4431   os_stat.o
      2958        168          0          0          0      14229   os_task.o
      1088         92          0          0          0       7114   os_tick.o
       304         36          0          0          0       2713   os_time.o
       570        142          0          0          0       4683   os_tmr.o
         0          0          0        196       1560      18156   os_var.o
      2426         60          0          6          0      20672   rc522.o
      3978        392          0         12        116      16038   read_nuid.o
      1318        104          0          5       4096      11727   spi_flash.o
        36          8        368          0       1024        964   startup_at32f415cbt7.o
       448         52          0         20          0       2543   system_at32f4xx.o
       984        126          0          9        196      29819   timer.o
       718         92          0          9        396      10347   uart1.o
       354         30          0          0         56       6434   uart2.o
      1656         52          0         48          0       5525   zfframe.o

    ----------------------------------------------------------------------
     76956       9474       2764       1904      27288    1081621   Object Totals
         0          0         32          0          0          0   (incl. Generated)
        86          0          5         30         10          0   (incl. Padding)

    ----------------------------------------------------------------------

      Code (inc. data)   RO Data    RW Data    ZI Data      Debug   Library Member Name

        86          0          0          0          0          0   __dczerorl2.o
        28          0          0          0          0         68   _chval.o
       158          0          0          0          0         92   _strtoul.o
        26          0          0          0          0         80   atoi.o
         8          4        133          0          0         68   ctype_o.o
         0          0          0          0          0          0   entry.o
         0          0          0          0          0          0   entry10a.o
         0          0          0          0          0          0   entry11a.o
         4          0          0          0          0          0   entry12b.o
         8          4          0          0          0          0   entry2.o
         4          0          0          0          0          0   entry5.o
         0          0          0          0          0          0   entry7b.o
         0          0          0          0          0          0   entry8b.o
         8          4          0          0          0          0   entry9a.o
         8          4          0          4          0         68   errno.o
        30          0          0          0          0          0   handlers.o
        36          8          0          0          0         68   init.o
         0          0          0          0          0          0   iusefp.o
        30          0          0          0          0         68   llshl.o
        36          0          0          0          0         68   llsshr.o
        32          0          0          0          0         68   llushr.o
        36          0          0          0          0         68   memcpya.o
        36          0          0          0          0        108   memseta.o
      1216         58          0          0          0        508   printf8.o
        14          0          0          0          0         68   strlen.o
        30          0          0          0          0         80   strncmp.o
        36          0          0          0          0         80   strstr.o
        68          6          0          4          0         80   strtok.o
       112          0          0          0          0         88   strtol.o
        98          0          0          0          0         92   uldiv.o
        48          0          0          0          0         68   cdcmple.o
        48          0          0          0          0         68   cdrcmple.o
        20          0          0          0          0         68   cfcmple.o
        20          0          0          0          0         68   cfrcmple.o
        56          0          0          0          0         88   d2f.o
       334          0          0          0          0        148   dadd.o
       222          0          0          0          0        100   ddiv.o
       186          0          0          0          0        176   depilogue.o
        50          0          0          0          0         76   dfixui.o
        26          0          0          0          0         76   dfltui.o
       228          0          0          0          0         96   dmul.o
        38          0          0          0          0         68   f2d.o
       176          0          0          0          0        140   fadd.o
       124          0          0          0          0         88   fdiv.o
       110          0          0          0          0        168   fepilogue.o
        40          0          0          0          0         68   ffixui.o
        10          0          0          0          0         68   ffltui.o
        28          0          0          0          0         84   ffltul.o
       100          0          0          0          0         76   fmul.o

    ----------------------------------------------------------------------
      4020         88        136          8          0       3612   Library Totals
         8          0          3          0          0          0   (incl. Padding)

    ----------------------------------------------------------------------

      Code (inc. data)   RO Data    RW Data    ZI Data      Debug   Library Name

      2148         88        133          8          0       1820   mc_w.l
      1864          0          0          0          0       1792   mf_w.l

    ----------------------------------------------------------------------
      4020         88        136          8          0       3612   Library Totals

    ----------------------------------------------------------------------

==============================================================================


      Code (inc. data)   RO Data    RW Data    ZI Data      Debug   

     80976       9562       2900       1912      27288    1050209   Grand Totals
     80976       9562       2900        528      27288    1050209   ELF Image Totals (compressed)
     80976       9562       2900        528          0          0   ROM Totals

==============================================================================

    Total RO  Size (Code + RO Data)                83876 (  81.91kB)
    Total RW  Size (RW Data + ZI Data)             29200 (  28.52kB)
    Total ROM Size (Code + RO Data + RW Data)      84404 (  82.43kB)

==============================================================================

